Component: ARM Compiler 5.06 update 7 (build 960) Tool: armlink [4d3601]

==============================================================================

Section Cross References

    startup_stm32f103xb.o(RESET) refers to startup_stm32f103xb.o(STACK) for __initial_sp
    startup_stm32f103xb.o(RESET) refers to startup_stm32f103xb.o(.text) for Reset_Handler
    startup_stm32f103xb.o(RESET) refers to stm32f1xx_it.o(i.NMI_Handler) for NMI_Handler
    startup_stm32f103xb.o(RESET) refers to stm32f1xx_it.o(i.HardFault_Handler) for HardFault_Handler
    startup_stm32f103xb.o(RESET) refers to stm32f1xx_it.o(i.MemManage_Handler) for MemManage_Handler
    startup_stm32f103xb.o(RESET) refers to stm32f1xx_it.o(i.BusFault_Handler) for BusFault_Handler
    startup_stm32f103xb.o(RESET) refers to stm32f1xx_it.o(i.UsageFault_Handler) for UsageFault_Handler
    startup_stm32f103xb.o(RESET) refers to port.o(.emb_text) for SVC_Handler
    startup_stm32f103xb.o(RESET) refers to stm32f1xx_it.o(i.DebugMon_Handler) for DebugMon_Handler
    startup_stm32f103xb.o(RESET) refers to stm32f1xx_it.o(i.SysTick_Handler) for SysTick_Handler
    startup_stm32f103xb.o(.text) refers to system_stm32f1xx.o(i.SystemInit) for SystemInit
    startup_stm32f103xb.o(.text) refers to entry.o(.ARM.Collect$$$$00000000) for __main
    main.o(i.SystemClock_Config) refers to memseta.o(.text) for __aeabi_memclr4
    main.o(i.SystemClock_Config) refers to stm32f1xx_hal_rcc.o(i.HAL_RCC_OscConfig) for HAL_RCC_OscConfig
    main.o(i.SystemClock_Config) refers to main.o(i.Error_Handler) for Error_Handler
    main.o(i.SystemClock_Config) refers to stm32f1xx_hal_rcc.o(i.HAL_RCC_ClockConfig) for HAL_RCC_ClockConfig
    main.o(i.SystemClock_Config) refers to stm32f1xx_hal_rcc_ex.o(i.HAL_RCCEx_PeriphCLKConfig) for HAL_RCCEx_PeriphCLKConfig
    main.o(i.main) refers to stm32f1xx_hal.o(i.HAL_Init) for HAL_Init
    main.o(i.main) refers to main.o(i.SystemClock_Config) for SystemClock_Config
    main.o(i.main) refers to gpio.o(i.MX_GPIO_Init) for MX_GPIO_Init
    main.o(i.main) refers to dma.o(i.MX_DMA_Init) for MX_DMA_Init
    main.o(i.main) refers to spi.o(i.MX_SPI1_Init) for MX_SPI1_Init
    main.o(i.main) refers to usart.o(i.MX_USART1_UART_Init) for MX_USART1_UART_Init
    main.o(i.main) refers to adc.o(i.MX_ADC1_Init) for MX_ADC1_Init
    main.o(i.main) refers to app_task.o(i.App_Task_FreeRTOSStart) for App_Task_FreeRTOSStart
    gpio.o(i.MX_GPIO_Init) refers to stm32f1xx_hal_gpio.o(i.HAL_GPIO_WritePin) for HAL_GPIO_WritePin
    gpio.o(i.MX_GPIO_Init) refers to stm32f1xx_hal_gpio.o(i.HAL_GPIO_Init) for HAL_GPIO_Init
    adc.o(i.HAL_ADC_MspDeInit) refers to stm32f1xx_hal_gpio.o(i.HAL_GPIO_DeInit) for HAL_GPIO_DeInit
    adc.o(i.HAL_ADC_MspDeInit) refers to stm32f1xx_hal_dma.o(i.HAL_DMA_DeInit) for HAL_DMA_DeInit
    adc.o(i.HAL_ADC_MspInit) refers to stm32f1xx_hal_gpio.o(i.HAL_GPIO_Init) for HAL_GPIO_Init
    adc.o(i.HAL_ADC_MspInit) refers to stm32f1xx_hal_dma.o(i.HAL_DMA_Init) for HAL_DMA_Init
    adc.o(i.HAL_ADC_MspInit) refers to main.o(i.Error_Handler) for Error_Handler
    adc.o(i.HAL_ADC_MspInit) refers to adc.o(.bss) for hdma_adc1
    adc.o(i.MX_ADC1_Init) refers to stm32f1xx_hal_adc.o(i.HAL_ADC_Init) for HAL_ADC_Init
    adc.o(i.MX_ADC1_Init) refers to main.o(i.Error_Handler) for Error_Handler
    adc.o(i.MX_ADC1_Init) refers to stm32f1xx_hal_adc.o(i.HAL_ADC_ConfigChannel) for HAL_ADC_ConfigChannel
    adc.o(i.MX_ADC1_Init) refers to adc.o(.bss) for hadc1
    spi.o(i.Driver_SPI_SwapByte) refers to stm32f1xx_hal_spi.o(i.HAL_SPI_TransmitReceive) for HAL_SPI_TransmitReceive
    spi.o(i.Driver_SPI_SwapByte) refers to spi.o(.bss) for hspi1
    spi.o(i.HAL_SPI_MspDeInit) refers to stm32f1xx_hal_gpio.o(i.HAL_GPIO_DeInit) for HAL_GPIO_DeInit
    spi.o(i.HAL_SPI_MspInit) refers to stm32f1xx_hal_gpio.o(i.HAL_GPIO_Init) for HAL_GPIO_Init
    spi.o(i.MX_SPI1_Init) refers to stm32f1xx_hal_spi.o(i.HAL_SPI_Init) for HAL_SPI_Init
    spi.o(i.MX_SPI1_Init) refers to main.o(i.Error_Handler) for Error_Handler
    spi.o(i.MX_SPI1_Init) refers to spi.o(.bss) for hspi1
    usart.o(i.HAL_UART_MspDeInit) refers to stm32f1xx_hal_gpio.o(i.HAL_GPIO_DeInit) for HAL_GPIO_DeInit
    usart.o(i.HAL_UART_MspInit) refers to stm32f1xx_hal_gpio.o(i.HAL_GPIO_Init) for HAL_GPIO_Init
    usart.o(i.MX_USART1_UART_Init) refers to stm32f1xx_hal_uart.o(i.HAL_UART_Init) for HAL_UART_Init
    usart.o(i.MX_USART1_UART_Init) refers to main.o(i.Error_Handler) for Error_Handler
    usart.o(i.MX_USART1_UART_Init) refers to usart.o(.bss) for huart1
    stm32f1xx_it.o(i.SysTick_Handler) refers to stm32f1xx_hal.o(i.HAL_IncTick) for HAL_IncTick
    stm32f1xx_it.o(i.SysTick_Handler) refers to tasks.o(i.xTaskGetSchedulerState) for xTaskGetSchedulerState
    stm32f1xx_it.o(i.SysTick_Handler) refers to port.o(i.xPortSysTickHandler) for xPortSysTickHandler
    stm32f1xx_hal_adc.o(i.ADC_ConversionStop_Disable) refers to stm32f1xx_hal.o(i.HAL_GetTick) for HAL_GetTick
[...]
    Removing oled.o(.rev16_text), (4 bytes).
    Removing oled.o(.revsh_text), (4 bytes).
    Removing oled.o(.rrx_text), (6 bytes).
    Removing oled.o(i.OLED_Display_Off), (28 bytes).
    Removing oled.o(i.OLED_Display_On), (28 bytes).
    Removing oled.o(i.OLED_ShowString_16), (68 bytes).
    Removing oled.o(i.OLED_Show_CH_String), (122 bytes).
    Removing dadd.o(.text), (334 bytes).
    Removing dmul.o(.text), (228 bytes).
    Removing ddiv.o(.text), (222 bytes).
    Removing dfixul.o(.text), (48 bytes).
    Removing cdrcmple.o(.text), (48 bytes).
    Removing depilogue.o(.text), (186 bytes).

496 unused section(s) (total 36692 bytes) removed from the image.

==============================================================================

Image Symbol Table

    Local Symbols

    Symbol Name                              Value     Ov Type        Size  Object(Section)

    ../Core/Src/adc.c                        0x00000000   Number         0  adc.o ABSOLUTE
    ../Core/Src/dma.c                        0x00000000   Number         0  dma.o ABSOLUTE
    ../Core/Src/gpio.c                       0x00000000   Number         0  gpio.o ABSOLUTE
    ../Core/Src/main.c                       0x00000000   Number         0  main.o ABSOLUTE
    ../Core/Src/spi.c                        0x00000000   Number         0  spi.o ABSOLUTE
    ../Core/Src/stm32f1xx_hal_msp.c          0x00000000   Number         0  stm32f1xx_hal_msp.o ABSOLUTE
    ../Core/Src/stm32f1xx_it.c               0x00000000   Number         0  stm32f1xx_it.o ABSOLUTE
    ../Core/Src/system_stm32f1xx.c           0x00000000   Number         0  system_stm32f1xx.o ABSOLUTE
    ../Core/Src/usart.c                      0x00000000   Number         0  usart.o ABSOLUTE
    ../Drivers/STM32F1xx_HAL_Driver/Src/stm32f1xx_hal.c 0x00000000   Number         0  stm32f1xx_hal.o ABSOLUTE
    ../Drivers/STM32F1xx_HAL_Driver/Src/stm32f1xx_hal_adc.c 0x00000000   Number         0  stm32f1xx_hal_adc.o ABSOLUTE
    ../Drivers/STM32F1xx_HAL_Driver/Src/stm32f1xx_hal_adc_ex.c 0x00000000   Number         0  stm32f1xx_hal_adc_ex.o ABSOLUTE
    ../Drivers/STM32F1xx_HAL_Driver/Src/stm32f1xx_hal_cortex.c 0x00000000   Number         0  stm32f1xx_hal_cortex.o ABSOLUTE
    ../Drivers/STM32F1xx_HAL_Driver/Src/stm32f1xx_hal_dma.c 0x00000000   Number         0  stm32f1xx_hal_dma.o ABSOLUTE
    ../Drivers/STM32F1xx_HAL_Driver/Src/stm32f1xx_hal_exti.c 0x00000000   Number         0  stm32f1xx_hal_exti.o ABSOLUTE
    ../Drivers/STM32F1xx_HAL_Driver/Src/stm32f1xx_hal_flash.c 0x00000000   Number         0  stm32f1xx_hal_flash.o ABSOLUTE
    ../Drivers/STM32F1xx_HAL_Driver/Src/stm32f1xx_hal_flash_ex.c 0x00000000   Number         0  stm32f1xx_hal_flash_ex.o ABSOLUTE
    ../Drivers/STM32F1xx_HAL_Driver/Src/stm32f1xx_hal_gpio.c 0x00000000   Number         0  stm32f1xx_hal_gpio.o ABSOLUTE
    ../Drivers/STM32F1xx_HAL_Driver/Src/stm32f1xx_hal_gpio_ex.c 0x00000000   Number         0  stm32f1xx_hal_gpio_ex.o ABSOLUTE
    ../Drivers/STM32F1xx_HAL_Driver/Src/stm32f1xx_hal_pwr.c 0x00000000   Number         0  stm32f1xx_hal_pwr.o ABSOLUTE
    ../Drivers/STM32F1xx_HAL_Driver/Src/stm32f1xx_hal_rcc.c 0x00000000   Number         0  stm32f1xx_hal_rcc.o ABSOLUTE
    ../Drivers/STM32F1xx_HAL_Driver/Src/stm32f1xx_hal_rcc_ex.c 0x00000000   Number         0  stm32f1xx_hal_rcc_ex.o ABSOLUTE
    ../Drivers/STM32F1xx_HAL_Driver/Src/stm32f1xx_hal_spi.c 0x00000000   Number         0  stm32f1xx_hal_spi.o ABSOLUTE
    ../Drivers/STM32F1xx_HAL_Driver/Src/stm32f1xx_hal_tim.c 0x00000000   Number         0  stm32f1xx_hal_tim.o ABSOLUTE
    ../Drivers/STM32F1xx_HAL_Driver/Src/stm32f1xx_hal_tim_ex.c 0x00000000   Number         0  stm32f1xx_hal_tim_ex.o ABSOLUTE
    ../Drivers/STM32F1xx_HAL_Driver/Src/stm32f1xx_hal_uart.c 0x00000000   Number         0  stm32f1xx_hal_uart.o ABSOLUTE
    ../clib/microlib/division.c              0x00000000   Number         0  uldiv.o ABSOLUTE
    ../clib/microlib/division.c              0x00000000   Number         0  uidiv.o ABSOLUTE
    ../clib/microlib/init/entry.s            0x00000000   Number         0  entry12b.o ABSOLUTE
    ../clib/microlib/init/entry.s            0x00000000   Number         0  entry11a.o ABSOLUTE
    ../clib/microlib/init/entry.s            0x00000000   Number         0  entry.o ABSOLUTE
    ../clib/microlib/init/entry.s            0x00000000   Number         0  entry12a.o ABSOLUTE
    ../clib/microlib/init/entry.s            0x00000000   Number         0  entry10b.o ABSOLUTE
    ../clib/microlib/init/entry.s            0x00000000   Number         0  entry10a.o ABSOLUTE
    ../clib/microlib/init/entry.s            0x00000000   Number         0  entry2.o ABSOLUTE
    ../clib/microlib/init/entry.s            0x00000000   Number         0  entry5.o ABSOLUTE
    ../clib/microlib/init/entry.s            0x00000000   Number         0  entry11b.o ABSOLUTE
    ../clib/microlib/init/entry.s            0x00000000   Number         0  entry9b.o ABSOLUTE
    ../clib/microlib/init/entry.s            0x00000000   Number         0  entry9a.o ABSOLUTE
    ../clib/microlib/init/entry.s            0x00000000   Number         0  entry8b.o ABSOLUTE
    ../clib/microlib/init/entry.s            0x00000000   Number         0  entry8a.o ABSOLUTE
    ../clib/microlib/init/entry.s            0x00000000   Number         0  entry7b.o ABSOLUTE
    ../clib/microlib/init/entry.s            0x00000000   Number         0  entry7a.o ABSOLUTE
    ../clib/microlib/longlong.c              0x00000000   Number         0  llshl.o ABSOLUTE
    ../clib/microlib/longlong.c              0x00000000   Number         0  llsshr.o ABSOLUTE
    ../clib/microlib/longlong.c              0x00000000   Number         0  llushr.o ABSOLUTE
    ../clib/microlib/printf/printf.c         0x00000000   Number         0  printfa.o ABSOLUTE
    ../clib/microlib/printf/printf.c         0x00000000   Number         0  printf6.o ABSOLUTE
    ../clib/microlib/printf/printf.c         0x00000000   Number         0  printf8.o ABSOLUTE
    ../clib/microlib/printf/printf.c         0x00000000   Number         0  printf7.o ABSOLUTE
    ../clib/microlib/printf/printf.c         0x00000000   Number         0  printf5.o ABSOLUTE
    ../clib/microlib/printf/printf.c         0x00000000   Number         0  printf4.o ABSOLUTE
    ../clib/microlib/printf/printf.c         0x00000000   Number         0  printf3.o ABSOLUTE
    ../clib/microlib/printf/printf.c         0x00000000   Number         0  printf2.o ABSOLUTE
    ../clib/microlib/printf/printf.c         0x00000000   Number         0  printf1.o ABSOLUTE
    ../clib/microlib/printf/printf.c         0x00000000   Number         0  printf0.o ABSOLUTE
    ../clib/microlib/printf/printf.c         0x00000000   Number         0  printfb.o ABSOLUTE
    ../clib/microlib/printf/stubs.s          0x00000000   Number         0  stubs.o ABSOLUTE
    ../clib/microlib/stdio/streams.c         0x00000000   Number         0  stdout.o ABSOLUTE
    ../clib/microlib/string/memcpy.c         0x00000000   Number         0  memcpyb.o ABSOLUTE
    ../clib/microlib/string/memcpy.c         0x00000000   Number         0  memcpya.o ABSOLUTE
    ../clib/microlib/string/memset.c         0x00000000   Number         0  memseta.o ABSOLUTE
    ../clib/microlib/string/strcpy.c         0x00000000   Number         0  strcpy.o ABSOLUTE
    ../clib/microlib/string/strlen.c         0x00000000   Number         0  strlen.o ABSOLUTE
    ../clib/microlib/stubs.s                 0x00000000   Number         0  iusefp.o ABSOLUTE
    ../fplib/microlib/fpadd.c                0x00000000   Number         0  dadd.o ABSOLUTE
    ../fplib/microlib/fpdiv.c                0x00000000   Number         0  ddiv.o ABSOLUTE
    ../fplib/microlib/fpepilogue.c           0x00000000   Number         0  depilogue.o ABSOLUTE
    ../fplib/microlib/fpfix.c                0x00000000   Number         0  dfixul.o ABSOLUTE
    ../fplib/microlib/fpmul.c                0x00000000   Number         0  dmul.o ABSOLUTE
    ..\App\communication\App_Communication.c 0x00000000   Number         0  app_communication.o ABSOLUTE
    ..\App\data_process\App_DataProcess.c    0x00000000   Number         0  app_dataprocess.o ABSOLUTE
    ..\App\display\App_Disaplay.c            0x00000000   Number         0  app_disaplay.o ABSOLUTE
    ..\App\task\App_Task.c                   0x00000000   Number         0  app_task.o ABSOLUTE
    ..\Common\config\Com_Config.c            0x00000000   Number         0  com_config.o ABSOLUTE
    ..\Common\debug\Com_Debug.c              0x00000000   Number         0  com_debug.o ABSOLUTE
    ..\Core\Src\adc.c                        0x00000000   Number         0  adc.o ABSOLUTE
    ..\Core\Src\dma.c                        0x00000000   Number         0  dma.o ABSOLUTE
    ..\Core\Src\gpio.c                       0x00000000   Number         0  gpio.o ABSOLUTE
    ..\Core\Src\main.c                       0x00000000   Number         0  main.o ABSOLUTE
    ..\Core\Src\spi.c                        0x00000000   Number         0  spi.o ABSOLUTE
    ..\Core\Src\stm32f1xx_hal_msp.c          0x00000000   Number         0  stm32f1xx_hal_msp.o ABSOLUTE
    ..\Core\Src\stm32f1xx_it.c               0x00000000   Number         0  stm32f1xx_it.o ABSOLUTE
    ..\Core\Src\system_stm32f1xx.c           0x00000000   Number         0  system_stm32f1xx.o ABSOLUTE
    ..\Core\Src\usart.c                      0x00000000   Number         0  usart.o ABSOLUTE
    ..\Drivers\STM32F1xx_HAL_Driver\Src\stm32f1xx_hal.c 0x00000000   Number         0  stm32f1xx_hal.o ABSOLUTE
    ..\Drivers\STM32F1xx_HAL_Driver\Src\stm32f1xx_hal_adc.c 0x00000000   Number         0  stm32f1xx_hal_adc.o ABSOLUTE
    ..\Drivers\STM32F1xx_HAL_Driver\Src\stm32f1xx_hal_adc_ex.c 0x00000000   Number         0  stm32f1xx_hal_adc_ex.o ABSOLUTE
    ..\Drivers\STM32F1xx_HAL_Driver\Src\stm32f1xx_hal_cortex.c 0x00000000   Number         0  stm32f1xx_hal_cortex.o ABSOLUTE
    ..\Drivers\STM32F1xx_HAL_Driver\Src\stm32f1xx_hal_dma.c 0x00000000   Number         0  stm32f1xx_hal_dma.o ABSOLUTE
    ..\Drivers\STM32F1xx_HAL_Driver\Src\stm32f1xx_hal_exti.c 0x00000000   Number         0  stm32f1xx_hal_exti.o ABSOLUTE
    ..\Drivers\STM32F1xx_HAL_Driver\Src\stm32f1xx_hal_flash.c 0x00000000   Number         0  stm32f1xx_hal_flash.o ABSOLUTE
    ..\Drivers\STM32F1xx_HAL_Driver\Src\stm32f1xx_hal_flash_ex.c 0x00000000   Number         0  stm32f1xx_hal_flash_ex.o ABSOLUTE
    ..\Drivers\STM32F1xx_HAL_Driver\Src\stm32f1xx_hal_gpio.c 0x00000000   Number         0  stm32f1xx_hal_gpio.o ABSOLUTE
    ..\Drivers\STM32F1xx_HAL_Driver\Src\stm32f1xx_hal_gpio_ex.c 0x00000000   Number         0  stm32f1xx_hal_gpio_ex.o ABSOLUTE
    ..\Drivers\STM32F1xx_HAL_Driver\Src\stm32f1xx_hal_pwr.c 0x00000000   Number         0  stm32f1xx_hal_pwr.o ABSOLUTE
    ..\Drivers\STM32F1xx_HAL_Driver\Src\stm32f1xx_hal_rcc.c 0x00000000   Number         0  stm32f1xx_hal_rcc.o ABSOLUTE
    ..\Drivers\STM32F1xx_HAL_Driver\Src\stm32f1xx_hal_rcc_ex.c 0x00000000   Number         0  stm32f1xx_hal_rcc_ex.o ABSOLUTE
    ..\Drivers\STM32F1xx_HAL_Driver\Src\stm32f1xx_hal_spi.c 0x00000000   Number         0  stm32f1xx_hal_spi.o ABSOLUTE
    ..\Drivers\STM32F1xx_HAL_Driver\Src\stm32f1xx_hal_tim.c 0x00000000   Number         0  stm32f1xx_hal_tim.o ABSOLUTE
    ..\Drivers\STM32F1xx_HAL_Driver\Src\stm32f1xx_hal_tim_ex.c 0x00000000   Number         0  stm32f1xx_hal_tim_ex.o ABSOLUTE
    ..\Drivers\STM32F1xx_HAL_Driver\Src\stm32f1xx_hal_uart.c 0x00000000   Number         0  stm32f1xx_hal_uart.o ABSOLUTE
    ..\Inf\2_4g\Inf_Si24R1.c                 0x00000000   Number         0  inf_si24r1.o ABSOLUTE
    ..\Inf\joystick_key\Inf_JoyStickAndKey.c 0x00000000   Number         0  inf_joystickandkey.o ABSOLUTE
    ..\Inf\oled\oled.c                       0x00000000   Number         0  oled.o ABSOLUTE
    ..\Inf\oled\oledfont.c                   0x00000000   Number         0  oledfont.o ABSOLUTE
    ..\Inf\power\Inf_IP5305T.c               0x00000000   Number         0  inf_ip5305t.o ABSOLUTE
    ..\Mid\FreeRTOS\protable\ARM_CM3\port.c  0x00000000   Number         0  port.o ABSOLUTE
    ..\Mid\FreeRTOS\protable\MemMang\heap_4.c 0x00000000   Number         0  heap_4.o ABSOLUTE
    ..\Mid\FreeRTOS\source\croutine.c        0x00000000   Number         0  croutine.o ABSOLUTE
    ..\Mid\FreeRTOS\source\event_groups.c    0x00000000   Number         0  event_groups.o ABSOLUTE
    ..\Mid\FreeRTOS\source\list.c            0x00000000   Number         0  list.o ABSOLUTE
    ..\Mid\FreeRTOS\source\queue.c           0x00000000   Number         0  queue.o ABSOLUTE
    ..\Mid\FreeRTOS\source\stream_buffer.c   0x00000000   Number         0  stream_buffer.o ABSOLUTE
    ..\Mid\FreeRTOS\source\tasks.c           0x00000000   Number         0  tasks.o ABSOLUTE
    ..\Mid\FreeRTOS\source\timers.c          0x00000000   Number         0  timers.o ABSOLUTE
    ..\\App\\communication\\App_Communication.c 0x00000000   Number         0  app_communication.o ABSOLUTE
    ..\\App\\data_process\\App_DataProcess.c 0x00000000   Number         0  app_dataprocess.o ABSOLUTE
    ..\\App\\display\\App_Disaplay.c         0x00000000   Number         0  app_disaplay.o ABSOLUTE
    ..\\App\\task\\App_Task.c                0x00000000   Number         0  app_task.o ABSOLUTE
    ..\\Common\\debug\\Com_Debug.c           0x00000000   Number         0  com_debug.o ABSOLUTE
    ..\\Inf\\2_4g\\Inf_Si24R1.c              0x00000000   Number         0  inf_si24r1.o ABSOLUTE
    ..\\Inf\\joystick_key\\Inf_JoyStickAndKey.c 0x00000000   Number         0  inf_joystickandkey.o ABSOLUTE
    ..\\Inf\\oled\\oled.c                    0x00000000   Number         0  oled.o ABSOLUTE
    ..\\Inf\\power\\Inf_IP5305T.c            0x00000000   Number         0  inf_ip5305t.o ABSOLUTE
    ..\\Mid\\FreeRTOS\\protable\\ARM_CM3\\port.c 0x00000000   Number         0  port.o ABSOLUTE
    cdrcmple.s                               0x00000000   Number         0  cdrcmple.o ABSOLUTE
    dc.s                                     0x00000000   Number         0  dc.o ABSOLUTE
    handlers.s                               0x00000000   Number         0  handlers.o ABSOLUTE
    init.s                                   0x00000000   Number         0  init.o ABSOLUTE
    startup_stm32f103xb.s                    0x00000000   Number         0  startup_stm32f103xb.o ABSOLUTE
    RESET                                    0x08000000   Section      236  startup_stm32f103xb.o(RESET)
    .ARM.Collect$$$$00000000                 0x080000ec   Section        0  entry.o(.ARM.Collect$$$$00000000)
    .ARM.Collect$$$$00000001                 0x080000ec   Section        4  entry2.o(.ARM.Collect$$$$00000001)
    .ARM.Collect$$$$00000004                 0x080000f0   Section        4  entry5.o(.ARM.Collect$$$$00000004)
    .ARM.Collect$$$$00000008                 0x080000f4   Section        0  entry7b.o(.ARM.Collect$$$$00000008)
    .ARM.Collect$$$$0000000A                 0x080000f4   Section        0  entry8b.o(.ARM.Collect$$$$0000000A)
    .ARM.Collect$$$$0000000B                 0x080000f4   Section        8  entry9a.o(.ARM.Collect$$$$0000000B)
    .ARM.Collect$$$$0000000E                 0x080000fc   Section        4  entry12b.o(.ARM.Collect$$$$0000000E)
    .ARM.Collect$$$$0000000F                 0x08000100   Section        0  entry10a.o(.ARM.Collect$$$$0000000F)
    .ARM.Collect$$$$00000011                 0x08000100   Section        0  entry11a.o(.ARM.Collect$$$$00000011)
    .ARM.Collect$$$$00002712                 0x08000100   Section        4  entry2.o(.ARM.Collect$$$$00002712)
    __lit__00000000                          0x08000100   Data           4  entry2.o(.ARM.Collect$$$$00002712)
    .emb_text                                0x08000104   Section      150  port.o(.emb_text)
    .text                                    0x0800019c   Section       36  startup_stm32f103xb.o(.text)
    .text                                    0x080001c0   Section        0  memseta.o(.text)
    .text                                    0x080001e4   Section       36  init.o(.text)
    i.ADC_ConversionStop_Disable             0x08000208   Section        0  stm32f1xx_hal_adc.o(i.ADC_ConversionStop_Disable)
    i.ADC_DMAConvCplt                        0x08000264   Section        0  stm32f1xx_hal_adc.o(i.ADC_DMAConvCplt)
    i.ADC_DMAError                           0x080002b6   Section        0  stm32f1xx_hal_adc.o(i.ADC_DMAError)
    i.ADC_DMAHalfConvCplt                    0x080002d4   Section        0  stm32f1xx_hal_adc.o(i.ADC_DMAHalfConvCplt)
    i.ADC_Enable                             0x080002e4   Section        0  stm32f1xx_hal_adc.o(i.ADC_Enable)
    i.App_Communication_SendJoyStickData     0x08000374   Section        0  app_communication.o(i.App_Communication_SendJoyStickData)
    i.App_Communication_Start                0x080004a0   Section        0  app_communication.o(i.App_Communication_Start)
    i.App_DataProcess_JoyStickCaclBias       0x080004bc   Section        0  app_dataprocess.o(i.App_DataProcess_JoyStickCaclBias)
    App_DataProcess_JoyStickCaclBias         0x080004bd   Thumb Code   190  app_dataprocess.o(i.App_DataProcess_JoyStickCaclBias)
    i.App_DataProcess_JoyStickDataProcess    0x08000584   Section        0  app_dataprocess.o(i.App_DataProcess_JoyStickDataProcess)
    i.App_DataProcess_JoyStickPolarityAndRange 0x0800059c   Section        0  app_dataprocess.o(i.App_DataProcess_JoyStickPolarityAndRange)
    App_DataProcess_JoyStickPolarityAndRange 0x0800059d   Thumb Code   122  app_dataprocess.o(i.App_DataProcess_JoyStickPolarityAndRange)
    i.App_DataProcess_JoystickWithBias       0x0800061c   Section        0  app_dataprocess.o(i.App_DataProcess_JoystickWithBias)
    App_DataProcess_JoystickWithBias         0x0800061d   Thumb Code   234  app_dataprocess.o(i.App_DataProcess_JoystickWithBias)
    i.App_DataProcess_KeyDataProcess         0x08000710   Section        0  app_dataprocess.o(i.App_DataProcess_KeyDataProcess)
    i.App_DataProcess_Start                  0x08000790   Section        0  app_dataprocess.o(i.App_DataProcess_Start)
    i.App_Display_Show                       0x08000798   Section        0  app_disaplay.o(i.App_Display_Show)
    i.App_Display_ShowProgressBar            0x080009a4   Section        0  app_disaplay.o(i.App_Display_ShowProgressBar)
    i.App_Display_Start                      0x08000ad0   Section        0  app_disaplay.o(i.App_Display_Start)
    i.App_Task_FreeRTOSStart                 0x08000ad8   Section        0  app_task.o(i.App_Task_FreeRTOSStart)
    i.BusFault_Handler                       0x08000b18   Section        0  stm32f1xx_it.o(i.BusFault_Handler)
    i.DMA_SetConfig                          0x08000b1c   Section        0  stm32f1xx_hal_dma.o(i.DMA_SetConfig)
    DMA_SetConfig                            0x08000b1d   Thumb Code    44  stm32f1xx_hal_dma.o(i.DMA_SetConfig)
    i.DebugMon_Handler                       0x08000b48   Section        0  stm32f1xx_it.o(i.DebugMon_Handler)
    i.Driver_SPI_SwapByte                    0x08000b4c   Section        0  spi.o(i.Driver_SPI_SwapByte)
    i.Error_Handler                          0x08000b6c   Section        0  main.o(i.Error_Handler)
    i.HAL_ADCEx_Calibration_Start            0x08000b74   Section        0  stm32f1xx_hal_adc_ex.o(i.HAL_ADCEx_Calibration_Start)
    i.HAL_ADC_ConfigChannel                  0x08000c90   Section        0  stm32f1xx_hal_adc.o(i.HAL_ADC_ConfigChannel)
    i.HAL_ADC_ConvCpltCallback               0x08000df0   Section        0  stm32f1xx_hal_adc.o(i.HAL_ADC_ConvCpltCallback)
    i.HAL_ADC_ConvHalfCpltCallback           0x08000df2   Section        0  stm32f1xx_hal_adc.o(i.HAL_ADC_ConvHalfCpltCallback)
    i.HAL_ADC_ErrorCallback                  0x08000df4   Section        0  stm32f1xx_hal_adc.o(i.HAL_ADC_ErrorCallback)
    i.HAL_ADC_Init                           0x08000df8   Section        0  stm32f1xx_hal_adc.o(i.HAL_ADC_Init)
    i.HAL_ADC_MspInit                        0x08000f3c   Section        0  adc.o(i.HAL_ADC_MspInit)
    i.HAL_ADC_Start_DMA                      0x08000fec   Section        0  stm32f1xx_hal_adc.o(i.HAL_ADC_Start_DMA)
    i.HAL_DMA_Init                           0x0800116c   Section        0  stm32f1xx_hal_dma.o(i.HAL_DMA_Init)
    i.HAL_DMA_Start_IT                       0x080011d4   Section        0  stm32f1xx_hal_dma.o(i.HAL_DMA_Start_IT)
    i.HAL_Delay                              0x08001270   Section        0  stm32f1xx_hal.o(i.HAL_Delay)
    i.HAL_GPIO_Init                          0x08001298   Section        0  stm32f1xx_hal_gpio.o(i.HAL_GPIO_Init)
    i.HAL_GPIO_ReadPin                       0x080015b8   Section        0  stm32f1xx_hal_gpio.o(i.HAL_GPIO_ReadPin)
    i.HAL_GPIO_WritePin                      0x080015c8   Section        0  stm32f1xx_hal_gpio.o(i.HAL_GPIO_WritePin)
    i.HAL_GetTick                            0x080015d4   Section        0  stm32f1xx_hal.o(i.HAL_GetTick)
    i.HAL_IncTick                            0x080015e0   Section        0  stm32f1xx_hal.o(i.HAL_IncTick)
    i.HAL_Init                               0x080015f8   Section        0  stm32f1xx_hal.o(i.HAL_Init)
    i.HAL_InitTick                           0x08001620   Section        0  stm32f1xx_hal.o(i.HAL_InitTick)
    i.HAL_MspInit                            0x0800166c   Section        0  stm32f1xx_hal_msp.o(i.HAL_MspInit)
    i.HAL_NVIC_SetPriority                   0x080016c0   Section        0  stm32f1xx_hal_cortex.o(i.HAL_NVIC_SetPriority)
    i.HAL_NVIC_SetPriorityGrouping           0x0800173c   Section        0  stm32f1xx_hal_cortex.o(i.HAL_NVIC_SetPriorityGrouping)
    i.HAL_RCCEx_GetPeriphCLKFreq             0x08001764   Section        0  stm32f1xx_hal_rcc_ex.o(i.HAL_RCCEx_GetPeriphCLKFreq)
    i.HAL_RCCEx_PeriphCLKConfig              0x08001860   Section        0  stm32f1xx_hal_rcc_ex.o(i.HAL_RCCEx_PeriphCLKConfig)
    i.HAL_RCC_ClockConfig                    0x08001990   Section        0  stm32f1xx_hal_rcc.o(i.HAL_RCC_ClockConfig)
    i.HAL_RCC_GetHCLKFreq                    0x08001b1c   Section        0  stm32f1xx_hal_rcc.o(i.HAL_RCC_GetHCLKFreq)
    i.HAL_RCC_GetPCLK1Freq                   0x08001b28   Section        0  stm32f1xx_hal_rcc.o(i.HAL_RCC_GetPCLK1Freq)
    i.HAL_RCC_GetPCLK2Freq                   0x08001b48   Section        0  stm32f1xx_hal_rcc.o(i.HAL_RCC_GetPCLK2Freq)
    i.HAL_RCC_GetSysClockFreq                0x08001b68   Section        0  stm32f1xx_hal_rcc.o(i.HAL_RCC_GetSysClockFreq)
    i.HAL_RCC_OscConfig                      0x08001bd8   Section        0  stm32f1xx_hal_rcc.o(i.HAL_RCC_OscConfig)
    i.HAL_SPI_Init                           0x0800203c   Section        0  stm32f1xx_hal_spi.o(i.HAL_SPI_Init)
    i.HAL_SPI_MspInit                        0x080020fc   Section        0  spi.o(i.HAL_SPI_MspInit)
    i.HAL_SPI_TransmitReceive                0x08002198   Section        0  stm32f1xx_hal_spi.o(i.HAL_SPI_TransmitReceive)
    i.HAL_SYSTICK_Config                     0x080023d8   Section        0  stm32f1xx_hal_cortex.o(i.HAL_SYSTICK_Config)
    i.HAL_UART_Init                          0x0800240c   Section        0  stm32f1xx_hal_uart.o(i.HAL_UART_Init)
    i.HAL_UART_MspInit                       0x08002484   Section        0  usart.o(i.HAL_UART_MspInit)
    i.HardFault_Handler                      0x0800250c   Section        0  stm32f1xx_it.o(i.HardFault_Handler)
    i.Inf_IP5305T_Close                      0x08002510   Section        0  inf_ip5305t.o(i.Inf_IP5305T_Close)
    i.Inf_IP5305T_Open                       0x08002524   Section        0  inf_ip5305t.o(i.Inf_IP5305T_Open)
    i.Inf_IP5305T_ShortPress                 0x0800252c   Section        0  inf_ip5305t.o(i.Inf_IP5305T_ShortPress)
    Inf_IP5305T_ShortPress                   0x0800252d   Thumb Code    32  inf_ip5305t.o(i.Inf_IP5305T_ShortPress)
    i.Inf_JoyStickAndKey_Init                0x08002550   Section        0  inf_joystickandkey.o(i.Inf_JoyStickAndKey_Init)
    i.Inf_JoyStickAndKey_JoyStickScan        0x0800256c   Section        0  inf_joystickandkey.o(i.Inf_JoyStickAndKey_JoyStickScan)
    i.Inf_JoyStickAndKey_KeyScan             0x08002598   Section        0  inf_joystickandkey.o(i.Inf_JoyStickAndKey_KeyScan)
    i.Inf_Si24R1_Check                       0x080026fc   Section        0  inf_si24r1.o(i.Inf_Si24R1_Check)
    i.Inf_Si24R1_ReadBuf                     0x08002754   Section        0  inf_si24r1.o(i.Inf_Si24R1_ReadBuf)
    i.Inf_Si24R1_ReadReg                     0x0800279c   Section        0  inf_si24r1.o(i.Inf_Si24R1_ReadReg)
    i.Inf_Si24R1_TXMode                      0x080027d0   Section        0  inf_si24r1.o(i.Inf_Si24R1_TXMode)
    i.Inf_Si24R1_TxPacket                    0x08002838   Section        0  inf_si24r1.o(i.Inf_Si24R1_TxPacket)
    i.Inf_Si24R1_WriteBuf                    0x0800289c   Section        0  inf_si24r1.o(i.Inf_Si24R1_WriteBuf)
    i.Inf_Si24R1_WriteReg                    0x080028e8   Section        0  inf_si24r1.o(i.Inf_Si24R1_WriteReg)
    i.MX_ADC1_Init                           0x0800291c   Section        0  adc.o(i.MX_ADC1_Init)
    i.MX_DMA_Init                            0x080029bc   Section        0  dma.o(i.MX_DMA_Init)
    i.MX_GPIO_Init                           0x080029e0   Section        0  gpio.o(i.MX_GPIO_Init)
    i.MX_SPI1_Init                           0x08002ae0   Section        0  spi.o(i.MX_SPI1_Init)
    i.MX_USART1_UART_Init                    0x08002b24   Section        0  usart.o(i.MX_USART1_UART_Init)
    i.MemManage_Handler                      0x08002b5c   Section        0  stm32f1xx_it.o(i.MemManage_Handler)
    i.NMI_Handler                            0x08002b60   Section        0  stm32f1xx_it.o(i.NMI_Handler)
    i.OLED_Clear                             0x08002b64   Section        0  oled.o(i.OLED_Clear)
    i.OLED_DrawPoint                         0x08002b94   Section        0  oled.o(i.OLED_DrawPoint)
    i.OLED_Init                              0x08002bfc   Section        0  oled.o(i.OLED_Init)
    i.OLED_Refresh_Gram                      0x08002d50   Section        0  oled.o(i.OLED_Refresh_Gram)
    i.OLED_ShowCH                            0x08002d9c   Section        0  oled.o(i.OLED_ShowCH)
    i.OLED_ShowChar                          0x08002e24   Section        0  oled.o(i.OLED_ShowChar)
    i.OLED_ShowNumber                        0x08002ecc   Section        0  oled.o(i.OLED_ShowNumber)
    i.OLED_ShowString                        0x08002f60   Section        0  oled.o(i.OLED_ShowString)
    i.OLED_Show_CH                           0x08002faa   Section        0  oled.o(i.OLED_Show_CH)
    i.OLED_WR_Byte                           0x08002ff0   Section        0  oled.o(i.OLED_WR_Byte)
    i.RCC_Delay                              0x08003078   Section        0  stm32f1xx_hal_rcc.o(i.RCC_Delay)
    RCC_Delay                                0x08003079   Thumb Code    36  stm32f1xx_hal_rcc.o(i.RCC_Delay)
    i.SPI_EndRxTxTransaction                 0x080030a0   Section        0  stm32f1xx_hal_spi.o(i.SPI_EndRxTxTransaction)
    SPI_EndRxTxTransaction                   0x080030a1   Thumb Code    40  stm32f1xx_hal_spi.o(i.SPI_EndRxTxTransaction)
    i.SPI_WaitFlagStateUntilTimeout          0x080030c8   Section        0  stm32f1xx_hal_spi.o(i.SPI_WaitFlagStateUntilTimeout)
    SPI_WaitFlagStateUntilTimeout            0x080030c9   Thumb Code   210  stm32f1xx_hal_spi.o(i.SPI_WaitFlagStateUntilTimeout)
    i.SysTick_Handler                        0x080031a0   Section        0  stm32f1xx_it.o(i.SysTick_Handler)
    i.SystemClock_Config                     0x080031b4   Section        0  main.o(i.SystemClock_Config)
    i.SystemInit                             0x08003238   Section        0  system_stm32f1xx.o(i.SystemInit)
    i.UART_SetConfig                         0x0800323c   Section        0  stm32f1xx_hal_uart.o(i.UART_SetConfig)
    UART_SetConfig                           0x0800323d   Thumb Code   248  stm32f1xx_hal_uart.o(i.UART_SetConfig)
    i.UsageFault_Handler                     0x08003338   Section        0  stm32f1xx_it.o(i.UsageFault_Handler)
    i.__NVIC_GetPriorityGrouping             0x0800333c   Section        0  stm32f1xx_hal_cortex.o(i.__NVIC_GetPriorityGrouping)
    __NVIC_GetPriorityGrouping               0x0800333d   Thumb Code    10  stm32f1xx_hal_cortex.o(i.__NVIC_GetPriorityGrouping)
    i.__NVIC_SetPriority                     0x0800334c   Section        0  stm32f1xx_hal_cortex.o(i.__NVIC_SetPriority)
    __NVIC_SetPriority                       0x0800334d   Thumb Code    32  stm32f1xx_hal_cortex.o(i.__NVIC_SetPriority)
    i.__scatterload_copy                     0x08003374   Section       14  handlers.o(i.__scatterload_copy)
    i.__scatterload_null                     0x08003382   Section        2  handlers.o(i.__scatterload_null)
    i.__scatterload_zeroinit                 0x08003384   Section       14  handlers.o(i.__scatterload_zeroinit)
    i.communicationTask                      0x08003392   Section        0  app_task.o(i.communicationTask)
    i.displayTask                            0x080033b6   Section        0  app_task.o(i.displayTask)
    i.joyStickTask                           0x080033d2   Section        0  app_task.o(i.joyStickTask)
    i.keyTask                                0x080033f6   Section        0  app_task.o(i.keyTask)
    i.main                                   0x08003412   Section        0  main.o(i.main)
    i.oled_pow                               0x08003436   Section        0  oled.o(i.oled_pow)
    i.powerTask                              0x0800344c   Section        0  app_task.o(i.powerTask)
    i.prvAddCurrentTaskToDelayedList         0x0800346c   Section        0  tasks.o(i.prvAddCurrentTaskToDelayedList)
    prvAddCurrentTaskToDelayedList           0x0800346d   Thumb Code   164  tasks.o(i.prvAddCurrentTaskToDelayedList)
    i.prvAddNewTaskToReadyList               0x0800352c   Section        0  tasks.o(i.prvAddNewTaskToReadyList)
    prvAddNewTaskToReadyList                 0x0800352d   Thumb Code   206  tasks.o(i.prvAddNewTaskToReadyList)
    i.prvCheckTasksWaitingTermination        0x08003618   Section        0  tasks.o(i.prvCheckTasksWaitingTermination)
    prvCheckTasksWaitingTermination          0x08003619   Thumb Code    60  tasks.o(i.prvCheckTasksWaitingTermination)
    i.prvDeleteTCB                           0x08003660   Section        0  tasks.o(i.prvDeleteTCB)
    prvDeleteTCB                             0x08003661   Thumb Code    18  tasks.o(i.prvDeleteTCB)
    i.prvHeapInit                            0x08003674   Section        0  heap_4.o(i.prvHeapInit)
    prvHeapInit                              0x08003675   Thumb Code    90  heap_4.o(i.prvHeapInit)
    i.prvIdleTask                            0x080036e4   Section        0  tasks.o(i.prvIdleTask)
    prvIdleTask                              0x080036e5   Thumb Code    32  tasks.o(i.prvIdleTask)
    i.prvInitialiseNewTask                   0x0800370c   Section        0  tasks.o(i.prvInitialiseNewTask)
    prvInitialiseNewTask                     0x0800370d   Thumb Code   134  tasks.o(i.prvInitialiseNewTask)
    i.prvInitialiseTaskLists                 0x08003794   Section        0  tasks.o(i.prvInitialiseTaskLists)
    prvInitialiseTaskLists                   0x08003795   Thumb Code    70  tasks.o(i.prvInitialiseTaskLists)
    i.prvInsertBlockIntoFreeList             0x080037fc   Section        0  heap_4.o(i.prvInsertBlockIntoFreeList)
    prvInsertBlockIntoFreeList               0x080037fd   Thumb Code    96  heap_4.o(i.prvInsertBlockIntoFreeList)
    i.prvResetNextTaskUnblockTime            0x08003864   Section        0  tasks.o(i.prvResetNextTaskUnblockTime)
    prvResetNextTaskUnblockTime              0x08003865   Thumb Code    40  tasks.o(i.prvResetNextTaskUnblockTime)
    i.prvTaskExitError                       0x08003894   Section        0  port.o(i.prvTaskExitError)
    prvTaskExitError                         0x08003895   Thumb Code    22  port.o(i.prvTaskExitError)
    i.pvPortMalloc                           0x080038ac   Section        0  heap_4.o(i.pvPortMalloc)
    i.pxPortInitialiseStack                  0x08003990   Section        0  port.o(i.pxPortInitialiseStack)
    i.startTask                              0x080039b4   Section        0  app_task.o(i.startTask)
    i.ulTaskGenericNotifyTake                0x08003aa0   Section        0  tasks.o(i.ulTaskGenericNotifyTake)
    i.uxListRemove                           0x08003b28   Section        0  list.o(i.uxListRemove)
    i.vListInitialise                        0x08003b50   Section        0  list.o(i.vListInitialise)
    i.vListInitialiseItem                    0x08003b6a   Section        0  list.o(i.vListInitialiseItem)
    i.vListInsert                            0x08003b70   Section        0  list.o(i.vListInsert)
    i.vListInsertEnd                         0x08003ba4   Section        0  list.o(i.vListInsertEnd)
    i.vPortEnterCritical                     0x08003bbc   Section        0  port.o(i.vPortEnterCritical)
    i.vPortExitCritical                      0x08003be0   Section        0  port.o(i.vPortExitCritical)
    i.vPortFree                              0x08003c00   Section        0  heap_4.o(i.vPortFree)
    i.vPortSetupTimerInterrupt               0x08003c4c   Section        0  port.o(i.vPortSetupTimerInterrupt)
    i.vTaskDelay                             0x08003c64   Section        0  tasks.o(i.vTaskDelay)
    i.vTaskDelete                            0x08003c98   Section        0  tasks.o(i.vTaskDelete)
    i.vTaskStartScheduler                    0x08003d6c   Section        0  tasks.o(i.vTaskStartScheduler)
    i.vTaskSuspendAll                        0x08003dd8   Section        0  tasks.o(i.vTaskSuspendAll)
    i.vTaskSwitchContext                     0x08003de8   Section        0  tasks.o(i.vTaskSwitchContext)
    i.xPortStartScheduler                    0x08003e48   Section        0  port.o(i.xPortStartScheduler)
    i.xPortSysTickHandler                    0x08003e7c   Section        0  port.o(i.xPortSysTickHandler)
    i.xTaskCreate                            0x08003eb0   Section        0  tasks.o(i.xTaskCreate)
    i.xTaskDelayUntil                        0x08003f18   Section        0  tasks.o(i.xTaskDelayUntil)
    i.xTaskGetSchedulerState                 0x08003f8c   Section        0  tasks.o(i.xTaskGetSchedulerState)
    i.xTaskGetTickCount                      0x08003fac   Section        0  tasks.o(i.xTaskGetTickCount)
    i.xTaskIncrementTick                     0x08003fb8   Section        0  tasks.o(i.xTaskIncrementTick)
    i.xTaskResumeAll                         0x08004148   Section        0  tasks.o(i.xTaskResumeAll)
    .constdata                               0x080042a4   Section       18  stm32f1xx_hal_rcc.o(.constdata)
    aPLLMULFactorTable                       0x080042a4   Data          16  stm32f1xx_hal_rcc.o(.constdata)
    aPredivFactorTable                       0x080042b4   Data           2  stm32f1xx_hal_rcc.o(.constdata)
    .constdata                               0x080042b6   Section       18  stm32f1xx_hal_rcc_ex.o(.constdata)
    aPLLMULFactorTable                       0x080042b6   Data          16  stm32f1xx_hal_rcc_ex.o(.constdata)
    aPredivFactorTable                       0x080042c6   Data           2  stm32f1xx_hal_rcc_ex.o(.constdata)
    .constdata                               0x080042c8   Section       24  system_stm32f1xx.o(.constdata)
    .constdata                               0x080042e0   Section     3476  oledfont.o(.constdata)
    .data                                    0x20000000   Section        9  stm32f1xx_hal.o(.data)
    .data                                    0x2000000c   Section        4  system_stm32f1xx.o(.data)
    .data                                    0x20000010   Section        4  port.o(.data)
    uxCriticalNesting                        0x20000010   Data           4  port.o(.data)
    .data                                    0x20000014   Section       28  heap_4.o(.data)
    xStart                                   0x20000014   Data           8  heap_4.o(.data)
    pxEnd                                    0x2000001c   Data           4  heap_4.o(.data)
    xFreeBytesRemaining                      0x20000020   Data           4  heap_4.o(.data)
    xMinimumEverFreeBytesRemaining           0x20000024   Data           4  heap_4.o(.data)
    xNumberOfSuccessfulAllocations           0x20000028   Data           4  heap_4.o(.data)
    xNumberOfSuccessfulFrees                 0x2000002c   Data           4  heap_4.o(.data)
    .data                                    0x20000030   Section       64  tasks.o(.data)
    pxDelayedTaskList                        0x20000034   Data           4  tasks.o(.data)
    pxOverflowDelayedTaskList                0x20000038   Data           4  tasks.o(.data)
    uxDeletedTasksWaitingCleanUp             0x2000003c   Data           4  tasks.o(.data)
    uxCurrentNumberOfTasks                   0x20000040   Data           4  tasks.o(.data)
    xTickCount                               0x20000044   Data           4  tasks.o(.data)
    uxTopReadyPriority                       0x20000048   Data           4  tasks.o(.data)
    xSchedulerRunning                        0x2000004c   Data           4  tasks.o(.data)
    xPendedTicks                             0x20000050   Data           4  tasks.o(.data)
    xYieldPending                            0x20000054   Data           4  tasks.o(.data)
    xNumOfOverflows                          0x20000058   Data           4  tasks.o(.data)
    uxTaskNumber                             0x2000005c   Data           4  tasks.o(.data)
    xNextTaskUnblockTime                     0x20000060   Data           4  tasks.o(.data)
    xIdleTaskHandle                          0x20000064   Data           4  tasks.o(.data)
    uxSchedulerSuspended                     0x2000006c   Data           4  tasks.o(.data)
    .data                                    0x20000070   Section       24  app_task.o(.data)
    .data                                    0x20000088   Section       12  inf_si24r1.o(.data)
    .data                                    0x20000094   Section        8  inf_joystickandkey.o(.data)
    buff                                     0x20000094   Data           8  inf_joystickandkey.o(.data)
    .bss                                     0x2000009c   Section      116  adc.o(.bss)
    .bss                                     0x20000110   Section       88  spi.o(.bss)
    .bss                                     0x20000168   Section       72  usart.o(.bss)
    .bss                                     0x200001b0   Section       20  com_config.o(.bss)
    .bss                                     0x200001c4   Section    12288  heap_4.o(.bss)
    ucHeap                                   0x200001c4   Data       12288  heap_4.o(.bss)
    .bss                                     0x200031c4   Section      740  tasks.o(.bss)
    pxReadyTasksLists                        0x200031c4   Data         640  tasks.o(.bss)
    xDelayedTaskList1                        0x20003444   Data          20  tasks.o(.bss)
    xDelayedTaskList2                        0x20003458   Data          20  tasks.o(.bss)
    xPendingReadyList                        0x2000346c   Data          20  tasks.o(.bss)
    xTasksWaitingTermination                 0x20003480   Data          20  tasks.o(.bss)
    xSuspendedTaskList                       0x20003494   Data          20  tasks.o(.bss)
    .bss                                     0x200034a8   Section       36  inf_si24r1.o(.bss)
    .bss                                     0x200034cc   Section     1024  oled.o(.bss)
    STACK                                    0x200038d0   Section     2048  startup_stm32f103xb.o(STACK)

    Global Symbols

    Symbol Name                              Value     Ov Type        Size  Object(Section)

    BuildAttributes$$THM_ISAv4$P$D$K$B$S$PE$A:L22UL41UL21$X:L11$S22US41US21$IEEE1$IW$USESV6$~STKCKD$USESV7$~SHL$OSPACE$ROPI$EBA8$MICROLIB$REQ8$PRES8$EABIv2 0x00000000   Number         0  anon$$obj.o ABSOLUTE
    __ARM_use_no_argv                        0x00000000   Number         0  main.o ABSOLUTE
    _printf_a                                0x00000000   Number         0  stubs.o ABSOLUTE
    _printf_c                                0x00000000   Number         0  stubs.o ABSOLUTE
    _printf_charcount                        0x00000000   Number         0  stubs.o ABSOLUTE
    _printf_d                                0x00000000   Number         0  stubs.o ABSOLUTE
    _printf_e                                0x00000000   Number         0  stubs.o ABSOLUTE
    _printf_f                                0x00000000   Number         0  stubs.o ABSOLUTE
    _printf_flags                            0x00000000   Number         0  stubs.o ABSOLUTE
    _printf_fp_dec                           0x00000000   Number         0  stubs.o ABSOLUTE
    _printf_fp_hex                           0x00000000   Number         0  stubs.o ABSOLUTE
    _printf_g                                0x00000000   Number         0  stubs.o ABSOLUTE
    _printf_i                                0x00000000   Number         0  stubs.o ABSOLUTE
    _printf_int_dec                          0x00000000   Number         0  stubs.o ABSOLUTE
    _printf_l                                0x00000000   Number         0  stubs.o ABSOLUTE
    _printf_lc                               0x00000000   Number         0  stubs.o ABSOLUTE
    _printf_ll                               0x00000000   Number         0  stubs.o ABSOLUTE
    _printf_lld                              0x00000000   Number         0  stubs.o ABSOLUTE
    _printf_lli                              0x00000000   Number         0  stubs.o ABSOLUTE
    _printf_llo                              0x00000000   Number         0  stubs.o ABSOLUTE
    _printf_llu                              0x00000000   Number         0  stubs.o ABSOLUTE
    _printf_llx                              0x00000000   Number         0  stubs.o ABSOLUTE
    _printf_longlong_dec                     0x00000000   Number         0  stubs.o ABSOLUTE
    _printf_longlong_hex                     0x00000000   Number         0  stubs.o ABSOLUTE
    _printf_longlong_oct                     0x00000000   Number         0  stubs.o ABSOLUTE
    _printf_ls                               0x00000000   Number         0  stubs.o ABSOLUTE
    _printf_mbtowc                           0x00000000   Number         0  stubs.o ABSOLUTE
    _printf_n                                0x00000000   Number         0  stubs.o ABSOLUTE
    _printf_o                                0x00000000   Number         0  stubs.o ABSOLUTE
    _printf_p                                0x00000000   Number         0  stubs.o ABSOLUTE
    _printf_percent                          0x00000000   Number         0  stubs.o ABSOLUTE
    _printf_pre_padding                      0x00000000   Number         0  stubs.o ABSOLUTE
    _printf_return_value                     0x00000000   Number         0  stubs.o ABSOLUTE
    _printf_s                                0x00000000   Number         0  stubs.o ABSOLUTE
    _printf_sizespec                         0x00000000   Number         0  stubs.o ABSOLUTE
    _printf_str                              0x00000000   Number         0  stubs.o ABSOLUTE
    _printf_truncate_signed                  0x00000000   Number         0  stubs.o ABSOLUTE
    _printf_truncate_unsigned                0x00000000   Number         0  stubs.o ABSOLUTE
    _printf_u                                0x00000000   Number         0  stubs.o ABSOLUTE
    _printf_wc                               0x00000000   Number         0  stubs.o ABSOLUTE
    _printf_wctomb                           0x00000000   Number         0  stubs.o ABSOLUTE
    _printf_widthprec                        0x00000000   Number         0  stubs.o ABSOLUTE
    _printf_x                                0x00000000   Number         0  stubs.o ABSOLUTE
    __arm_fini_                               - Undefined Weak Reference
    __cpp_initialize__aeabi_                  - Undefined Weak Reference
    __cxa_finalize                            - Undefined Weak Reference
    __decompress                              - Undefined Weak Reference
    _clock_init                               - Undefined Weak Reference
    _microlib_exit                            - Undefined Weak Reference
    __Vectors_Size                           0x000000ec   Number         0  startup_stm32f103xb.o ABSOLUTE
    __Vectors                                0x08000000   Data           4  startup_stm32f103xb.o(RESET)
    __Vectors_End                            0x080000ec   Data           0  startup_stm32f103xb.o(RESET)
    __main                                   0x080000ed   Thumb Code     0  entry.o(.ARM.Collect$$$$00000000)
    _main_stk                                0x080000ed   Thumb Code     0  entry2.o(.ARM.Collect$$$$00000001)
    _main_scatterload                        0x080000f1   Thumb Code     0  entry5.o(.ARM.Collect$$$$00000004)
    __main_after_scatterload                 0x080000f5   Thumb Code     0  entry5.o(.ARM.Collect$$$$00000004)
    _main_clock                              0x080000f5   Thumb Code     0  entry7b.o(.ARM.Collect$$$$00000008)
    _main_cpp_init                           0x080000f5   Thumb Code     0  entry8b.o(.ARM.Collect$$$$0000000A)
    _main_init                               0x080000f5   Thumb Code     0  entry9a.o(.ARM.Collect$$$$0000000B)
    __rt_lib_shutdown_fini                   0x080000fd   Thumb Code     0  entry12b.o(.ARM.Collect$$$$0000000E)
    __rt_final_cpp                           0x08000101   Thumb Code     0  entry10a.o(.ARM.Collect$$$$0000000F)
    __rt_final_exit                          0x08000101   Thumb Code     0  entry11a.o(.ARM.Collect$$$$00000011)
    SVC_Handler                              0x08000105   Thumb Code    32  port.o(.emb_text)
    __asm___6_port_c_39a90d8d__prvStartFirstTask 0x08000129   Thumb Code    28  port.o(.emb_text)
    PendSV_Handler                           0x08000149   Thumb Code    72  port.o(.emb_text)
    vPortGetIPSR                             0x08000195   Thumb Code     6  port.o(.emb_text)
    Reset_Handler                            0x0800019d   Thumb Code     8  startup_stm32f103xb.o(.text)
    ADC1_2_IRQHandler                        0x080001b7   Thumb Code     0  startup_stm32f103xb.o(.text)
    CAN1_RX1_IRQHandler                      0x080001b7   Thumb Code     0  startup_stm32f103xb.o(.text)
    CAN1_SCE_IRQHandler                      0x080001b7   Thumb Code     0  startup_stm32f103xb.o(.text)
    DMA1_Channel1_IRQHandler                 0x080001b7   Thumb Code     0  startup_stm32f103xb.o(.text)
    DMA1_Channel2_IRQHandler                 0x080001b7   Thumb Code     0  startup_stm32f103xb.o(.text)
    DMA1_Channel3_IRQHandler                 0x080001b7   Thumb Code     0  startup_stm32f103xb.o(.text)
    DMA1_Channel4_IRQHandler                 0x080001b7   Thumb Code     0  startup_stm32f103xb.o(.text)
    DMA1_Channel5_IRQHandler                 0x080001b7   Thumb Code     0  startup_stm32f103xb.o(.text)
    DMA1_Channel6_IRQHandler                 0x080001b7   Thumb Code     0  startup_stm32f103xb.o(.text)
    DMA1_Channel7_IRQHandler                 0x080001b7   Thumb Code     0  startup_stm32f103xb.o(.text)
    EXTI0_IRQHandler                         0x080001b7   Thumb Code     0  startup_stm32f103xb.o(.text)
    EXTI15_10_IRQHandler                     0x080001b7   Thumb Code     0  startup_stm32f103xb.o(.text)
    EXTI1_IRQHandler                         0x080001b7   Thumb Code     0  startup_stm32f103xb.o(.text)
    EXTI2_IRQHandler                         0x080001b7   Thumb Code     0  startup_stm32f103xb.o(.text)
    EXTI3_IRQHandler                         0x080001b7   Thumb Code     0  startup_stm32f103xb.o(.text)
    EXTI4_IRQHandler                         0x080001b7   Thumb Code     0  startup_stm32f103xb.o(.text)
    EXTI9_5_IRQHandler                       0x080001b7   Thumb Code     0  startup_stm32f103xb.o(.text)
    FLASH_IRQHandler                         0x080001b7   Thumb Code     0  startup_stm32f103xb.o(.text)
    I2C1_ER_IRQHandler                       0x080001b7   Thumb Code     0  startup_stm32f103xb.o(.text)
    I2C1_EV_IRQHandler                       0x080001b7   Thumb Code     0  startup_stm32f103xb.o(.text)
    I2C2_ER_IRQHandler                       0x080001b7   Thumb Code     0  startup_stm32f103xb.o(.text)
    I2C2_EV_IRQHandler                       0x080001b7   Thumb Code     0  startup_stm32f103xb.o(.text)
    PVD_IRQHandler                           0x080001b7   Thumb Code     0  startup_stm32f103xb.o(.text)
    RCC_IRQHandler                           0x080001b7   Thumb Code     0  startup_stm32f103xb.o(.text)
    RTC_Alarm_IRQHandler                     0x080001b7   Thumb Code     0  startup_stm32f103xb.o(.text)
    RTC_IRQHandler                           0x080001b7   Thumb Code     0  startup_stm32f103xb.o(.text)
    SPI1_IRQHandler                          0x080001b7   Thumb Code     0  startup_stm32f103xb.o(.text)
    SPI2_IRQHandler                          0x080001b7   Thumb Code     0  startup_stm32f103xb.o(.text)
    TAMPER_IRQHandler                        0x080001b7   Thumb Code     0  startup_stm32f103xb.o(.text)
    TIM1_BRK_IRQHandler                      0x080001b7   Thumb Code     0  startup_stm32f103xb.o(.text)
    TIM1_CC_IRQHandler                       0x080001b7   Thumb Code     0  startup_stm32f103xb.o(.text)
    TIM1_TRG_COM_IRQHandler                  0x080001b7   Thumb Code     0  startup_stm32f103xb.o(.text)
    TIM1_UP_IRQHandler                       0x080001b7   Thumb Code     0  startup_stm32f103xb.o(.text)
    TIM2_IRQHandler                          0x080001b7   Thumb Code     0  startup_stm32f103xb.o(.text)
    TIM3_IRQHandler                          0x080001b7   Thumb Code     0  startup_stm32f103xb.o(.text)
    TIM4_IRQHandler                          0x080001b7   Thumb Code     0  startup_stm32f103xb.o(.text)
    USART1_IRQHandler                        0x080001b7   Thumb Code     0  startup_stm32f103xb.o(.text)
    USART2_IRQHandler                        0x080001b7   Thumb Code     0  startup_stm32f103xb.o(.text)
    USART3_IRQHandler                        0x080001b7   Thumb Code     0  startup_stm32f103xb.o(.text)
    USBWakeUp_IRQHandler                     0x080001b7   Thumb Code     0  startup_stm32f103xb.o(.text)
    USB_HP_CAN1_TX_IRQHandler                0x080001b7   Thumb Code     0  startup_stm32f103xb.o(.text)
    USB_LP_CAN1_RX0_IRQHandler               0x080001b7   Thumb Code     0  startup_stm32f103xb.o(.text)
    WWDG_IRQHandler                          0x080001b7   Thumb Code     0  startup_stm32f103xb.o(.text)
    __aeabi_memset                           0x080001c1   Thumb Code    14  memseta.o(.text)
    __aeabi_memset4                          0x080001c1   Thumb Code     0  memseta.o(.text)
    __aeabi_memset8                          0x080001c1   Thumb Code     0  memseta.o(.text)
    __aeabi_memclr                           0x080001cf   Thumb Code     4  memseta.o(.text)
    __aeabi_memclr4                          0x080001cf   Thumb Code     0  memseta.o(.text)
    __aeabi_memclr8                          0x080001cf   Thumb Code     0  memseta.o(.text)
    _memset$wrapper                          0x080001d3   Thumb Code    18  memseta.o(.text)
    __scatterload                            0x080001e5   Thumb Code    28  init.o(.text)
    __scatterload_rt2                        0x080001e5   Thumb Code     0  init.o(.text)
    ADC_ConversionStop_Disable               0x08000209   Thumb Code    92  stm32f1xx_hal_adc.o(i.ADC_ConversionStop_Disable)
    ADC_DMAConvCplt                          0x08000265   Thumb Code    82  stm32f1xx_hal_adc.o(i.ADC_DMAConvCplt)
    ADC_DMAError                             0x080002b7   Thumb Code    30  stm32f1xx_hal_adc.o(i.ADC_DMAError)
    ADC_DMAHalfConvCplt                      0x080002d5   Thumb Code    14  stm32f1xx_hal_adc.o(i.ADC_DMAHalfConvCplt)
    ADC_Enable                               0x080002e5   Thumb Code   134  stm32f1xx_hal_adc.o(i.ADC_Enable)
    App_Communication_SendJoyStickData       0x08000375   Thumb Code   292  app_communication.o(i.App_Communication_SendJoyStickData)
    App_Communication_Start                  0x080004a1   Thumb Code    26  app_communication.o(i.App_Communication_Start)
    App_DataProcess_JoyStickDataProcess      0x08000585   Thumb Code    24  app_dataprocess.o(i.App_DataProcess_JoyStickDataProcess)
    App_DataProcess_KeyDataProcess           0x08000711   Thumb Code   118  app_dataprocess.o(i.App_DataProcess_KeyDataProcess)
    App_DataProcess_Start                    0x08000791   Thumb Code     8  app_dataprocess.o(i.App_DataProcess_Start)
    App_Display_Show                         0x08000799   Thumb Code   488  app_disaplay.o(i.App_Display_Show)
    App_Display_ShowProgressBar              0x080009a5   Thumb Code   300  app_disaplay.o(i.App_Display_ShowProgressBar)
    App_Display_Start                        0x08000ad1   Thumb Code     8  app_disaplay.o(i.App_Display_Start)
    App_Task_FreeRTOSStart                   0x08000ad9   Thumb Code    42  app_task.o(i.App_Task_FreeRTOSStart)
    BusFault_Handler                         0x08000b19   Thumb Code     4  stm32f1xx_it.o(i.BusFault_Handler)
    DebugMon_Handler                         0x08000b49   Thumb Code     2  stm32f1xx_it.o(i.DebugMon_Handler)
    Driver_SPI_SwapByte                      0x08000b4d   Thumb Code    28  spi.o(i.Driver_SPI_SwapByte)
    Error_Handler                            0x08000b6d   Thumb Code     6  main.o(i.Error_Handler)
    HAL_ADCEx_Calibration_Start              0x08000b75   Thumb Code   278  stm32f1xx_hal_adc_ex.o(i.HAL_ADCEx_Calibration_Start)
    HAL_ADC_ConfigChannel                    0x08000c91   Thumb Code   338  stm32f1xx_hal_adc.o(i.HAL_ADC_ConfigChannel)
    HAL_ADC_ConvCpltCallback                 0x08000df1   Thumb Code     2  stm32f1xx_hal_adc.o(i.HAL_ADC_ConvCpltCallback)
    HAL_ADC_ConvHalfCpltCallback             0x08000df3   Thumb Code     2  stm32f1xx_hal_adc.o(i.HAL_ADC_ConvHalfCpltCallback)
    HAL_ADC_ErrorCallback                    0x08000df5   Thumb Code     2  stm32f1xx_hal_adc.o(i.HAL_ADC_ErrorCallback)
    HAL_ADC_Init                             0x08000df9   Thumb Code   314  stm32f1xx_hal_adc.o(i.HAL_ADC_Init)
    HAL_ADC_MspInit                          0x08000f3d   Thumb Code   154  adc.o(i.HAL_ADC_MspInit)
    HAL_ADC_Start_DMA                        0x08000fed   Thumb Code   362  stm32f1xx_hal_adc.o(i.HAL_ADC_Start_DMA)
    HAL_DMA_Init                             0x0800116d   Thumb Code   100  stm32f1xx_hal_dma.o(i.HAL_DMA_Init)
    HAL_DMA_Start_IT                         0x080011d5   Thumb Code   156  stm32f1xx_hal_dma.o(i.HAL_DMA_Start_IT)
    HAL_Delay                                0x08001271   Thumb Code    36  stm32f1xx_hal.o(i.HAL_Delay)
    HAL_GPIO_Init                            0x08001299   Thumb Code   766  stm32f1xx_hal_gpio.o(i.HAL_GPIO_Init)
    HAL_GPIO_ReadPin                         0x080015b9   Thumb Code    16  stm32f1xx_hal_gpio.o(i.HAL_GPIO_ReadPin)
    HAL_GPIO_WritePin                        0x080015c9   Thumb Code    12  stm32f1xx_hal_gpio.o(i.HAL_GPIO_WritePin)
    HAL_GetTick                              0x080015d5   Thumb Code     6  stm32f1xx_hal.o(i.HAL_GetTick)
    HAL_IncTick                              0x080015e1   Thumb Code    16  stm32f1xx_hal.o(i.HAL_IncTick)
    HAL_Init                                 0x080015f9   Thumb Code    34  stm32f1xx_hal.o(i.HAL_Init)
    HAL_InitTick                             0x08001621   Thumb Code    64  stm32f1xx_hal.o(i.HAL_InitTick)
    HAL_MspInit                              0x0800166d   Thumb Code    76  stm32f1xx_hal_msp.o(i.HAL_MspInit)
    HAL_NVIC_SetPriority                     0x080016c1   Thumb Code   124  stm32f1xx_hal_cortex.o(i.HAL_NVIC_SetPriority)
    HAL_NVIC_SetPriorityGrouping             0x0800173d   Thumb Code    32  stm32f1xx_hal_cortex.o(i.HAL_NVIC_SetPriorityGrouping)
    HAL_RCCEx_GetPeriphCLKFreq               0x08001765   Thumb Code   232  stm32f1xx_hal_rcc_ex.o(i.HAL_RCCEx_GetPeriphCLKFreq)
    HAL_RCCEx_PeriphCLKConfig                0x08001861   Thumb Code   290  stm32f1xx_hal_rcc_ex.o(i.HAL_RCCEx_PeriphCLKConfig)
    HAL_RCC_ClockConfig                      0x08001991   Thumb Code   376  stm32f1xx_hal_rcc.o(i.HAL_RCC_ClockConfig)
    HAL_RCC_GetHCLKFreq                      0x08001b1d   Thumb Code     6  stm32f1xx_hal_rcc.o(i.HAL_RCC_GetHCLKFreq)
    HAL_RCC_GetPCLK1Freq                     0x08001b29   Thumb Code    22  stm32f1xx_hal_rcc.o(i.HAL_RCC_GetPCLK1Freq)
    HAL_RCC_GetPCLK2Freq                     0x08001b49   Thumb Code    22  stm32f1xx_hal_rcc.o(i.HAL_RCC_GetPCLK2Freq)
    HAL_RCC_GetSysClockFreq                  0x08001b69   Thumb Code    92  stm32f1xx_hal_rcc.o(i.HAL_RCC_GetSysClockFreq)
    HAL_RCC_OscConfig                        0x08001bd9   Thumb Code  1114  stm32f1xx_hal_rcc.o(i.HAL_RCC_OscConfig)
    HAL_SPI_Init                             0x0800203d   Thumb Code   190  stm32f1xx_hal_spi.o(i.HAL_SPI_Init)
    HAL_SPI_MspInit                          0x080020fd   Thumb Code   138  spi.o(i.HAL_SPI_MspInit)
    HAL_SPI_TransmitReceive                  0x08002199   Thumb Code   576  stm32f1xx_hal_spi.o(i.HAL_SPI_TransmitReceive)
    HAL_SYSTICK_Config                       0x080023d9   Thumb Code    52  stm32f1xx_hal_cortex.o(i.HAL_SYSTICK_Config)
    HAL_UART_Init                            0x0800240d   Thumb Code   118  stm32f1xx_hal_uart.o(i.HAL_UART_Init)
    HAL_UART_MspInit                         0x08002485   Thumb Code   122  usart.o(i.HAL_UART_MspInit)
    HardFault_Handler                        0x0800250d   Thumb Code     4  stm32f1xx_it.o(i.HardFault_Handler)
    Inf_IP5305T_Close                        0x08002511   Thumb Code    20  inf_ip5305t.o(i.Inf_IP5305T_Close)
    Inf_IP5305T_Open                         0x08002525   Thumb Code     8  inf_ip5305t.o(i.Inf_IP5305T_Open)
    Inf_JoyStickAndKey_Init                  0x08002551   Thumb Code    20  inf_joystickandkey.o(i.Inf_JoyStickAndKey_Init)
    Inf_JoyStickAndKey_JoyStickScan          0x0800256d   Thumb Code    36  inf_joystickandkey.o(i.Inf_JoyStickAndKey_JoyStickScan)
    Inf_JoyStickAndKey_KeyScan               0x08002599   Thumb Code   350  inf_joystickandkey.o(i.Inf_JoyStickAndKey_KeyScan)
    Inf_Si24R1_Check                         0x080026fd   Thumb Code    80  inf_si24r1.o(i.Inf_Si24R1_Check)
    Inf_Si24R1_ReadBuf                       0x08002755   Thumb Code    66  inf_si24r1.o(i.Inf_Si24R1_ReadBuf)
    Inf_Si24R1_ReadReg                       0x0800279d   Thumb Code    46  inf_si24r1.o(i.Inf_Si24R1_ReadReg)
    Inf_Si24R1_TXMode                        0x080027d1   Thumb Code    92  inf_si24r1.o(i.Inf_Si24R1_TXMode)
    Inf_Si24R1_TxPacket                      0x08002839   Thumb Code    96  inf_si24r1.o(i.Inf_Si24R1_TxPacket)
    Inf_Si24R1_WriteBuf                      0x0800289d   Thumb Code    70  inf_si24r1.o(i.Inf_Si24R1_WriteBuf)
    Inf_Si24R1_WriteReg                      0x080028e9   Thumb Code    48  inf_si24r1.o(i.Inf_Si24R1_WriteReg)
    MX_ADC1_Init                             0x0800291d   Thumb Code   150  adc.o(i.MX_ADC1_Init)
    MX_DMA_Init                              0x080029bd   Thumb Code    32  dma.o(i.MX_DMA_Init)
    MX_GPIO_Init                             0x080029e1   Thumb Code   244  gpio.o(i.MX_GPIO_Init)
    MX_SPI1_Init                             0x08002ae1   Thumb Code    60  spi.o(i.MX_SPI1_Init)
    MX_USART1_UART_Init                      0x08002b25   Thumb Code    46  usart.o(i.MX_USART1_UART_Init)
    MemManage_Handler                        0x08002b5d   Thumb Code     4  stm32f1xx_it.o(i.MemManage_Handler)
    NMI_Handler                              0x08002b61   Thumb Code     4  stm32f1xx_it.o(i.NMI_Handler)
    OLED_Clear                               0x08002b65   Thumb Code    42  oled.o(i.OLED_Clear)
    OLED_DrawPoint                           0x08002b95   Thumb Code   100  oled.o(i.OLED_DrawPoint)
    OLED_Init                                0x08002bfd   Thumb Code   330  oled.o(i.OLED_Init)
    OLED_Refresh_Gram                        0x08002d51   Thumb Code    70  oled.o(i.OLED_Refresh_Gram)
    OLED_ShowCH                              0x08002d9d   Thumb Code   132  oled.o(i.OLED_ShowCH)
    OLED_ShowChar                            0x08002e25   Thumb Code   158  oled.o(i.OLED_ShowChar)
    OLED_ShowNumber                          0x08002ecd   Thumb Code   148  oled.o(i.OLED_ShowNumber)
    OLED_ShowString                          0x08002f61   Thumb Code    74  oled.o(i.OLED_ShowString)
    OLED_Show_CH                             0x08002fab   Thumb Code    70  oled.o(i.OLED_Show_CH)
    OLED_WR_Byte                             0x08002ff1   Thumb Code   126  oled.o(i.OLED_WR_Byte)
    SysTick_Handler                          0x080031a1   Thumb Code    20  stm32f1xx_it.o(i.SysTick_Handler)
    SystemClock_Config                       0x080031b5   Thumb Code   132  main.o(i.SystemClock_Config)
    SystemInit                               0x08003239   Thumb Code     2  system_stm32f1xx.o(i.SystemInit)
    UsageFault_Handler                       0x08003339   Thumb Code     4  stm32f1xx_it.o(i.UsageFault_Handler)
    __scatterload_copy                       0x08003375   Thumb Code    14  handlers.o(i.__scatterload_copy)
    __scatterload_null                       0x08003383   Thumb Code     2  handlers.o(i.__scatterload_null)
    __scatterload_zeroinit                   0x08003385   Thumb Code    14  handlers.o(i.__scatterload_zeroinit)
    communicationTask                        0x08003393   Thumb Code    36  app_task.o(i.communicationTask)
    displayTask                              0x080033b7   Thumb Code    28  app_task.o(i.displayTask)
    joyStickTask                             0x080033d3   Thumb Code    36  app_task.o(i.joyStickTask)
    keyTask                                  0x080033f7   Thumb Code    28  app_task.o(i.keyTask)
    main                                     0x08003413   Thumb Code    36  main.o(i.main)
    oled_pow                                 0x08003437   Thumb Code    22  oled.o(i.oled_pow)
    powerTask                                0x0800344d   Thumb Code    32  app_task.o(i.powerTask)
    pvPortMalloc                             0x080038ad   Thumb Code   208  heap_4.o(i.pvPortMalloc)
    pxPortInitialiseStack                    0x08003991   Thumb Code    30  port.o(i.pxPortInitialiseStack)
    startTask                                0x080039b5   Thumb Code   118  app_task.o(i.startTask)
    ulTaskGenericNotifyTake                  0x08003aa1   Thumb Code   128  tasks.o(i.ulTaskGenericNotifyTake)
    uxListRemove                             0x08003b29   Thumb Code    40  list.o(i.uxListRemove)
    vListInitialise                          0x08003b51   Thumb Code    26  list.o(i.vListInitialise)
    vListInitialiseItem                      0x08003b6b   Thumb Code     6  list.o(i.vListInitialiseItem)
    vListInsert                              0x08003b71   Thumb Code    52  list.o(i.vListInsert)
    vListInsertEnd                           0x08003ba5   Thumb Code    24  list.o(i.vListInsertEnd)
    vPortEnterCritical                       0x08003bbd   Thumb Code    30  port.o(i.vPortEnterCritical)
    vPortExitCritical                        0x08003be1   Thumb Code    28  port.o(i.vPortExitCritical)
    vPortFree                                0x08003c01   Thumb Code    68  heap_4.o(i.vPortFree)
    vPortSetupTimerInterrupt                 0x08003c4d   Thumb Code    20  port.o(i.vPortSetupTimerInterrupt)
    vTaskDelay                               0x08003c65   Thumb Code    46  tasks.o(i.vTaskDelay)
    vTaskDelete                              0x08003c99   Thumb Code   174  tasks.o(i.vTaskDelete)
    vTaskStartScheduler                      0x08003d6d   Thumb Code    76  tasks.o(i.vTaskStartScheduler)
    vTaskSuspendAll                          0x08003dd9   Thumb Code    12  tasks.o(i.vTaskSuspendAll)
    vTaskSwitchContext                       0x08003de9   Thumb Code    76  tasks.o(i.vTaskSwitchContext)
    xPortStartScheduler                      0x08003e49   Thumb Code    42  port.o(i.xPortStartScheduler)
    xPortSysTickHandler                      0x08003e7d   Thumb Code    46  port.o(i.xPortSysTickHandler)
    xTaskCreate                              0x08003eb1   Thumb Code   104  tasks.o(i.xTaskCreate)
    xTaskDelayUntil                          0x08003f19   Thumb Code   108  tasks.o(i.xTaskDelayUntil)
    xTaskGetSchedulerState                   0x08003f8d   Thumb Code    24  tasks.o(i.xTaskGetSchedulerState)
    xTaskGetTickCount                        0x08003fad   Thumb Code     6  tasks.o(i.xTaskGetTickCount)
    xTaskIncrementTick                       0x08003fb9   Thumb Code   356  tasks.o(i.xTaskIncrementTick)
    xTaskResumeAll                           0x08004149   Thumb Code   310  tasks.o(i.xTaskResumeAll)
    AHBPrescTable                            0x080042c8   Data          16  system_stm32f1xx.o(.constdata)
    APBPrescTable                            0x080042d8   Data           8  system_stm32f1xx.o(.constdata)
    oled_asc2_1206                           0x080042e0   Data        1140  oledfont.o(.constdata)
    oled_asc2_1608                           0x08004754   Data        1520  oledfont.o(.constdata)
    oled_CH_1616                             0x08004d44   Data         648  oledfont.o(.constdata)
    oled_CH15                                0x08004fcc   Data         168  oledfont.o(.constdata)
    Region$$Table$$Base                      0x08005074   Number         0  anon$$obj.o(Region$$Table)
    Region$$Table$$Limit                     0x08005094   Number         0  anon$$obj.o(Region$$Table)
    uwTick                                   0x20000000   Data           4  stm32f1xx_hal.o(.data)
    uwTickPrio                               0x20000004   Data           4  stm32f1xx_hal.o(.data)
    uwTickFreq                               0x20000008   Data           1  stm32f1xx_hal.o(.data)
    SystemCoreClock                          0x2000000c   Data           4  system_stm32f1xx.o(.data)
    pxCurrentTCB                             0x20000030   Data           4  tasks.o(.data)
    uxTopUsedPriority                        0x20000068   Data           4  tasks.o(.data)
    startTaskHandle                          0x20000070   Data           4  app_task.o(.data)
    powerTaskHandle                          0x20000074   Data           4  app_task.o(.data)
    communicationTaskHandle                  0x20000078   Data           4  app_task.o(.data)
    keyTaskHandle                            0x2000007c   Data           4  app_task.o(.data)
    joyStickTaskHandle                       0x20000080   Data           4  app_task.o(.data)
    displayTaskHandle                        0x20000084   Data           4  app_task.o(.data)
    TX_ADDRESS                               0x20000088   Data           5  inf_si24r1.o(.data)
    RX_ADDRESS                               0x2000008d   Data           5  inf_si24r1.o(.data)
    connect_flag                             0x20000092   Data           2  inf_si24r1.o(.data)
    hadc1                                    0x2000009c   Data          48  adc.o(.bss)
    hdma_adc1                                0x200000cc   Data          68  adc.o(.bss)
    hspi1                                    0x20000110   Data          88  spi.o(.bss)
    huart1                                   0x20000168   Data          72  usart.o(.bss)
    joyStick                                 0x200001b0   Data          10  com_config.o(.bss)
    joyStickBias                             0x200001ba   Data          10  com_config.o(.bss)
    TX_BUFF                                  0x200034a8   Data          18  inf_si24r1.o(.bss)
    RX_BUFF                                  0x200034ba   Data          18  inf_si24r1.o(.bss)
    OLED_GRAM                                0x200034cc   Data        1024  oled.o(.bss)
    __initial_sp                             0x200040d0   Data           0  startup_stm32f103xb.o(STACK)



==============================================================================

Memory Map of the image

  Image Entry point : 0x080000ed

  Load Region LR_IROM1 (Base: 0x08000000, Size: 0x00005130, Max: 0x00010000, ABSOLUTE)

    Execution Region ER_IROM1 (Exec base: 0x08000000, Load base: 0x08000000, Size: 0x00005094, Max: 0x00010000, ABSOLUTE)

    Exec Addr    Load Addr    Size         Type   Attr      Idx    E Section Name        Object

    0x08000000   0x08000000   0x000000ec   Data   RO            3    RESET               startup_stm32f103xb.o
    0x080000ec   0x080000ec   0x00000000   Code   RO         4138  * .ARM.Collect$$$$00000000  mc_w.l(entry.o)
    0x080000ec   0x080000ec   0x00000004   Code   RO         4414    .ARM.Collect$$$$00000001  mc_w.l(entry2.o)
    0x080000f0   0x080000f0   0x00000004   Code   RO         4417    .ARM.Collect$$$$00000004  mc_w.l(entry5.o)
    0x080000f4   0x080000f4   0x00000000   Code   RO         4419    .ARM.Collect$$$$00000008  mc_w.l(entry7b.o)
    0x080000f4   0x080000f4   0x00000000   Code   RO         4421    .ARM.Collect$$$$0000000A  mc_w.l(entry8b.o)
    0x080000f4   0x080000f4   0x00000008   Code   RO         4422    .ARM.Collect$$$$0000000B  mc_w.l(entry9a.o)
    0x080000fc   0x080000fc   0x00000004   Code   RO         4429    .ARM.Collect$$$$0000000E  mc_w.l(entry12b.o)
    0x08000100   0x08000100   0x00000000   Code   RO         4424    .ARM.Collect$$$$0000000F  mc_w.l(entry10a.o)
    0x08000100   0x08000100   0x00000000   Code   RO         4426    .ARM.Collect$$$$00000011  mc_w.l(entry11a.o)
    0x08000100   0x08000100   0x00000004   Code   RO         4415    .ARM.Collect$$$$00002712  mc_w.l(entry2.o)
    0x08000104   0x08000104   0x00000096   Code   RO         2660    .emb_text           port.o
    0x0800019a   0x0800019a   0x00000002   PAD
    0x0800019c   0x0800019c   0x00000024   Code   RO            4    .text               startup_stm32f103xb.o
    0x080001c0   0x080001c0   0x00000024   Code   RO         4145    .text               mc_w.l(memseta.o)
    0x080001e4   0x080001e4   0x00000024   Code   RO         4446    .text               mc_w.l(init.o)
    0x08000208   0x08000208   0x0000005c   Code   RO          550    i.ADC_ConversionStop_Disable  stm32f1xx_hal_adc.o
    0x08000264   0x08000264   0x00000052   Code   RO          551    i.ADC_DMAConvCplt   stm32f1xx_hal_adc.o
    0x080002b6   0x080002b6   0x0000001e   Code   RO          552    i.ADC_DMAError      stm32f1xx_hal_adc.o
    0x080002d4   0x080002d4   0x0000000e   Code   RO          553    i.ADC_DMAHalfConvCplt  stm32f1xx_hal_adc.o
    0x080002e2   0x080002e2   0x00000002   PAD
    0x080002e4   0x080002e4   0x00000090   Code   RO          554    i.ADC_Enable        stm32f1xx_hal_adc.o
    0x08000374   0x08000374   0x0000012c   Code   RO         3673    i.App_Communication_SendJoyStickData  app_communication.o
    0x080004a0   0x080004a0   0x0000001a   Code   RO         3674    i.App_Communication_Start  app_communication.o
    0x080004ba   0x080004ba   0x00000002   PAD
    0x080004bc   0x080004bc   0x000000c8   Code   RO         3772    i.App_DataProcess_JoyStickCaclBias  app_dataprocess.o
    0x08000584   0x08000584   0x00000018   Code   RO         3773    i.App_DataProcess_JoyStickDataProcess  app_dataprocess.o
    0x0800059c   0x0800059c   0x00000080   Code   RO         3774    i.App_DataProcess_JoyStickPolarityAndRange  app_dataprocess.o
    0x0800061c   0x0800061c   0x000000f4   Code   RO         3775    i.App_DataProcess_JoystickWithBias  app_dataprocess.o
    0x08000710   0x08000710   0x00000080   Code   RO         3776    i.App_DataProcess_KeyDataProcess  app_dataprocess.o
    0x08000790   0x08000790   0x00000008   Code   RO         3777    i.App_DataProcess_Start  app_dataprocess.o
    0x08000798   0x08000798   0x0000020c   Code   RO         3823    i.App_Display_Show  app_disaplay.o
    0x080009a4   0x080009a4   0x0000012c   Code   RO         3824    i.App_Display_ShowProgressBar  app_disaplay.o
    0x08000ad0   0x08000ad0   0x00000008   Code   RO         3825    i.App_Display_Start  app_disaplay.o
    0x08000ad8   0x08000ad8   0x00000040   Code   RO         3706    i.App_Task_FreeRTOSStart  app_task.o
    0x08000b18   0x08000b18   0x00000004   Code   RO          415    i.BusFault_Handler  stm32f1xx_it.o
    0x08000b1c   0x08000b1c   0x0000002c   Code   RO         1211    i.DMA_SetConfig     stm32f1xx_hal_dma.o
    0x08000b48   0x08000b48   0x00000002   Code   RO          416    i.DebugMon_Handler  stm32f1xx_it.o
    0x08000b4a   0x08000b4a   0x00000002   PAD
    0x08000b4c   0x08000b4c   0x00000020   Code   RO          325    i.Driver_SPI_SwapByte  spi.o
    0x08000b6c   0x08000b6c   0x00000006   Code   RO           13    i.Error_Handler     main.o
    0x08000b72   0x08000b72   0x00000002   PAD
    0x08000b74   0x08000b74   0x0000011c   Code   RO          730    i.HAL_ADCEx_Calibration_Start  stm32f1xx_hal_adc_ex.o
    0x08000c90   0x08000c90   0x00000160   Code   RO          556    i.HAL_ADC_ConfigChannel  stm32f1xx_hal_adc.o
    0x08000df0   0x08000df0   0x00000002   Code   RO          557    i.HAL_ADC_ConvCpltCallback  stm32f1xx_hal_adc.o
    0x08000df2   0x08000df2   0x00000002   Code   RO          558    i.HAL_ADC_ConvHalfCpltCallback  stm32f1xx_hal_adc.o
    0x08000df4   0x08000df4   0x00000002   Code   RO          560    i.HAL_ADC_ErrorCallback  stm32f1xx_hal_adc.o
    0x08000df6   0x08000df6   0x00000002   PAD
    0x08000df8   0x08000df8   0x00000144   Code   RO          565    i.HAL_ADC_Init      stm32f1xx_hal_adc.o
    0x08000f3c   0x08000f3c   0x000000b0   Code   RO          260    i.HAL_ADC_MspInit   adc.o
    0x08000fec   0x08000fec   0x00000180   Code   RO          572    i.HAL_ADC_Start_DMA  stm32f1xx_hal_adc.o
    0x0800116c   0x0800116c   0x00000068   Code   RO         1218    i.HAL_DMA_Init      stm32f1xx_hal_dma.o
    0x080011d4   0x080011d4   0x0000009c   Code   RO         1222    i.HAL_DMA_Start_IT  stm32f1xx_hal_dma.o
    0x08001270   0x08001270   0x00000028   Code   RO          833    i.HAL_Delay         stm32f1xx_hal.o
    0x08001298   0x08001298   0x00000320   Code   RO         1148    i.HAL_GPIO_Init     stm32f1xx_hal_gpio.o
    0x080015b8   0x080015b8   0x00000010   Code   RO         1150    i.HAL_GPIO_ReadPin  stm32f1xx_hal_gpio.o
    0x080015c8   0x080015c8   0x0000000c   Code   RO         1152    i.HAL_GPIO_WritePin  stm32f1xx_hal_gpio.o
    0x080015d4   0x080015d4   0x0000000c   Code   RO          837    i.HAL_GetTick       stm32f1xx_hal.o
    0x080015e0   0x080015e0   0x00000018   Code   RO          843    i.HAL_IncTick       stm32f1xx_hal.o
    0x080015f8   0x080015f8   0x00000028   Code   RO          844    i.HAL_Init          stm32f1xx_hal.o
    0x08001620   0x08001620   0x0000004c   Code   RO          845    i.HAL_InitTick      stm32f1xx_hal.o
    0x0800166c   0x0800166c   0x00000054   Code   RO          490    i.HAL_MspInit       stm32f1xx_hal_msp.o
    0x080016c0   0x080016c0   0x0000007c   Code   RO         1314    i.HAL_NVIC_SetPriority  stm32f1xx_hal_cortex.o
    0x0800173c   0x0800173c   0x00000028   Code   RO         1315    i.HAL_NVIC_SetPriorityGrouping  stm32f1xx_hal_cortex.o
    0x08001764   0x08001764   0x000000fc   Code   RO         1109    i.HAL_RCCEx_GetPeriphCLKFreq  stm32f1xx_hal_rcc_ex.o
    0x08001860   0x08001860   0x00000130   Code   RO         1110    i.HAL_RCCEx_PeriphCLKConfig  stm32f1xx_hal_rcc_ex.o
    0x08001990   0x08001990   0x0000018c   Code   RO         1001    i.HAL_RCC_ClockConfig  stm32f1xx_hal_rcc.o
    0x08001b1c   0x08001b1c   0x0000000c   Code   RO         1006    i.HAL_RCC_GetHCLKFreq  stm32f1xx_hal_rcc.o
    0x08001b28   0x08001b28   0x00000020   Code   RO         1008    i.HAL_RCC_GetPCLK1Freq  stm32f1xx_hal_rcc.o
    0x08001b48   0x08001b48   0x00000020   Code   RO         1009    i.HAL_RCC_GetPCLK2Freq  stm32f1xx_hal_rcc.o
    0x08001b68   0x08001b68   0x00000070   Code   RO         1010    i.HAL_RCC_GetSysClockFreq  stm32f1xx_hal_rcc.o
    0x08001bd8   0x08001bd8   0x00000464   Code   RO         1013    i.HAL_RCC_OscConfig  stm32f1xx_hal_rcc.o
    0x0800203c   0x0800203c   0x000000be   Code   RO         1845    i.HAL_SPI_Init      stm32f1xx_hal_spi.o
    0x080020fa   0x080020fa   0x00000002   PAD
    0x080020fc   0x080020fc   0x0000009c   Code   RO          327    i.HAL_SPI_MspInit   spi.o
    0x08002198   0x08002198   0x00000240   Code   RO         1854    i.HAL_SPI_TransmitReceive  stm32f1xx_hal_spi.o
    0x080023d8   0x080023d8   0x00000034   Code   RO         1319    i.HAL_SYSTICK_Config  stm32f1xx_hal_cortex.o
    0x0800240c   0x0800240c   0x00000076   Code   RO         2222    i.HAL_UART_Init     stm32f1xx_hal_uart.o
    0x08002482   0x08002482   0x00000002   PAD
    0x08002484   0x08002484   0x00000088   Code   RO          374    i.HAL_UART_MspInit  usart.o
    0x0800250c   0x0800250c   0x00000004   Code   RO          417    i.HardFault_Handler  stm32f1xx_it.o
    0x08002510   0x08002510   0x00000014   Code   RO         3938    i.Inf_IP5305T_Close  inf_ip5305t.o
    0x08002524   0x08002524   0x00000008   Code   RO         3939    i.Inf_IP5305T_Open  inf_ip5305t.o
    0x0800252c   0x0800252c   0x00000024   Code   RO         3940    i.Inf_IP5305T_ShortPress  inf_ip5305t.o
    0x08002550   0x08002550   0x0000001c   Code   RO         3976    i.Inf_JoyStickAndKey_Init  inf_joystickandkey.o
    0x0800256c   0x0800256c   0x0000002c   Code   RO         3977    i.Inf_JoyStickAndKey_JoyStickScan  inf_joystickandkey.o
    0x08002598   0x08002598   0x00000164   Code   RO         3978    i.Inf_JoyStickAndKey_KeyScan  inf_joystickandkey.o
    0x080026fc   0x080026fc   0x00000058   Code   RO         3859    i.Inf_Si24R1_Check  inf_si24r1.o
    0x08002754   0x08002754   0x00000048   Code   RO         3861    i.Inf_Si24R1_ReadBuf  inf_si24r1.o
    0x0800279c   0x0800279c   0x00000034   Code   RO         3862    i.Inf_Si24R1_ReadReg  inf_si24r1.o
    0x080027d0   0x080027d0   0x00000068   Code   RO         3864    i.Inf_Si24R1_TXMode  inf_si24r1.o
    0x08002838   0x08002838   0x00000064   Code   RO         3865    i.Inf_Si24R1_TxPacket  inf_si24r1.o
    0x0800289c   0x0800289c   0x0000004c   Code   RO         3866    i.Inf_Si24R1_WriteBuf  inf_si24r1.o
    0x080028e8   0x080028e8   0x00000034   Code   RO         3867    i.Inf_Si24R1_WriteReg  inf_si24r1.o
    0x0800291c   0x0800291c   0x000000a0   Code   RO          261    i.MX_ADC1_Init      adc.o
    0x080029bc   0x080029bc   0x00000024   Code   RO          301    i.MX_DMA_Init       dma.o
    0x080029e0   0x080029e0   0x00000100   Code   RO          235    i.MX_GPIO_Init      gpio.o
    0x08002ae0   0x08002ae0   0x00000044   Code   RO          328    i.MX_SPI1_Init      spi.o
    0x08002b24   0x08002b24   0x00000038   Code   RO          375    i.MX_USART1_UART_Init  usart.o
    0x08002b5c   0x08002b5c   0x00000004   Code   RO          418    i.MemManage_Handler  stm32f1xx_it.o
    0x08002b60   0x08002b60   0x00000004   Code   RO          419    i.NMI_Handler       stm32f1xx_it.o
    0x08002b64   0x08002b64   0x00000030   Code   RO         4014    i.OLED_Clear        oled.o
    0x08002b94   0x08002b94   0x00000068   Code   RO         4017    i.OLED_DrawPoint    oled.o
    0x08002bfc   0x08002bfc   0x00000154   Code   RO         4018    i.OLED_Init         oled.o
    0x08002d50   0x08002d50   0x0000004c   Code   RO         4019    i.OLED_Refresh_Gram  oled.o
    0x08002d9c   0x08002d9c   0x00000088   Code   RO         4020    i.OLED_ShowCH       oled.o
    0x08002e24   0x08002e24   0x000000a8   Code   RO         4021    i.OLED_ShowChar     oled.o
    0x08002ecc   0x08002ecc   0x00000094   Code   RO         4022    i.OLED_ShowNumber   oled.o
    0x08002f60   0x08002f60   0x0000004a   Code   RO         4023    i.OLED_ShowString   oled.o
    0x08002faa   0x08002faa   0x00000046   Code   RO         4025    i.OLED_Show_CH      oled.o
    0x08002ff0   0x08002ff0   0x00000088   Code   RO         4027    i.OLED_WR_Byte      oled.o
    0x08003078   0x08003078   0x00000028   Code   RO         1014    i.RCC_Delay         stm32f1xx_hal_rcc.o
    0x080030a0   0x080030a0   0x00000028   Code   RO         1883    i.SPI_EndRxTxTransaction  stm32f1xx_hal_spi.o
    0x080030c8   0x080030c8   0x000000d8   Code   RO         1888    i.SPI_WaitFlagStateUntilTimeout  stm32f1xx_hal_spi.o
    0x080031a0   0x080031a0   0x00000014   Code   RO          422    i.SysTick_Handler   stm32f1xx_it.o
    0x080031b4   0x080031b4   0x00000084   Code   RO           14    i.SystemClock_Config  main.o
    0x08003238   0x08003238   0x00000002   Code   RO         2566    i.SystemInit        system_stm32f1xx.o
    0x0800323a   0x0800323a   0x00000002   PAD
    0x0800323c   0x0800323c   0x000000fc   Code   RO         2249    i.UART_SetConfig    stm32f1xx_hal_uart.o
    0x08003338   0x08003338   0x00000004   Code   RO          423    i.UsageFault_Handler  stm32f1xx_it.o
    0x0800333c   0x0800333c   0x00000010   Code   RO         1321    i.__NVIC_GetPriorityGrouping  stm32f1xx_hal_cortex.o
    0x0800334c   0x0800334c   0x00000028   Code   RO         1322    i.__NVIC_SetPriority  stm32f1xx_hal_cortex.o
    0x08003374   0x08003374   0x0000000e   Code   RO         4456    i.__scatterload_copy  mc_w.l(handlers.o)
    0x08003382   0x08003382   0x00000002   Code   RO         4457    i.__scatterload_null  mc_w.l(handlers.o)
    0x08003384   0x08003384   0x0000000e   Code   RO         4458    i.__scatterload_zeroinit  mc_w.l(handlers.o)
    0x08003392   0x08003392   0x00000024   Code   RO         3707    i.communicationTask  app_task.o
    0x080033b6   0x080033b6   0x0000001c   Code   RO         3708    i.displayTask       app_task.o
    0x080033d2   0x080033d2   0x00000024   Code   RO         3709    i.joyStickTask      app_task.o
    0x080033f6   0x080033f6   0x0000001c   Code   RO         3710    i.keyTask           app_task.o
    0x08003412   0x08003412   0x00000024   Code   RO           15    i.main              main.o
    0x08003436   0x08003436   0x00000016   Code   RO         4028    i.oled_pow          oled.o
    0x0800344c   0x0800344c   0x00000020   Code   RO         3711    i.powerTask         app_task.o
    0x0800346c   0x0800346c   0x000000c0   Code   RO         3283    i.prvAddCurrentTaskToDelayedList  tasks.o
    0x0800352c   0x0800352c   0x000000ec   Code   RO         3284    i.prvAddNewTaskToReadyList  tasks.o
    0x08003618   0x08003618   0x00000048   Code   RO         3285    i.prvCheckTasksWaitingTermination  tasks.o
    0x08003660   0x08003660   0x00000012   Code   RO         3286    i.prvDeleteTCB      tasks.o
    0x08003672   0x08003672   0x00000002   PAD
    0x08003674   0x08003674   0x00000070   Code   RO         2731    i.prvHeapInit       heap_4.o
    0x080036e4   0x080036e4   0x00000028   Code   RO         3287    i.prvIdleTask       tasks.o
    0x0800370c   0x0800370c   0x00000086   Code   RO         3288    i.prvInitialiseNewTask  tasks.o
    0x08003792   0x08003792   0x00000002   PAD
    0x08003794   0x08003794   0x00000068   Code   RO         3289    i.prvInitialiseTaskLists  tasks.o
    0x080037fc   0x080037fc   0x00000068   Code   RO         2732    i.prvInsertBlockIntoFreeList  heap_4.o
    0x08003864   0x08003864   0x00000030   Code   RO         3291    i.prvResetNextTaskUnblockTime  tasks.o
    0x08003894   0x08003894   0x00000016   Code   RO         2661    i.prvTaskExitError  port.o
    0x080038aa   0x080038aa   0x00000002   PAD
    0x080038ac   0x080038ac   0x000000e4   Code   RO         2734    i.pvPortMalloc      heap_4.o
    0x08003990   0x08003990   0x00000024   Code   RO         2662    i.pxPortInitialiseStack  port.o
    0x080039b4   0x080039b4   0x000000ec   Code   RO         3712    i.startTask         app_task.o
    0x08003aa0   0x08003aa0   0x00000088   Code   RO         3296    i.ulTaskGenericNotifyTake  tasks.o
    0x08003b28   0x08003b28   0x00000028   Code   RO         2911    i.uxListRemove      list.o
    0x08003b50   0x08003b50   0x0000001a   Code   RO         2912    i.vListInitialise   list.o
    0x08003b6a   0x08003b6a   0x00000006   Code   RO         2913    i.vListInitialiseItem  list.o
    0x08003b70   0x08003b70   0x00000034   Code   RO         2914    i.vListInsert       list.o
    0x08003ba4   0x08003ba4   0x00000018   Code   RO         2915    i.vListInsertEnd    list.o
    0x08003bbc   0x08003bbc   0x00000024   Code   RO         2664    i.vPortEnterCritical  port.o
    0x08003be0   0x08003be0   0x00000020   Code   RO         2665    i.vPortExitCritical  port.o
    0x08003c00   0x08003c00   0x0000004c   Code   RO         2735    i.vPortFree         heap_4.o
    0x08003c4c   0x08003c4c   0x00000018   Code   RO         2666    i.vPortSetupTimerInterrupt  port.o
    0x08003c64   0x08003c64   0x00000034   Code   RO         3304    i.vTaskDelay        tasks.o
    0x08003c98   0x08003c98   0x000000d4   Code   RO         3305    i.vTaskDelete       tasks.o
    0x08003d6c   0x08003d6c   0x0000006c   Code   RO         3320    i.vTaskStartScheduler  tasks.o
    0x08003dd8   0x08003dd8   0x00000010   Code   RO         3322    i.vTaskSuspendAll   tasks.o
    0x08003de8   0x08003de8   0x00000060   Code   RO         3323    i.vTaskSwitchContext  tasks.o
    0x08003e48   0x08003e48   0x00000034   Code   RO         2667    i.xPortStartScheduler  port.o
    0x08003e7c   0x08003e7c   0x00000034   Code   RO         2668    i.xPortSysTickHandler  port.o
    0x08003eb0   0x08003eb0   0x00000068   Code   RO         3326    i.xTaskCreate       tasks.o
    0x08003f18   0x08003f18   0x00000074   Code   RO         3327    i.xTaskDelayUntil   tasks.o
    0x08003f8c   0x08003f8c   0x00000020   Code   RO         3333    i.xTaskGetSchedulerState  tasks.o
    0x08003fac   0x08003fac   0x0000000c   Code   RO         3334    i.xTaskGetTickCount  tasks.o
    0x08003fb8   0x08003fb8   0x00000190   Code   RO         3336    i.xTaskIncrementTick  tasks.o
    0x08004148   0x08004148   0x0000015c   Code   RO         3340    i.xTaskResumeAll    tasks.o
    0x080042a4   0x080042a4   0x00000012   Data   RO         1015    .constdata          stm32f1xx_hal_rcc.o
    0x080042b6   0x080042b6   0x00000012   Data   RO         1111    .constdata          stm32f1xx_hal_rcc_ex.o
    0x080042c8   0x080042c8   0x00000018   Data   RO         2567    .constdata          system_stm32f1xx.o
    0x080042e0   0x080042e0   0x00000d94   Data   RO         4125    .constdata          oledfont.o
    0x08005074   0x08005074   0x00000020   Data   RO         4454    Region$$Table       anon$$obj.o


    Execution Region RW_IRAM1 (Exec base: 0x20000000, Load base: 0x08005094, Size: 0x000040d0, Max: 0x00005000, ABSOLUTE)

    Exec Addr    Load Addr    Size         Type   Attr      Idx    E Section Name        Object

    0x20000000   0x08005094   0x00000009   Data   RW          851    .data               stm32f1xx_hal.o
    0x20000009   0x0800509d   0x00000003   PAD
    0x2000000c   0x080050a0   0x00000004   Data   RW         2568    .data               system_stm32f1xx.o
    0x20000010   0x080050a4   0x00000004   Data   RW         2669    .data               port.o
    0x20000014   0x080050a8   0x0000001c   Data   RW         2741    .data               heap_4.o
    0x20000030   0x080050c4   0x00000040   Data   RW         3343    .data               tasks.o
    0x20000070   0x08005104   0x00000018   Data   RW         3713    .data               app_task.o
    0x20000088   0x0800511c   0x0000000c   Data   RW         3869    .data               inf_si24r1.o
    0x20000094   0x08005128   0x00000008   Data   RW         3979    .data               inf_joystickandkey.o
    0x2000009c        -       0x00000074   Zero   RW          262    .bss                adc.o
    0x20000110        -       0x00000058   Zero   RW          329    .bss                spi.o
    0x20000168        -       0x00000048   Zero   RW          376    .bss                usart.o
    0x200001b0        -       0x00000014   Zero   RW         2601    .bss                com_config.o
    0x200001c4        -       0x00003000   Zero   RW         2740    .bss                heap_4.o
    0x200031c4        -       0x000002e4   Zero   RW         3342    .bss                tasks.o
    0x200034a8        -       0x00000024   Zero   RW         3868    .bss                inf_si24r1.o
    0x200034cc        -       0x00000400   Zero   RW         4029    .bss                oled.o
    0x200038cc   0x08005130   0x00000004   PAD
    0x200038d0        -       0x00000800   Zero   RW            1    STACK               startup_stm32f103xb.o


==============================================================================

Image component sizes


      Code (inc. data)   RO Data    RW Data    ZI Data      Debug   Object Name

       336         32          0          0        116       1795   adc.o
       326          8          0          0          0       1243   app_communication.o
       732         46          0          0          0       3167   app_dataprocess.o
       832         50          0          0          0       1993   app_disaplay.o
       460        140          0         24          0       4117   app_task.o
         0          0          0          0         20       1076   com_config.o
        36          4          0          0          0        730   dma.o
       256         12          0          0          0        995   gpio.o
       520         58          0         28      12288       7163   heap_4.o
        64          4          0          0          0       1359   inf_ip5305t.o
       428         22          0          8          0       2849   inf_joystickandkey.o
       544         46          0         12         36       5204   inf_si24r1.o
       148          0          0          0          0       3210   list.o
       174          0          0          0          0     437828   main.o
      1322         50          0          0       1024       8009   oled.o
         0          0       3476          0          0        735   oledfont.o
       404         48          0          4          0       9188   port.o
       256         30          0          0         88       2207   spi.o
        36          8        236          0       2048        800   startup_stm32f103xb.o
       192         36          0          9          0       5873   stm32f1xx_hal.o
      1428         56          0          0          0       8310   stm32f1xx_hal_adc.o
       284          6          0          0          0       1458   stm32f1xx_hal_adc_ex.o
       272         22          0          0          0      28734   stm32f1xx_hal_cortex.o
       304          4          0          0          0       2590   stm32f1xx_hal_dma.o
       828         34          0          0          0       3303   stm32f1xx_hal_gpio.o
        84          8          0          0          0        890   stm32f1xx_hal_msp.o
      1748         98         18          0          0       5944   stm32f1xx_hal_rcc.o
       556         34         18          0          0       2365   stm32f1xx_hal_rcc_ex.o
      1022          6          0          0          0       4461   stm32f1xx_hal_spi.o
       370          4          0          0          0       1764   stm32f1xx_hal_uart.o
        42          0          0          0          0       3067   stm32f1xx_it.o
         2          0         24          4          0       1107   system_stm32f1xx.o
      2476        332          0         64        740      29534   tasks.o
       192         24          0          0         72       1650   usart.o

    ----------------------------------------------------------------------
     16698       1222       3804        156      16436     594718   Object Totals
         0          0         32          0          0          0   (incl. Generated)
        24          0          0          3          4          0   (incl. Padding)

    ----------------------------------------------------------------------

      Code (inc. data)   RO Data    RW Data    ZI Data      Debug   Library Member Name

         0          0          0          0          0          0   entry.o
         0          0          0          0          0          0   entry10a.o
         0          0          0          0          0          0   entry11a.o
         4          0          0          0          0          0   entry12b.o
         8          4          0          0          0          0   entry2.o
         4          0          0          0          0          0   entry5.o
         0          0          0          0          0          0   entry7b.o
         0          0          0          0          0          0   entry8b.o
         8          4          0          0          0          0   entry9a.o
        30          0          0          0          0          0   handlers.o
        36          8          0          0          0         68   init.o
        36          0          0          0          0        108   memseta.o

    ----------------------------------------------------------------------
       126         16          0          0          0        176   Library Totals
         0          0          0          0          0          0   (incl. Padding)

    ----------------------------------------------------------------------

      Code (inc. data)   RO Data    RW Data    ZI Data      Debug   Library Name

       126         16          0          0          0        176   mc_w.l

    ----------------------------------------------------------------------
       126         16          0          0          0        176   Library Totals

    ----------------------------------------------------------------------

==============================================================================


      Code (inc. data)   RO Data    RW Data    ZI Data      Debug   

     16824       1238       3804        156      16436     587922   Grand Totals
     16824       1238       3804        156      16436     587922   ELF Image Totals
     16824       1238       3804        156          0          0   ROM Totals

==============================================================================

    Total RO  Size (Code + RO Data)                20628 (  20.14kB)
    Total RW  Size (RW Data + ZI Data)             16592 (  16.20kB)
    Total ROM Size (Code + RO Data + RW Data)      20784 (  20.30kB)

==============================================================================

