Component: ARM Compiler 5.06 update 7 (build 960) Tool: armlink [4d3601]

==============================================================================

Section Cross References

    startup_stm32f103xb.o(RESET) refers to startup_stm32f103xb.o(STACK) for __initial_sp
    startup_stm32f103xb.o(RESET) refers to startup_stm32f103xb.o(.text) for Reset_Handler
    startup_stm32f103xb.o(RESET) refers to stm32f1xx_it.o(i.NMI_Handler) for NMI_Handler
    startup_stm32f103xb.o(RESET) refers to stm32f1xx_it.o(i.HardFault_Handler) for HardFault_Handler
    startup_stm32f103xb.o(RESET) refers to stm32f1xx_it.o(i.MemManage_Handler) for MemManage_Handler
    startup_stm32f103xb.o(RESET) refers to stm32f1xx_it.o(i.BusFault_Handler) for BusFault_Handler
    startup_stm32f103xb.o(RESET) refers to stm32f1xx_it.o(i.UsageFault_Handler) for UsageFault_Handler
    startup_stm32f103xb.o(RESET) refers to port.o(.emb_text) for SVC_Handler
    startup_stm32f103xb.o(RESET) refers to stm32f1xx_it.o(i.DebugMon_Handler) for DebugMon_Handler
    startup_stm32f103xb.o(RESET) refers to stm32f1xx_it.o(i.SysTick_Handler) for SysTick_Handler
    startup_stm32f103xb.o(.text) refers to system_stm32f1xx.o(i.SystemInit) for SystemInit
    startup_stm32f103xb.o(.text) refers to entry.o(.ARM.Collect$$$$00000000) for __main
    main.o(i.SystemClock_Config) refers to memseta.o(.text) for __aeabi_memclr4
    main.o(i.SystemClock_Config) refers to stm32f1xx_hal_rcc.o(i.HAL_RCC_OscConfig) for HAL_RCC_OscConfig
    main.o(i.SystemClock_Config) refers to main.o(i.Error_Handler) for Error_Handler
    main.o(i.SystemClock_Config) refers to stm32f1xx_hal_rcc.o(i.HAL_RCC_ClockConfig) for HAL_RCC_ClockConfig
    main.o(i.main) refers to stm32f1xx_hal.o(i.HAL_Init) for HAL_Init
    main.o(i.main) refers to main.o(i.SystemClock_Config) for SystemClock_Config
    main.o(i.main) refers to gpio.o(i.MX_GPIO_Init) for MX_GPIO_Init
    main.o(i.main) refers to usart.o(i.MX_USART2_UART_Init) for MX_USART2_UART_Init
    main.o(i.main) refers to tim.o(i.MX_TIM1_Init) for MX_TIM1_Init
    main.o(i.main) refers to tim.o(i.MX_TIM2_Init) for MX_TIM2_Init
    main.o(i.main) refers to tim.o(i.MX_TIM3_Init) for MX_TIM3_Init
    main.o(i.main) refers to tim.o(i.MX_TIM4_Init) for MX_TIM4_Init
    main.o(i.main) refers to spi.o(i.MX_SPI1_Init) for MX_SPI1_Init
    main.o(i.main) refers to i2c.o(i.MX_I2C1_Init) for MX_I2C1_Init
    main.o(i.main) refers to i2c.o(i.MX_I2C2_Init) for MX_I2C2_Init
    main.o(i.main) refers to app_task.o(i.App_Task_FreeRTOSStart) for App_Task_FreeRTOSStart
    gpio.o(i.MX_GPIO_Init) refers to stm32f1xx_hal_gpio.o(i.HAL_GPIO_WritePin) for HAL_GPIO_WritePin
    gpio.o(i.MX_GPIO_Init) refers to stm32f1xx_hal_gpio.o(i.HAL_GPIO_Init) for HAL_GPIO_Init
    i2c.o(i.HAL_I2C_MspDeInit) refers to stm32f1xx_hal_gpio.o(i.HAL_GPIO_DeInit) for HAL_GPIO_DeInit
    i2c.o(i.HAL_I2C_MspInit) refers to stm32f1xx_hal_gpio.o(i.HAL_GPIO_Init) for HAL_GPIO_Init
    i2c.o(i.MX_I2C1_Init) refers to stm32f1xx_hal_i2c.o(i.HAL_I2C_Init) for HAL_I2C_Init
    i2c.o(i.MX_I2C1_Init) refers to main.o(i.Error_Handler) for Error_Handler
    i2c.o(i.MX_I2C1_Init) refers to i2c.o(.bss) for hi2c1
    i2c.o(i.MX_I2C2_Init) refers to stm32f1xx_hal_i2c.o(i.HAL_I2C_Init) for HAL_I2C_Init
    i2c.o(i.MX_I2C2_Init) refers to main.o(i.Error_Handler) for Error_Handler
    i2c.o(i.MX_I2C2_Init) refers to i2c.o(.bss) for hi2c2
    spi.o(i.Driver_SPI_SwapByte) refers to stm32f1xx_hal_spi.o(i.HAL_SPI_TransmitReceive) for HAL_SPI_TransmitReceive
    spi.o(i.Driver_SPI_SwapByte) refers to spi.o(.bss) for hspi1
    spi.o(i.HAL_SPI_MspDeInit) refers to stm32f1xx_hal_gpio.o(i.HAL_GPIO_DeInit) for HAL_GPIO_DeInit
    spi.o(i.HAL_SPI_MspInit) refers to stm32f1xx_hal_gpio.o(i.HAL_GPIO_Init) for HAL_GPIO_Init
    spi.o(i.MX_SPI1_Init) refers to stm32f1xx_hal_spi.o(i.HAL_SPI_Init) for HAL_SPI_Init
    spi.o(i.MX_SPI1_Init) refers to main.o(i.Error_Handler) for Error_Handler
    spi.o(i.MX_SPI1_Init) refers to spi.o(.bss) for hspi1
    tim.o(i.HAL_TIM_MspPostInit) refers to stm32f1xx_hal_gpio.o(i.HAL_GPIO_Init) for HAL_GPIO_Init
    tim.o(i.MX_TIM1_Init) refers to memseta.o(.text) for __aeabi_memclr4
    tim.o(i.MX_TIM1_Init) refers to stm32f1xx_hal_tim.o(i.HAL_TIM_Base_Init) for HAL_TIM_Base_Init
    tim.o(i.MX_TIM1_Init) refers to main.o(i.Error_Handler) for Error_Handler
    tim.o(i.MX_TIM1_Init) refers to stm32f1xx_hal_tim.o(i.HAL_TIM_ConfigClockSource) for HAL_TIM_ConfigClockSource
    tim.o(i.MX_TIM1_Init) refers to stm32f1xx_hal_tim.o(i.HAL_TIM_PWM_Init) for HAL_TIM_PWM_Init
    tim.o(i.MX_TIM1_Init) refers to stm32f1xx_hal_tim_ex.o(i.HAL_TIMEx_MasterConfigSynchronization) for HAL_TIMEx_MasterConfigSynchronization
    tim.o(i.MX_TIM1_Init) refers to stm32f1xx_hal_tim.o(i.HAL_TIM_PWM_ConfigChannel) for HAL_TIM_PWM_ConfigChannel
    tim.o(i.MX_TIM1_Init) refers to stm32f1xx_hal_tim_ex.o(i.HAL_TIMEx_ConfigBreakDeadTime) for HAL_TIMEx_ConfigBreakDeadTime
[...]
    i.vPortSetupTimerInterrupt               0x08008428   Section        0  port.o(i.vPortSetupTimerInterrupt)
    i.vTaskDelay                             0x08008440   Section        0  tasks.o(i.vTaskDelay)
    i.vTaskDelete                            0x08008474   Section        0  tasks.o(i.vTaskDelete)
    i.vTaskStartScheduler                    0x08008548   Section        0  tasks.o(i.vTaskStartScheduler)
    i.vTaskSuspendAll                        0x080085b4   Section        0  tasks.o(i.vTaskSuspendAll)
    i.vTaskSwitchContext                     0x080085c4   Section        0  tasks.o(i.vTaskSwitchContext)
    i.xPortStartScheduler                    0x08008624   Section        0  port.o(i.xPortStartScheduler)
    i.xPortSysTickHandler                    0x08008658   Section        0  port.o(i.xPortSysTickHandler)
    i.xTaskCreate                            0x0800868c   Section        0  tasks.o(i.xTaskCreate)
    i.xTaskDelayUntil                        0x080086f4   Section        0  tasks.o(i.xTaskDelayUntil)
    i.xTaskGenericNotify                     0x08008768   Section        0  tasks.o(i.xTaskGenericNotify)
    i.xTaskGetSchedulerState                 0x080088b4   Section        0  tasks.o(i.xTaskGetSchedulerState)
    i.xTaskGetTickCount                      0x080088d4   Section        0  tasks.o(i.xTaskGetTickCount)
    i.xTaskIncrementTick                     0x080088e0   Section        0  tasks.o(i.xTaskIncrementTick)
    i.xTaskResumeAll                         0x08008a70   Section        0  tasks.o(i.xTaskResumeAll)
    .constdata                               0x08008bcc   Section       18  stm32f1xx_hal_rcc.o(.constdata)
    aPLLMULFactorTable                       0x08008bcc   Data          16  stm32f1xx_hal_rcc.o(.constdata)
    aPredivFactorTable                       0x08008bdc   Data           2  stm32f1xx_hal_rcc.o(.constdata)
    .constdata                               0x08008bde   Section       24  system_stm32f1xx.o(.constdata)
    .constdata                               0x08008bf6   Section      115  vl53l1x_api.o(.constdata)
    status_rtn                               0x08008c51   Data          24  vl53l1x_api.o(.constdata)
    .constdata                               0x08008c70   Section       80  asin.o(.constdata)
    pS                                       0x08008c70   Data          48  asin.o(.constdata)
    qS                                       0x08008ca0   Data          32  asin.o(.constdata)
    .data                                    0x20000000   Section        9  stm32f1xx_hal.o(.data)
    .data                                    0x2000000c   Section        4  system_stm32f1xx.o(.data)
    .data                                    0x20000010   Section       28  com_config.o(.data)
    .data                                    0x2000002c   Section       72  com_filter.o(.data)
    .data                                    0x20000078   Section       48  com_imu.o(.data)
    normAccz                                 0x20000088   Data           8  com_imu.o(.data)
    KpDef                                    0x20000090   Data           4  com_imu.o(.data)
    KiDef                                    0x20000094   Data           4  com_imu.o(.data)
    NumQ                                     0x20000098   Data          16  com_imu.o(.data)
    .data                                    0x200000a8   Section        4  port.o(.data)
    uxCriticalNesting                        0x200000a8   Data           4  port.o(.data)
    .data                                    0x200000ac   Section       28  heap_4.o(.data)
    xStart                                   0x200000ac   Data           8  heap_4.o(.data)
    pxEnd                                    0x200000b4   Data           4  heap_4.o(.data)
    xFreeBytesRemaining                      0x200000b8   Data           4  heap_4.o(.data)
    xMinimumEverFreeBytesRemaining           0x200000bc   Data           4  heap_4.o(.data)
    xNumberOfSuccessfulAllocations           0x200000c0   Data           4  heap_4.o(.data)
    xNumberOfSuccessfulFrees                 0x200000c4   Data           4  heap_4.o(.data)
    .data                                    0x200000c8   Section       64  tasks.o(.data)
    pxDelayedTaskList                        0x200000cc   Data           4  tasks.o(.data)
    pxOverflowDelayedTaskList                0x200000d0   Data           4  tasks.o(.data)
    uxDeletedTasksWaitingCleanUp             0x200000d4   Data           4  tasks.o(.data)
    uxCurrentNumberOfTasks                   0x200000d8   Data           4  tasks.o(.data)
    xTickCount                               0x200000dc   Data           4  tasks.o(.data)
    uxTopReadyPriority                       0x200000e0   Data           4  tasks.o(.data)
    xSchedulerRunning                        0x200000e4   Data           4  tasks.o(.data)
    xPendedTicks                             0x200000e8   Data           4  tasks.o(.data)
    xYieldPending                            0x200000ec   Data           4  tasks.o(.data)
    xNumOfOverflows                          0x200000f0   Data           4  tasks.o(.data)
    uxTaskNumber                             0x200000f4   Data           4  tasks.o(.data)
    xNextTaskUnblockTime                     0x200000f8   Data           4  tasks.o(.data)
    xIdleTaskHandle                          0x200000fc   Data           4  tasks.o(.data)
    uxSchedulerSuspended                     0x20000104   Data           4  tasks.o(.data)
    .data                                    0x20000108   Section       21  app_task.o(.data)
    isFirstUnlock                            0x2000011c   Data           1  app_task.o(.data)
    .data                                    0x20000120   Section      309  app_flight.o(.data)
    lastDatas                                0x20000240   Data           6  app_flight.o(.data)
    lastHeight                               0x20000246   Data           2  app_flight.o(.data)
    status                                   0x20000248   Data           1  app_flight.o(.data)
    thrHold                                  0x2000024a   Data           2  app_flight.o(.data)
    heightHold                               0x2000024c   Data           2  app_flight.o(.data)
    staticAcc                                0x20000250   Data           4  app_flight.o(.data)
    cnt                                      0x20000254   Data           1  app_flight.o(.data)
    .data                                    0x20000258   Section        8  app_communication.o(.data)
    cnt                                      0x20000258   Data           1  app_communication.o(.data)
    thrMaxDuration                           0x20000259   Data           1  app_communication.o(.data)
    thrMinDuration                           0x2000025a   Data           1  app_communication.o(.data)
    remoteStatus                             0x2000025b   Data           1  app_communication.o(.data)
    lowDuration                              0x2000025c   Data           4  app_communication.o(.data)
    .data                                    0x20000260   Section       12  inf_si24r1.o(.data)
    .data                                    0x2000026c   Section        2  inf_vl53lx1.o(.data)
    height                                   0x2000026c   Data           2  inf_vl53lx1.o(.data)
    .data                                    0x20000270   Section        4  stdout.o(.data)
    .data                                    0x20000274   Section        4  errno.o(.data)
    _errno                                   0x20000274   Data           4  errno.o(.data)
    .bss                                     0x20000278   Section      168  i2c.o(.bss)
    .bss                                     0x20000320   Section       88  spi.o(.bss)
    .bss                                     0x20000378   Section      288  tim.o(.bss)
    .bss                                     0x20000498   Section       72  usart.o(.bss)
    .bss                                     0x200004e0   Section       36  com_config.o(.bss)
    .bss                                     0x20000504   Section       12  com_imu.o(.bss)
    GyroIntegError                           0x20000504   Data          12  com_imu.o(.bss)
    .bss                                     0x20000510   Section    12288  heap_4.o(.bss)
    ucHeap                                   0x20000510   Data       12288  heap_4.o(.bss)
    .bss                                     0x20003510   Section      740  tasks.o(.bss)
    pxReadyTasksLists                        0x20003510   Data         640  tasks.o(.bss)
    xDelayedTaskList1                        0x20003790   Data          20  tasks.o(.bss)
    xDelayedTaskList2                        0x200037a4   Data          20  tasks.o(.bss)
    xPendingReadyList                        0x200037b8   Data          20  tasks.o(.bss)
    xTasksWaitingTermination                 0x200037cc   Data          20  tasks.o(.bss)
    xSuspendedTaskList                       0x200037e0   Data          20  tasks.o(.bss)
    .bss                                     0x200037f4   Section       36  inf_si24r1.o(.bss)
    .bss                                     0x20003818   Section       12  inf_mpu6050.o(.bss)
    offsetGyroAccel                          0x20003818   Data          12  inf_mpu6050.o(.bss)
    .bss                                     0x20003824   Section      256  vl53l1_platform.o(.bss)
    STACK                                    0x20003928   Section     2048  startup_stm32f103xb.o(STACK)

    Global Symbols

    Symbol Name                              Value     Ov Type        Size  Object(Section)

    BuildAttributes$$THM_ISAv4$P$D$K$B$S$PE$A:L22UL41UL21$X:L11$S22US41US21$IEEE1$IW$USESV6$~STKCKD$USESV7$~SHL$OTIME$ROPI$IEEEX$EBA8$MICROLIB$REQ8$PRES8$EABIv2 0x00000000   Number         0  anon$$obj.o ABSOLUTE
    __ARM_use_no_argv                        0x00000000   Number         0  main.o ABSOLUTE
    _printf_a                                0x00000000   Number         0  stubs.o ABSOLUTE
    _printf_c                                0x00000000   Number         0  stubs.o ABSOLUTE
    _printf_charcount                        0x00000000   Number         0  stubs.o ABSOLUTE
    _printf_d                                0x00000000   Number         0  stubs.o ABSOLUTE
    _printf_e                                0x00000000   Number         0  stubs.o ABSOLUTE
    _printf_f                                0x00000000   Number         0  stubs.o ABSOLUTE
    _printf_flags                            0x00000000   Number         0  stubs.o ABSOLUTE
    _printf_fp_dec                           0x00000000   Number         0  stubs.o ABSOLUTE
    _printf_fp_hex                           0x00000000   Number         0  stubs.o ABSOLUTE
    _printf_g                                0x00000000   Number         0  stubs.o ABSOLUTE
    _printf_i                                0x00000000   Number         0  stubs.o ABSOLUTE
    _printf_int_dec                          0x00000000   Number         0  stubs.o ABSOLUTE
    _printf_l                                0x00000000   Number         0  stubs.o ABSOLUTE
    _printf_lc                               0x00000000   Number         0  stubs.o ABSOLUTE
    _printf_ll                               0x00000000   Number         0  stubs.o ABSOLUTE
    _printf_lld                              0x00000000   Number         0  stubs.o ABSOLUTE
    _printf_lli                              0x00000000   Number         0  stubs.o ABSOLUTE
    _printf_llo                              0x00000000   Number         0  stubs.o ABSOLUTE
    _printf_llu                              0x00000000   Number         0  stubs.o ABSOLUTE
    _printf_llx                              0x00000000   Number         0  stubs.o ABSOLUTE
    _printf_longlong_dec                     0x00000000   Number         0  stubs.o ABSOLUTE
    _printf_longlong_hex                     0x00000000   Number         0  stubs.o ABSOLUTE
    _printf_longlong_oct                     0x00000000   Number         0  stubs.o ABSOLUTE
    _printf_ls                               0x00000000   Number         0  stubs.o ABSOLUTE
    _printf_mbtowc                           0x00000000   Number         0  stubs.o ABSOLUTE
    _printf_n                                0x00000000   Number         0  stubs.o ABSOLUTE
    _printf_o                                0x00000000   Number         0  stubs.o ABSOLUTE
    _printf_p                                0x00000000   Number         0  stubs.o ABSOLUTE
    _printf_percent                          0x00000000   Number         0  stubs.o ABSOLUTE
    _printf_pre_padding                      0x00000000   Number         0  stubs.o ABSOLUTE
    _printf_return_value                     0x00000000   Number         0  stubs.o ABSOLUTE
    _printf_s                                0x00000000   Number         0  stubs.o ABSOLUTE
    _printf_sizespec                         0x00000000   Number         0  stubs.o ABSOLUTE
    _printf_str                              0x00000000   Number         0  stubs.o ABSOLUTE
    _printf_truncate_signed                  0x00000000   Number         0  stubs.o ABSOLUTE
    _printf_truncate_unsigned                0x00000000   Number         0  stubs.o ABSOLUTE
    _printf_u                                0x00000000   Number         0  stubs.o ABSOLUTE
    _printf_wc                               0x00000000   Number         0  stubs.o ABSOLUTE
    _printf_wctomb                           0x00000000   Number         0  stubs.o ABSOLUTE
    _printf_widthprec                        0x00000000   Number         0  stubs.o ABSOLUTE
    _printf_x                                0x00000000   Number         0  stubs.o ABSOLUTE
    __arm_fini_                               - Undefined Weak Reference
    __cpp_initialize__aeabi_                  - Undefined Weak Reference
    __cxa_finalize                            - Undefined Weak Reference
    _clock_init                               - Undefined Weak Reference
    _microlib_exit                            - Undefined Weak Reference
    __Vectors_Size                           0x000000ec   Number         0  startup_stm32f103xb.o ABSOLUTE
    __Vectors                                0x08000000   Data           4  startup_stm32f103xb.o(RESET)
    __Vectors_End                            0x080000ec   Data           0  startup_stm32f103xb.o(RESET)
    __main                                   0x080000ed   Thumb Code     0  entry.o(.ARM.Collect$$$$00000000)
    _main_stk                                0x080000ed   Thumb Code     0  entry2.o(.ARM.Collect$$$$00000001)
    _main_scatterload                        0x080000f1   Thumb Code     0  entry5.o(.ARM.Collect$$$$00000004)
    __main_after_scatterload                 0x080000f5   Thumb Code     0  entry5.o(.ARM.Collect$$$$00000004)
    _main_clock                              0x080000f5   Thumb Code     0  entry7b.o(.ARM.Collect$$$$00000008)
    _main_cpp_init                           0x080000f5   Thumb Code     0  entry8b.o(.ARM.Collect$$$$0000000A)
    _main_init                               0x080000f5   Thumb Code     0  entry9a.o(.ARM.Collect$$$$0000000B)
    __rt_lib_shutdown_fini                   0x080000fd   Thumb Code     0  entry12b.o(.ARM.Collect$$$$0000000E)
    __rt_final_cpp                           0x08000101   Thumb Code     0  entry10a.o(.ARM.Collect$$$$0000000F)
    __rt_final_exit                          0x08000101   Thumb Code     0  entry11a.o(.ARM.Collect$$$$00000011)
    SVC_Handler                              0x08000105   Thumb Code    32  port.o(.emb_text)
    __asm___6_port_c_39a90d8d__prvStartFirstTask 0x08000129   Thumb Code    28  port.o(.emb_text)
    PendSV_Handler                           0x08000149   Thumb Code    72  port.o(.emb_text)
    vPortGetIPSR                             0x08000195   Thumb Code     6  port.o(.emb_text)
    Reset_Handler                            0x0800019d   Thumb Code     8  startup_stm32f103xb.o(.text)
    ADC1_2_IRQHandler                        0x080001b7   Thumb Code     0  startup_stm32f103xb.o(.text)
    CAN1_RX1_IRQHandler                      0x080001b7   Thumb Code     0  startup_stm32f103xb.o(.text)
    CAN1_SCE_IRQHandler                      0x080001b7   Thumb Code     0  startup_stm32f103xb.o(.text)
    DMA1_Channel1_IRQHandler                 0x080001b7   Thumb Code     0  startup_stm32f103xb.o(.text)
    DMA1_Channel2_IRQHandler                 0x080001b7   Thumb Code     0  startup_stm32f103xb.o(.text)
    DMA1_Channel3_IRQHandler                 0x080001b7   Thumb Code     0  startup_stm32f103xb.o(.text)
    DMA1_Channel4_IRQHandler                 0x080001b7   Thumb Code     0  startup_stm32f103xb.o(.text)
    DMA1_Channel5_IRQHandler                 0x080001b7   Thumb Code     0  startup_stm32f103xb.o(.text)
    DMA1_Channel6_IRQHandler                 0x080001b7   Thumb Code     0  startup_stm32f103xb.o(.text)
    DMA1_Channel7_IRQHandler                 0x080001b7   Thumb Code     0  startup_stm32f103xb.o(.text)
    EXTI0_IRQHandler                         0x080001b7   Thumb Code     0  startup_stm32f103xb.o(.text)
    EXTI15_10_IRQHandler                     0x080001b7   Thumb Code     0  startup_stm32f103xb.o(.text)
    EXTI1_IRQHandler                         0x080001b7   Thumb Code     0  startup_stm32f103xb.o(.text)
    EXTI2_IRQHandler                         0x080001b7   Thumb Code     0  startup_stm32f103xb.o(.text)
    EXTI3_IRQHandler                         0x080001b7   Thumb Code     0  startup_stm32f103xb.o(.text)
    EXTI4_IRQHandler                         0x080001b7   Thumb Code     0  startup_stm32f103xb.o(.text)
    EXTI9_5_IRQHandler                       0x080001b7   Thumb Code     0  startup_stm32f103xb.o(.text)
    FLASH_IRQHandler                         0x080001b7   Thumb Code     0  startup_stm32f103xb.o(.text)
    I2C1_ER_IRQHandler                       0x080001b7   Thumb Code     0  startup_stm32f103xb.o(.text)
    I2C1_EV_IRQHandler                       0x080001b7   Thumb Code     0  startup_stm32f103xb.o(.text)
    I2C2_ER_IRQHandler                       0x080001b7   Thumb Code     0  startup_stm32f103xb.o(.text)
    I2C2_EV_IRQHandler                       0x080001b7   Thumb Code     0  startup_stm32f103xb.o(.text)
    PVD_IRQHandler                           0x080001b7   Thumb Code     0  startup_stm32f103xb.o(.text)
    RCC_IRQHandler                           0x080001b7   Thumb Code     0  startup_stm32f103xb.o(.text)
    RTC_Alarm_IRQHandler                     0x080001b7   Thumb Code     0  startup_stm32f103xb.o(.text)
    RTC_IRQHandler                           0x080001b7   Thumb Code     0  startup_stm32f103xb.o(.text)
    SPI1_IRQHandler                          0x080001b7   Thumb Code     0  startup_stm32f103xb.o(.text)
    SPI2_IRQHandler                          0x080001b7   Thumb Code     0  startup_stm32f103xb.o(.text)
    TAMPER_IRQHandler                        0x080001b7   Thumb Code     0  startup_stm32f103xb.o(.text)
    TIM1_BRK_IRQHandler                      0x080001b7   Thumb Code     0  startup_stm32f103xb.o(.text)
    TIM1_CC_IRQHandler                       0x080001b7   Thumb Code     0  startup_stm32f103xb.o(.text)
    TIM1_TRG_COM_IRQHandler                  0x080001b7   Thumb Code     0  startup_stm32f103xb.o(.text)
    TIM1_UP_IRQHandler                       0x080001b7   Thumb Code     0  startup_stm32f103xb.o(.text)
    TIM2_IRQHandler                          0x080001b7   Thumb Code     0  startup_stm32f103xb.o(.text)
    TIM3_IRQHandler                          0x080001b7   Thumb Code     0  startup_stm32f103xb.o(.text)
    TIM4_IRQHandler                          0x080001b7   Thumb Code     0  startup_stm32f103xb.o(.text)
    USART1_IRQHandler                        0x080001b7   Thumb Code     0  startup_stm32f103xb.o(.text)
    USART2_IRQHandler                        0x080001b7   Thumb Code     0  startup_stm32f103xb.o(.text)
    USART3_IRQHandler                        0x080001b7   Thumb Code     0  startup_stm32f103xb.o(.text)
    USBWakeUp_IRQHandler                     0x080001b7   Thumb Code     0  startup_stm32f103xb.o(.text)
    USB_HP_CAN1_TX_IRQHandler                0x080001b7   Thumb Code     0  startup_stm32f103xb.o(.text)
    USB_LP_CAN1_RX0_IRQHandler               0x080001b7   Thumb Code     0  startup_stm32f103xb.o(.text)
    WWDG_IRQHandler                          0x080001b7   Thumb Code     0  startup_stm32f103xb.o(.text)
    __aeabi_llsr                             0x080001c1   Thumb Code    32  llushr.o(.text)
    _ll_ushift_r                             0x080001c1   Thumb Code     0  llushr.o(.text)
    __aeabi_memset                           0x080001e1   Thumb Code    14  memseta.o(.text)
    __aeabi_memset4                          0x080001e1   Thumb Code     0  memseta.o(.text)
    __aeabi_memset8                          0x080001e1   Thumb Code     0  memseta.o(.text)
    __aeabi_memclr                           0x080001ef   Thumb Code     4  memseta.o(.text)
    __aeabi_memclr4                          0x080001ef   Thumb Code     0  memseta.o(.text)
    __aeabi_memclr8                          0x080001ef   Thumb Code     0  memseta.o(.text)
    _memset$wrapper                          0x080001f3   Thumb Code    18  memseta.o(.text)
    strrchr                                  0x08000205   Thumb Code    22  strrchr.o(.text)
    __aeabi_fadd                             0x0800021b   Thumb Code   164  fadd.o(.text)
    __aeabi_fsub                             0x080002bf   Thumb Code     6  fadd.o(.text)
    __aeabi_frsub                            0x080002c5   Thumb Code     6  fadd.o(.text)
    __aeabi_fmul                             0x080002cb   Thumb Code   100  fmul.o(.text)
    __aeabi_fdiv                             0x0800032f   Thumb Code   124  fdiv.o(.text)
    __aeabi_dadd                             0x080003ab   Thumb Code   322  dadd.o(.text)
    __aeabi_dsub                             0x080004ed   Thumb Code     6  dadd.o(.text)
    __aeabi_drsub                            0x080004f3   Thumb Code     6  dadd.o(.text)
    __aeabi_dmul                             0x080004f9   Thumb Code   228  dmul.o(.text)
    __aeabi_ddiv                             0x080005dd   Thumb Code   222  ddiv.o(.text)
    __aeabi_i2f                              0x080006bb   Thumb Code    18  fflti.o(.text)
    __aeabi_ui2f                             0x080006cd   Thumb Code    10  ffltui.o(.text)
    __aeabi_i2d                              0x080006d7   Thumb Code    34  dflti.o(.text)
    __aeabi_ui2d                             0x080006f9   Thumb Code    26  dfltui.o(.text)
    __aeabi_f2iz                             0x08000713   Thumb Code    50  ffixi.o(.text)
    __aeabi_d2iz                             0x08000745   Thumb Code    62  dfixi.o(.text)
    __aeabi_d2uiz                            0x08000783   Thumb Code    50  dfixui.o(.text)
    __aeabi_f2d                              0x080007b5   Thumb Code    38  f2d.o(.text)
    __aeabi_cdcmpeq                          0x080007dd   Thumb Code     0  cdcmple.o(.text)
    __aeabi_cdcmple                          0x080007dd   Thumb Code    48  cdcmple.o(.text)
    __aeabi_d2f                              0x0800080d   Thumb Code    56  d2f.o(.text)
    __aeabi_cfcmpeq                          0x08000845   Thumb Code     0  cfcmple.o(.text)
    __aeabi_cfcmple                          0x08000845   Thumb Code    20  cfcmple.o(.text)
    __aeabi_cfrcmple                         0x08000859   Thumb Code    20  cfrcmple.o(.text)
    __aeabi_uidiv                            0x0800086d   Thumb Code     0  uidiv.o(.text)
    __aeabi_uidivmod                         0x0800086d   Thumb Code    44  uidiv.o(.text)
    __aeabi_uldivmod                         0x08000899   Thumb Code    98  uldiv.o(.text)
    __aeabi_llsl                             0x080008fb   Thumb Code    30  llshl.o(.text)
    _ll_shift_l                              0x080008fb   Thumb Code     0  llshl.o(.text)
    __aeabi_lasr                             0x08000919   Thumb Code    36  llsshr.o(.text)
    _ll_sshift_r                             0x08000919   Thumb Code     0  llsshr.o(.text)
    __I$use$fp                               0x0800093d   Thumb Code     0  iusefp.o(.text)
    _float_round                             0x0800093d   Thumb Code    18  fepilogue.o(.text)
    _float_epilogue                          0x0800094f   Thumb Code    92  fepilogue.o(.text)
    _double_round                            0x080009ab   Thumb Code    30  depilogue.o(.text)
    _double_epilogue                         0x080009c9   Thumb Code   156  depilogue.o(.text)
    __ARM_scalbn                             0x08000a65   Thumb Code    46  dscalb.o(.text)
    scalbn                                   0x08000a65   Thumb Code     0  dscalb.o(.text)
    __aeabi_d2ulz                            0x08000a93   Thumb Code    48  dfixul.o(.text)
    __aeabi_cdrcmple                         0x08000ac5   Thumb Code    48  cdrcmple.o(.text)
    __scatterload                            0x08000af5   Thumb Code    28  init.o(.text)
    __scatterload_rt2                        0x08000af5   Thumb Code     0  init.o(.text)
    __ARM_scalbnf                            0x08000b19   Thumb Code    24  fscalb.o(.text)
    scalbnf                                  0x08000b19   Thumb Code     0  fscalb.o(.text)
    _dsqrt                                   0x08000b31   Thumb Code   162  dsqrt.o(.text)
    __decompress                             0x08000bd3   Thumb Code     0  __dczerorl2.o(.text)
    __decompress1                            0x08000bd3   Thumb Code    86  __dczerorl2.o(.text)
    App_Communication_CheckConnection        0x08000c29   Thumb Code    42  app_communication.o(i.App_Communication_CheckConnection)
    App_Communication_ReceiveJoyStickData    0x08000c59   Thumb Code   176  app_communication.o(i.App_Communication_ReceiveJoyStickData)
    App_Communication_RemoteUnlock           0x08000d15   Thumb Code   252  app_communication.o(i.App_Communication_RemoteUnlock)
    App_Communication_Start                  0x08000e29   Thumb Code   206  app_communication.o(i.App_Communication_Start)
    App_Flight_GetEulerAngle                 0x08000fd9   Thumb Code    20  app_flight.o(i.App_Flight_GetEulerAngle)
    App_Flight_GetGyroAccelWithFilter        0x08000fed   Thumb Code   180  app_flight.o(i.App_Flight_GetGyroAccelWithFilter)
    App_Flight_GetHeight                     0x080010a9   Thumb Code   106  app_flight.o(i.App_Flight_GetHeight)
    App_Flight_MotorWithHeightPID            0x0800111d   Thumb Code    98  app_flight.o(i.App_Flight_MotorWithHeightPID)
    App_Flight_MotorWithPosturePID           0x0800119d   Thumb Code   264  app_flight.o(i.App_Flight_MotorWithPosturePID)
    App_Flight_PIDHeight                     0x080012c9   Thumb Code   380  app_flight.o(i.App_Flight_PIDHeight)
    App_Flight_PIDPosture                    0x0800147d   Thumb Code   248  app_flight.o(i.App_Flight_PIDPosture)
    App_Flight_Start                         0x0800159d   Thumb Code   232  app_flight.o(i.App_Flight_Start)
    App_Flight_Work                          0x08001771   Thumb Code    40  app_flight.o(i.App_Flight_Work)
    App_Task_FreeRTOSStart                   0x080017ad   Thumb Code   156  app_task.o(i.App_Task_FreeRTOSStart)
    BusFault_Handler                         0x080018e5   Thumb Code     4  stm32f1xx_it.o(i.BusFault_Handler)
    Com_Debug_Start                          0x080018e9   Thumb Code     2  com_debug.o(i.Com_Debug_Start)
    Com_Filter_LowPass                       0x080018ed   Thumb Code    70  com_filter.o(i.Com_Filter_LowPass)
    Com_PID_CascadePID                       0x08001941   Thumb Code    24  com_pid.o(i.Com_PID_CascadePID)
    Com_PID_ComputePID                       0x08001959   Thumb Code   102  com_pid.o(i.Com_PID_ComputePID)
    Common_Filter_KalmanFilter               0x080019bf   Thumb Code   174  com_filter.o(i.Common_Filter_KalmanFilter)
    Common_IMU_GetEulerAngle                 0x08001a6d   Thumb Code  1892  com_imu.o(i.Common_IMU_GetEulerAngle)
    Common_IMU_GetNormAccZ                   0x080021e5   Thumb Code    12  com_imu.o(i.Common_IMU_GetNormAccZ)
    DebugMon_Handler                         0x080021f5   Thumb Code     2  stm32f1xx_it.o(i.DebugMon_Handler)
    Driver_SPI_SwapByte                      0x080021f9   Thumb Code    28  spi.o(i.Driver_SPI_SwapByte)
    Error_Handler                            0x08002219   Thumb Code     6  main.o(i.Error_Handler)
    HAL_Delay                                0x08002221   Thumb Code    36  stm32f1xx_hal.o(i.HAL_Delay)
    HAL_GPIO_Init                            0x08002249   Thumb Code   766  stm32f1xx_hal_gpio.o(i.HAL_GPIO_Init)
    HAL_GPIO_TogglePin                       0x08002569   Thumb Code    20  stm32f1xx_hal_gpio.o(i.HAL_GPIO_TogglePin)
    HAL_GPIO_WritePin                        0x0800257d   Thumb Code    12  stm32f1xx_hal_gpio.o(i.HAL_GPIO_WritePin)
    HAL_GetTick                              0x08002589   Thumb Code     6  stm32f1xx_hal.o(i.HAL_GetTick)
    HAL_I2C_Init                             0x08002595   Thumb Code   446  stm32f1xx_hal_i2c.o(i.HAL_I2C_Init)
    HAL_I2C_Master_Receive                   0x08002765   Thumb Code   858  stm32f1xx_hal_i2c.o(i.HAL_I2C_Master_Receive)
    HAL_I2C_Master_Transmit                  0x08002ad1   Thumb Code   360  stm32f1xx_hal_i2c.o(i.HAL_I2C_Master_Transmit)
    HAL_I2C_Mem_Read                         0x08002c41   Thumb Code   850  stm32f1xx_hal_i2c.o(i.HAL_I2C_Mem_Read)
    HAL_I2C_Mem_Write                        0x08002fa5   Thumb Code   348  stm32f1xx_hal_i2c.o(i.HAL_I2C_Mem_Write)
    HAL_I2C_MspInit                          0x08003109   Thumb Code   190  i2c.o(i.HAL_I2C_MspInit)
    HAL_IncTick                              0x080031d9   Thumb Code    16  stm32f1xx_hal.o(i.HAL_IncTick)
    HAL_Init                                 0x080031f1   Thumb Code    34  stm32f1xx_hal.o(i.HAL_Init)
    HAL_InitTick                             0x08003219   Thumb Code    64  stm32f1xx_hal.o(i.HAL_InitTick)
    HAL_MspInit                              0x08003265   Thumb Code    76  stm32f1xx_hal_msp.o(i.HAL_MspInit)
    HAL_NVIC_SetPriority                     0x080032b9   Thumb Code   124  stm32f1xx_hal_cortex.o(i.HAL_NVIC_SetPriority)
    HAL_NVIC_SetPriorityGrouping             0x08003335   Thumb Code    32  stm32f1xx_hal_cortex.o(i.HAL_NVIC_SetPriorityGrouping)
    HAL_RCC_ClockConfig                      0x0800335d   Thumb Code   376  stm32f1xx_hal_rcc.o(i.HAL_RCC_ClockConfig)
    HAL_RCC_GetHCLKFreq                      0x080034e9   Thumb Code     6  stm32f1xx_hal_rcc.o(i.HAL_RCC_GetHCLKFreq)
    HAL_RCC_GetPCLK1Freq                     0x080034f5   Thumb Code    22  stm32f1xx_hal_rcc.o(i.HAL_RCC_GetPCLK1Freq)
    HAL_RCC_GetPCLK2Freq                     0x08003515   Thumb Code    22  stm32f1xx_hal_rcc.o(i.HAL_RCC_GetPCLK2Freq)
    HAL_RCC_GetSysClockFreq                  0x08003535   Thumb Code    92  stm32f1xx_hal_rcc.o(i.HAL_RCC_GetSysClockFreq)
    HAL_RCC_OscConfig                        0x080035a5   Thumb Code  1114  stm32f1xx_hal_rcc.o(i.HAL_RCC_OscConfig)
    HAL_SPI_Init                             0x08003a09   Thumb Code   190  stm32f1xx_hal_spi.o(i.HAL_SPI_Init)
    HAL_SPI_MspInit                          0x08003ac9   Thumb Code   120  spi.o(i.HAL_SPI_MspInit)
    HAL_SPI_TransmitReceive                  0x08003b4d   Thumb Code   576  stm32f1xx_hal_spi.o(i.HAL_SPI_TransmitReceive)
    HAL_SYSTICK_Config                       0x08003d8d   Thumb Code    52  stm32f1xx_hal_cortex.o(i.HAL_SYSTICK_Config)
    HAL_TIMEx_ConfigBreakDeadTime            0x08003dc1   Thumb Code   116  stm32f1xx_hal_tim_ex.o(i.HAL_TIMEx_ConfigBreakDeadTime)
    HAL_TIMEx_MasterConfigSynchronization    0x08003e35   Thumb Code   118  stm32f1xx_hal_tim_ex.o(i.HAL_TIMEx_MasterConfigSynchronization)
    HAL_TIM_Base_Init                        0x08003eb9   Thumb Code   102  stm32f1xx_hal_tim.o(i.HAL_TIM_Base_Init)
    HAL_TIM_Base_MspInit                     0x08003f21   Thumb Code   148  tim.o(i.HAL_TIM_Base_MspInit)
    HAL_TIM_ConfigClockSource                0x08003fc5   Thumb Code   268  stm32f1xx_hal_tim.o(i.HAL_TIM_ConfigClockSource)
    HAL_TIM_MspPostInit                      0x080040d1   Thumb Code   260  tim.o(i.HAL_TIM_MspPostInit)
    HAL_TIM_PWM_ConfigChannel                0x080041f1   Thumb Code   260  stm32f1xx_hal_tim.o(i.HAL_TIM_PWM_ConfigChannel)
    HAL_TIM_PWM_Init                         0x080042f5   Thumb Code   102  stm32f1xx_hal_tim.o(i.HAL_TIM_PWM_Init)
    HAL_TIM_PWM_MspInit                      0x0800435b   Thumb Code     2  stm32f1xx_hal_tim.o(i.HAL_TIM_PWM_MspInit)
    HAL_TIM_PWM_Start                        0x0800435d   Thumb Code   198  stm32f1xx_hal_tim.o(i.HAL_TIM_PWM_Start)
    HAL_UART_Init                            0x08004431   Thumb Code   118  stm32f1xx_hal_uart.o(i.HAL_UART_Init)
    HAL_UART_MspInit                         0x080044a9   Thumb Code   120  usart.o(i.HAL_UART_MspInit)
    HAL_UART_Transmit                        0x0800452d   Thumb Code   178  stm32f1xx_hal_uart.o(i.HAL_UART_Transmit)
    HardFault_Handler                        0x080045df   Thumb Code     4  stm32f1xx_it.o(i.HardFault_Handler)
    Inf_IP5305T_Close                        0x08004d67   Thumb Code    20  inf_ip5305t.o(i.Inf_IP5305T_Close)
    Inf_IP5305T_Open                         0x08004d7b   Thumb Code     8  inf_ip5305t.o(i.Inf_IP5305T_Open)
    Inf_LED_SetStatus                        0x08004da9   Thumb Code   150  inf_led.o(i.Inf_LED_SetStatus)
    Inf_MPU6050_Calibrate                    0x08004e49   Thumb Code   476  inf_mpu6050.o(i.Inf_MPU6050_Calibrate)
    Inf_MPU6050_Init                         0x080050d9   Thumb Code   102  inf_mpu6050.o(i.Inf_MPU6050_Init)
    Inf_MPU6050_ReadAccel                    0x0800513f   Thumb Code    70  inf_mpu6050.o(i.Inf_MPU6050_ReadAccel)
    Inf_MPU6050_ReadGyro                     0x08005185   Thumb Code    70  inf_mpu6050.o(i.Inf_MPU6050_ReadGyro)
    Inf_MPU6050_ReadGyroAccel                0x080051cb   Thumb Code    18  inf_mpu6050.o(i.Inf_MPU6050_ReadGyroAccel)
    Inf_MPU6050_ReadGyroAccelCalibrated      0x080051dd   Thumb Code    84  inf_mpu6050.o(i.Inf_MPU6050_ReadGyroAccelCalibrated)
    Inf_MPU6050_ReadRegs                     0x08005235   Thumb Code    32  inf_mpu6050.o(i.Inf_MPU6050_ReadRegs)
    Inf_MPU6050_WriteReg                     0x08005259   Thumb Code    36  inf_mpu6050.o(i.Inf_MPU6050_WriteReg)
    Inf_Motor_AllMotorsWork                  0x08005281   Thumb Code    28  inf_motor.o(i.Inf_Motor_AllMotorsWork)
    Inf_Motor_Init                           0x080052ad   Thumb Code    58  inf_motor.o(i.Inf_Motor_Init)
    Inf_Motor_SetSpeed                       0x08005309   Thumb Code   104  inf_motor.o(i.Inf_Motor_SetSpeed)
    Inf_Si24R1_Check                         0x08005381   Thumb Code    80  inf_si24r1.o(i.Inf_Si24R1_Check)
    Inf_Si24R1_RXMode                        0x080053d9   Thumb Code    84  inf_si24r1.o(i.Inf_Si24R1_RXMode)
    Inf_Si24R1_ReadBuf                       0x08005435   Thumb Code    64  inf_si24r1.o(i.Inf_Si24R1_ReadBuf)
    Inf_Si24R1_ReadReg                       0x08005479   Thumb Code    44  inf_si24r1.o(i.Inf_Si24R1_ReadReg)
    Inf_Si24R1_RxPacket                      0x080054a9   Thumb Code    58  inf_si24r1.o(i.Inf_Si24R1_RxPacket)
    Inf_Si24R1_WriteBuf                      0x080054e9   Thumb Code    68  inf_si24r1.o(i.Inf_Si24R1_WriteBuf)
    Inf_Si24R1_WriteReg                      0x08005531   Thumb Code    46  inf_si24r1.o(i.Inf_Si24R1_WriteReg)
    Inf_VL53LX1_GetHeight                    0x08005565   Thumb Code    36  inf_vl53lx1.o(i.Inf_VL53LX1_GetHeight)
    Inf_VL53LX1_Init                         0x0800558d   Thumb Code    88  inf_vl53lx1.o(i.Inf_VL53LX1_Init)
    MX_GPIO_Init                             0x080055f9   Thumb Code   290  gpio.o(i.MX_GPIO_Init)
    MX_I2C1_Init                             0x08005729   Thumb Code    48  i2c.o(i.MX_I2C1_Init)
    MX_I2C2_Init                             0x08005765   Thumb Code    48  i2c.o(i.MX_I2C2_Init)
    MX_SPI1_Init                             0x080057a1   Thumb Code    60  spi.o(i.MX_SPI1_Init)
    MX_TIM1_Init                             0x080057e5   Thumb Code   210  tim.o(i.MX_TIM1_Init)
    MX_TIM2_Init                             0x080058c1   Thumb Code   158  tim.o(i.MX_TIM2_Init)
    MX_TIM3_Init                             0x08005965   Thumb Code   156  tim.o(i.MX_TIM3_Init)
    MX_TIM4_Init                             0x08005a09   Thumb Code   156  tim.o(i.MX_TIM4_Init)
    MX_USART2_UART_Init                      0x08005aad   Thumb Code    46  usart.o(i.MX_USART2_UART_Init)
    MemManage_Handler                        0x08005ae5   Thumb Code     4  stm32f1xx_it.o(i.MemManage_Handler)
    NMI_Handler                              0x08005ae9   Thumb Code     4  stm32f1xx_it.o(i.NMI_Handler)
    SysTick_Handler                          0x08005c65   Thumb Code    20  stm32f1xx_it.o(i.SysTick_Handler)
    SystemClock_Config                       0x08005c79   Thumb Code   102  main.o(i.SystemClock_Config)
    SystemInit                               0x08005cdf   Thumb Code     2  system_stm32f1xx.o(i.SystemInit)
    TIM_Base_SetConfig                       0x08005ce1   Thumb Code   104  stm32f1xx_hal_tim.o(i.TIM_Base_SetConfig)
    TIM_CCxChannelCmd                        0x08005d55   Thumb Code    34  stm32f1xx_hal_tim.o(i.TIM_CCxChannelCmd)
    TIM_ETR_SetConfig                        0x08005d77   Thumb Code    22  stm32f1xx_hal_tim.o(i.TIM_ETR_SetConfig)
    TIM_OC2_SetConfig                        0x08005e01   Thumb Code   100  stm32f1xx_hal_tim.o(i.TIM_OC2_SetConfig)
    UsageFault_Handler                       0x080060f7   Thumb Code     4  stm32f1xx_it.o(i.UsageFault_Handler)
    VL53L1X_CheckForDataReady                0x080060fb   Thumb Code    62  vl53l1x_api.o(i.VL53L1X_CheckForDataReady)
    VL53L1X_ClearInterrupt                   0x08006139   Thumb Code    22  vl53l1x_api.o(i.VL53L1X_ClearInterrupt)
    VL53L1X_GetDistance                      0x0800614f   Thumb Code    30  vl53l1x_api.o(i.VL53L1X_GetDistance)
    VL53L1X_GetDistanceMode                  0x0800616d   Thumb Code    50  vl53l1x_api.o(i.VL53L1X_GetDistanceMode)
    VL53L1X_GetInterruptPolarity             0x0800619f   Thumb Code    50  vl53l1x_api.o(i.VL53L1X_GetInterruptPolarity)
    VL53L1X_GetSensorId                      0x080061d1   Thumb Code    36  vl53l1x_api.o(i.VL53L1X_GetSensorId)
    VL53L1X_GetTimingBudgetInMs              0x080061f5   Thumb Code   174  vl53l1x_api.o(i.VL53L1X_GetTimingBudgetInMs)
    VL53L1X_SensorInit                       0x080062a5   Thumb Code   114  vl53l1x_api.o(i.VL53L1X_SensorInit)
    VL53L1X_SetDistanceMode                  0x0800631d   Thumb Code   214  vl53l1x_api.o(i.VL53L1X_SetDistanceMode)
    VL53L1X_SetInterMeasurementInMs          0x080063f5   Thumb Code    84  vl53l1x_api.o(i.VL53L1X_SetInterMeasurementInMs)
    VL53L1X_SetTimingBudgetInMs              0x0800644d   Thumb Code   434  vl53l1x_api.o(i.VL53L1X_SetTimingBudgetInMs)
    VL53L1X_StartRanging                     0x080065ff   Thumb Code    22  vl53l1x_api.o(i.VL53L1X_StartRanging)
    VL53L1X_StopRanging                      0x08006615   Thumb Code    22  vl53l1x_api.o(i.VL53L1X_StopRanging)
    VL53L1_RdByte                            0x0800662d   Thumb Code    66  vl53l1_platform.o(i.VL53L1_RdByte)
    VL53L1_RdWord                            0x08006675   Thumb Code    82  vl53l1_platform.o(i.VL53L1_RdWord)
    VL53L1_WrByte                            0x080066cd   Thumb Code    50  vl53l1_platform.o(i.VL53L1_WrByte)
    VL53L1_WrDWord                           0x08006705   Thumb Code    60  vl53l1_platform.o(i.VL53L1_WrDWord)
    VL53L1_WrWord                            0x08006745   Thumb Code    52  vl53l1_platform.o(i.VL53L1_WrWord)
    _I2CRead                                 0x0800677d   Thumb Code    40  vl53l1_platform.o(i._I2CRead)
    _I2CWrite                                0x080067a9   Thumb Code    38  vl53l1_platform.o(i._I2CWrite)
    __0printf                                0x080067d5   Thumb Code    22  printfa.o(i.__0printf)
    __1printf                                0x080067d5   Thumb Code     0  printfa.o(i.__0printf)
    __2printf                                0x080067d5   Thumb Code     0  printfa.o(i.__0printf)
    __c89printf                              0x080067d5   Thumb Code     0  printfa.o(i.__0printf)
    printf                                   0x080067d5   Thumb Code     0  printfa.o(i.__0printf)
    __ARM_fpclassify                         0x080067f5   Thumb Code    40  fpclassify.o(i.__ARM_fpclassify)
    __ARM_fpclassifyf                        0x0800681d   Thumb Code    38  fpclassifyf.o(i.__ARM_fpclassifyf)
    __kernel_poly                            0x0800687d   Thumb Code   170  poly.o(i.__kernel_poly)
    __mathlib_dbl_infnan                     0x08006927   Thumb Code     6  dunder.o(i.__mathlib_dbl_infnan)
    __mathlib_dbl_invalid                    0x0800692d   Thumb Code    12  dunder.o(i.__mathlib_dbl_invalid)
    __mathlib_dbl_underflow                  0x08006939   Thumb Code    10  dunder.o(i.__mathlib_dbl_underflow)
    __mathlib_flt_infnan2                    0x08006949   Thumb Code     4  funder.o(i.__mathlib_flt_infnan2)
    __mathlib_flt_underflow                  0x0800694d   Thumb Code    10  funder.o(i.__mathlib_flt_underflow)
    __scatterload_copy                       0x08006957   Thumb Code    14  handlers.o(i.__scatterload_copy)
    __scatterload_null                       0x08006965   Thumb Code     2  handlers.o(i.__scatterload_null)
    __scatterload_zeroinit                   0x08006967   Thumb Code    14  handlers.o(i.__scatterload_zeroinit)
    __set_errno                              0x08006975   Thumb Code     6  errno.o(i.__set_errno)
    asin                                     0x0800720d   Thumb Code   572  asin.o(i.asin)
    atan2f                                   0x0800747d   Thumb Code   598  atan2f.o(i.atan2f)
    communicationTask                        0x08007721   Thumb Code   118  app_task.o(i.communicationTask)
    flightTask                               0x080077e5   Thumb Code   132  app_task.o(i.flightTask)
    fputc                                    0x080078b5   Thumb Code    22  com_debug.o(i.fputc)
    ledTask                                  0x080078d1   Thumb Code   312  app_task.o(i.ledTask)
    main                                     0x08007a65   Thumb Code    52  main.o(i.main)
    powerTask                                0x08007a99   Thumb Code   142  app_task.o(i.powerTask)
    pvPortMalloc                             0x08007fd5   Thumb Code   208  heap_4.o(i.pvPortMalloc)
    pxPortInitialiseStack                    0x080080b9   Thumb Code    30  port.o(i.pxPortInitialiseStack)
    sqrt                                     0x080080dd   Thumb Code    76  sqrt.o(i.sqrt)
    startTask                                0x08008129   Thumb Code   164  app_task.o(i.startTask)
    ulTaskGenericNotifyTake                  0x0800827d   Thumb Code   128  tasks.o(i.ulTaskGenericNotifyTake)
    uxListRemove                             0x08008305   Thumb Code    40  list.o(i.uxListRemove)
    vListInitialise                          0x0800832d   Thumb Code    26  list.o(i.vListInitialise)
    vListInitialiseItem                      0x08008347   Thumb Code     6  list.o(i.vListInitialiseItem)
    vListInsert                              0x0800834d   Thumb Code    52  list.o(i.vListInsert)
    vListInsertEnd                           0x08008381   Thumb Code    24  list.o(i.vListInsertEnd)
    vPortEnterCritical                       0x08008399   Thumb Code    30  port.o(i.vPortEnterCritical)
    vPortExitCritical                        0x080083bd   Thumb Code    28  port.o(i.vPortExitCritical)
    vPortFree                                0x080083dd   Thumb Code    68  heap_4.o(i.vPortFree)
    vPortSetupTimerInterrupt                 0x08008429   Thumb Code    20  port.o(i.vPortSetupTimerInterrupt)
    vTaskDelay                               0x08008441   Thumb Code    46  tasks.o(i.vTaskDelay)
    vTaskDelete                              0x08008475   Thumb Code   174  tasks.o(i.vTaskDelete)
    vTaskStartScheduler                      0x08008549   Thumb Code    76  tasks.o(i.vTaskStartScheduler)
    vTaskSuspendAll                          0x080085b5   Thumb Code    12  tasks.o(i.vTaskSuspendAll)
    vTaskSwitchContext                       0x080085c5   Thumb Code    76  tasks.o(i.vTaskSwitchContext)
    xPortStartScheduler                      0x08008625   Thumb Code    42  port.o(i.xPortStartScheduler)
    xPortSysTickHandler                      0x08008659   Thumb Code    46  port.o(i.xPortSysTickHandler)
    xTaskCreate                              0x0800868d   Thumb Code   104  tasks.o(i.xTaskCreate)
    xTaskDelayUntil                          0x080086f5   Thumb Code   108  tasks.o(i.xTaskDelayUntil)
    xTaskGenericNotify                       0x08008769   Thumb Code   314  tasks.o(i.xTaskGenericNotify)
    xTaskGetSchedulerState                   0x080088b5   Thumb Code    24  tasks.o(i.xTaskGetSchedulerState)
    xTaskGetTickCount                        0x080088d5   Thumb Code     6  tasks.o(i.xTaskGetTickCount)
    xTaskIncrementTick                       0x080088e1   Thumb Code   356  tasks.o(i.xTaskIncrementTick)
    xTaskResumeAll                           0x08008a71   Thumb Code   310  tasks.o(i.xTaskResumeAll)
    AHBPrescTable                            0x08008bde   Data          16  system_stm32f1xx.o(.constdata)
    APBPrescTable                            0x08008bee   Data           8  system_stm32f1xx.o(.constdata)
    VL51L1X_DEFAULT_CONFIGURATION            0x08008bf6   Data          91  vl53l1x_api.o(.constdata)
    Region$$Table$$Base                      0x08008cc0   Number         0  anon$$obj.o(Region$$Table)
    Region$$Table$$Limit                     0x08008ce0   Number         0  anon$$obj.o(Region$$Table)
    uwTick                                   0x20000000   Data           4  stm32f1xx_hal.o(.data)
    uwTickPrio                               0x20000004   Data           4  stm32f1xx_hal.o(.data)
    uwTickFreq                               0x20000008   Data           1  stm32f1xx_hal.o(.data)
    SystemCoreClock                          0x2000000c   Data           4  system_stm32f1xx.o(.data)
    ledLeftTop                               0x20000010   Data           2  com_config.o(.data)
    ledLeftBootom                            0x20000012   Data           2  com_config.o(.data)
    ledRightTop                              0x20000014   Data           2  com_config.o(.data)
    ledRightBottom                           0x20000016   Data           2  com_config.o(.data)
    isRemoteConnected                        0x20000018   Data           1  com_config.o(.data)
    isRemoteUnlocked                         0x20000019   Data           1  com_config.o(.data)
    isFixHeight                              0x2000001a   Data           1  com_config.o(.data)
    motorLeftTop                             0x2000001c   Data           4  com_config.o(.data)
    motorLeftBottom                          0x20000020   Data           4  com_config.o(.data)
    motorRightTop                            0x20000024   Data           4  com_config.o(.data)
    motorRightBottom                         0x20000028   Data           4  com_config.o(.data)
    kfs                                      0x2000002c   Data          72  com_filter.o(.data)
    RtA                                      0x20000078   Data           4  com_imu.o(.data)
    Gyro_G                                   0x2000007c   Data           4  com_imu.o(.data)
    Gyro_Gr                                  0x20000080   Data           4  com_imu.o(.data)
    pxCurrentTCB                             0x200000c8   Data           4  tasks.o(.data)
    uxTopUsedPriority                        0x20000100   Data           4  tasks.o(.data)
    startTaskHandle                          0x20000108   Data           4  app_task.o(.data)
    powerTaskHandle                          0x2000010c   Data           4  app_task.o(.data)
    ledTaskHandle                            0x20000110   Data           4  app_task.o(.data)
    flightTaskHandle                         0x20000114   Data           4  app_task.o(.data)
    communicationTaskHandle                  0x20000118   Data           4  app_task.o(.data)
    pitchPID                                 0x20000120   Data          36  app_flight.o(.data)
    gyroYPID                                 0x20000144   Data          36  app_flight.o(.data)
    rollPID                                  0x20000168   Data          36  app_flight.o(.data)
    gyroXPID                                 0x2000018c   Data          36  app_flight.o(.data)
    yawPID                                   0x200001b0   Data          36  app_flight.o(.data)
    gyroZPID                                 0x200001d4   Data          36  app_flight.o(.data)
    heightPID                                0x200001f8   Data          36  app_flight.o(.data)
    zSpeedPID                                0x2000021c   Data          36  app_flight.o(.data)
    TX_ADDRESS                               0x20000260   Data           5  inf_si24r1.o(.data)
    RX_ADDRESS                               0x20000265   Data           5  inf_si24r1.o(.data)
    connect_flag                             0x2000026a   Data           2  inf_si24r1.o(.data)
    __stdout                                 0x20000270   Data           4  stdout.o(.data)
    hi2c1                                    0x20000278   Data          84  i2c.o(.bss)
    hi2c2                                    0x200002cc   Data          84  i2c.o(.bss)
    hspi1                                    0x20000320   Data          88  spi.o(.bss)
    htim1                                    0x20000378   Data          72  tim.o(.bss)
    htim2                                    0x200003c0   Data          72  tim.o(.bss)
    htim3                                    0x20000408   Data          72  tim.o(.bss)
    htim4                                    0x20000450   Data          72  tim.o(.bss)
    huart2                                   0x20000498   Data          72  usart.o(.bss)
    joyStick                                 0x200004e0   Data          10  com_config.o(.bss)
    gyroAccel                                0x200004ea   Data          12  com_config.o(.bss)
    eulerAngle                               0x200004f8   Data          12  com_config.o(.bss)
    TX_BUFF                                  0x200037f4   Data          18  inf_si24r1.o(.bss)
    RX_BUFF                                  0x20003806   Data          18  inf_si24r1.o(.bss)
    _I2CBuffer                               0x20003824   Data         256  vl53l1_platform.o(.bss)
    __initial_sp                             0x20004128   Data           0  startup_stm32f103xb.o(STACK)



==============================================================================

Memory Map of the image

  Image Entry point : 0x080000ed

  Load Region LR_IROM1 (Base: 0x08000000, Size: 0x00008f58, Max: 0x00010000, ABSOLUTE, COMPRESSED[0x00008d6c])

    Execution Region ER_IROM1 (Exec base: 0x08000000, Load base: 0x08000000, Size: 0x00008ce0, Max: 0x00010000, ABSOLUTE)

    Exec Addr    Load Addr    Size         Type   Attr      Idx    E Section Name        Object

    0x08000000   0x08000000   0x000000ec   Data   RO            3    RESET               startup_stm32f103xb.o
    0x080000ec   0x080000ec   0x00000000   Code   RO         5964  * .ARM.Collect$$$$00000000  mc_w.l(entry.o)
    0x080000ec   0x080000ec   0x00000004   Code   RO         6322    .ARM.Collect$$$$00000001  mc_w.l(entry2.o)
    0x080000f0   0x080000f0   0x00000004   Code   RO         6325    .ARM.Collect$$$$00000004  mc_w.l(entry5.o)
    0x080000f4   0x080000f4   0x00000000   Code   RO         6327    .ARM.Collect$$$$00000008  mc_w.l(entry7b.o)
    0x080000f4   0x080000f4   0x00000000   Code   RO         6329    .ARM.Collect$$$$0000000A  mc_w.l(entry8b.o)
    0x080000f4   0x080000f4   0x00000008   Code   RO         6330    .ARM.Collect$$$$0000000B  mc_w.l(entry9a.o)
    0x080000fc   0x080000fc   0x00000004   Code   RO         6337    .ARM.Collect$$$$0000000E  mc_w.l(entry12b.o)
    0x08000100   0x08000100   0x00000000   Code   RO         6332    .ARM.Collect$$$$0000000F  mc_w.l(entry10a.o)
    0x08000100   0x08000100   0x00000000   Code   RO         6334    .ARM.Collect$$$$00000011  mc_w.l(entry11a.o)
    0x08000100   0x08000100   0x00000004   Code   RO         6323    .ARM.Collect$$$$00002712  mc_w.l(entry2.o)
    0x08000104   0x08000104   0x00000096   Code   RO         4044    .emb_text           port.o
    0x0800019a   0x0800019a   0x00000002   PAD
    0x0800019c   0x0800019c   0x00000024   Code   RO            4    .text               startup_stm32f103xb.o
    0x080001c0   0x080001c0   0x00000020   Code   RO         5967    .text               mc_w.l(llushr.o)
    0x080001e0   0x080001e0   0x00000024   Code   RO         5971    .text               mc_w.l(memseta.o)
    0x08000204   0x08000204   0x00000016   Code   RO         5977    .text               mc_w.l(strrchr.o)
    0x0800021a   0x0800021a   0x000000b0   Code   RO         6242    .text               mf_w.l(fadd.o)
    0x080002ca   0x080002ca   0x00000064   Code   RO         6244    .text               mf_w.l(fmul.o)
    0x0800032e   0x0800032e   0x0000007c   Code   RO         6246    .text               mf_w.l(fdiv.o)
    0x080003aa   0x080003aa   0x0000014e   Code   RO         6248    .text               mf_w.l(dadd.o)
    0x080004f8   0x080004f8   0x000000e4   Code   RO         6250    .text               mf_w.l(dmul.o)
    0x080005dc   0x080005dc   0x000000de   Code   RO         6252    .text               mf_w.l(ddiv.o)
    0x080006ba   0x080006ba   0x00000012   Code   RO         6254    .text               mf_w.l(fflti.o)
    0x080006cc   0x080006cc   0x0000000a   Code   RO         6256    .text               mf_w.l(ffltui.o)
    0x080006d6   0x080006d6   0x00000022   Code   RO         6258    .text               mf_w.l(dflti.o)
    0x080006f8   0x080006f8   0x0000001a   Code   RO         6260    .text               mf_w.l(dfltui.o)
    0x08000712   0x08000712   0x00000032   Code   RO         6262    .text               mf_w.l(ffixi.o)
    0x08000744   0x08000744   0x0000003e   Code   RO         6266    .text               mf_w.l(dfixi.o)
    0x08000782   0x08000782   0x00000032   Code   RO         6268    .text               mf_w.l(dfixui.o)
    0x080007b4   0x080007b4   0x00000026   Code   RO         6270    .text               mf_w.l(f2d.o)
    0x080007da   0x080007da   0x00000002   PAD
    0x080007dc   0x080007dc   0x00000030   Code   RO         6272    .text               mf_w.l(cdcmple.o)
    0x0800080c   0x0800080c   0x00000038   Code   RO         6274    .text               mf_w.l(d2f.o)
    0x08000844   0x08000844   0x00000014   Code   RO         6276    .text               mf_w.l(cfcmple.o)
    0x08000858   0x08000858   0x00000014   Code   RO         6278    .text               mf_w.l(cfrcmple.o)
    0x0800086c   0x0800086c   0x0000002c   Code   RO         6339    .text               mc_w.l(uidiv.o)
    0x08000898   0x08000898   0x00000062   Code   RO         6341    .text               mc_w.l(uldiv.o)
    0x080008fa   0x080008fa   0x0000001e   Code   RO         6343    .text               mc_w.l(llshl.o)
    0x08000918   0x08000918   0x00000024   Code   RO         6345    .text               mc_w.l(llsshr.o)
    0x0800093c   0x0800093c   0x00000000   Code   RO         6354    .text               mc_w.l(iusefp.o)
    0x0800093c   0x0800093c   0x0000006e   Code   RO         6355    .text               mf_w.l(fepilogue.o)
    0x080009aa   0x080009aa   0x000000ba   Code   RO         6357    .text               mf_w.l(depilogue.o)
    0x08000a64   0x08000a64   0x0000002e   Code   RO         6359    .text               mf_w.l(dscalb.o)
    0x08000a92   0x08000a92   0x00000030   Code   RO         6361    .text               mf_w.l(dfixul.o)
    0x08000ac2   0x08000ac2   0x00000002   PAD
    0x08000ac4   0x08000ac4   0x00000030   Code   RO         6363    .text               mf_w.l(cdrcmple.o)
    0x08000af4   0x08000af4   0x00000024   Code   RO         6365    .text               mc_w.l(init.o)
    0x08000b18   0x08000b18   0x00000018   Code   RO         6367    .text               mf_w.l(fscalb.o)
    0x08000b30   0x08000b30   0x000000a2   Code   RO         6369    .text               mf_w.l(dsqrt.o)
    0x08000bd2   0x08000bd2   0x00000056   Code   RO         6379    .text               mc_w.l(__dczerorl2.o)
    0x08000c28   0x08000c28   0x00000030   Code   RO         5195    i.App_Communication_CheckConnection  app_communication.o
    0x08000c58   0x08000c58   0x000000bc   Code   RO         5196    i.App_Communication_ReceiveJoyStickData  app_communication.o
    0x08000d14   0x08000d14   0x00000114   Code   RO         5197    i.App_Communication_RemoteUnlock  app_communication.o
    0x08000e28   0x08000e28   0x000001b0   Code   RO         5198    i.App_Communication_Start  app_communication.o
    0x08000fd8   0x08000fd8   0x00000014   Code   RO         5117    i.App_Flight_GetEulerAngle  app_flight.o
    0x08000fec   0x08000fec   0x000000bc   Code   RO         5118    i.App_Flight_GetGyroAccelWithFilter  app_flight.o
    0x080010a8   0x080010a8   0x00000074   Code   RO         5119    i.App_Flight_GetHeight  app_flight.o
    0x0800111c   0x0800111c   0x00000080   Code   RO         5120    i.App_Flight_MotorWithHeightPID  app_flight.o
    0x0800119c   0x0800119c   0x0000012c   Code   RO         5121    i.App_Flight_MotorWithPosturePID  app_flight.o
    0x080012c8   0x080012c8   0x000001b4   Code   RO         5122    i.App_Flight_PIDHeight  app_flight.o
    0x0800147c   0x0800147c   0x00000120   Code   RO         5123    i.App_Flight_PIDPosture  app_flight.o
    0x0800159c   0x0800159c   0x000001d4   Code   RO         5124    i.App_Flight_Start  app_flight.o
    0x08001770   0x08001770   0x0000003c   Code   RO         5125    i.App_Flight_Work   app_flight.o
    0x080017ac   0x080017ac   0x00000138   Code   RO         5057    i.App_Task_FreeRTOSStart  app_task.o
    0x080018e4   0x080018e4   0x00000004   Code   RO          492    i.BusFault_Handler  stm32f1xx_it.o
    0x080018e8   0x080018e8   0x00000002   Code   RO         3863    i.Com_Debug_Start   com_debug.o
    0x080018ea   0x080018ea   0x00000002   PAD
    0x080018ec   0x080018ec   0x00000054   Code   RO         3896    i.Com_Filter_LowPass  com_filter.o
    0x08001940   0x08001940   0x00000018   Code   RO         4014    i.Com_PID_CascadePID  com_pid.o
    0x08001958   0x08001958   0x00000066   Code   RO         4015    i.Com_PID_ComputePID  com_pid.o
    0x080019be   0x080019be   0x000000ae   Code   RO         3897    i.Common_Filter_KalmanFilter  com_filter.o
    0x08001a6c   0x08001a6c   0x00000778   Code   RO         3968    i.Common_IMU_GetEulerAngle  com_imu.o
    0x080021e4   0x080021e4   0x00000010   Code   RO         3969    i.Common_IMU_GetNormAccZ  com_imu.o
    0x080021f4   0x080021f4   0x00000002   Code   RO          493    i.DebugMon_Handler  stm32f1xx_it.o
    0x080021f6   0x080021f6   0x00000002   PAD
    0x080021f8   0x080021f8   0x00000020   Code   RO          336    i.Driver_SPI_SwapByte  spi.o
    0x08002218   0x08002218   0x00000006   Code   RO           13    i.Error_Handler     main.o
    0x0800221e   0x0800221e   0x00000002   PAD
    0x08002220   0x08002220   0x00000028   Code   RO         1111    i.HAL_Delay         stm32f1xx_hal.o
    0x08002248   0x08002248   0x00000320   Code   RO         1426    i.HAL_GPIO_Init     stm32f1xx_hal_gpio.o
    0x08002568   0x08002568   0x00000014   Code   RO         1429    i.HAL_GPIO_TogglePin  stm32f1xx_hal_gpio.o
    0x0800257c   0x0800257c   0x0000000c   Code   RO         1430    i.HAL_GPIO_WritePin  stm32f1xx_hal_gpio.o
    0x08002588   0x08002588   0x0000000c   Code   RO         1115    i.HAL_GetTick       stm32f1xx_hal.o
    0x08002594   0x08002594   0x000001d0   Code   RO          638    i.HAL_I2C_Init      stm32f1xx_hal_i2c.o
    0x08002764   0x08002764   0x0000036c   Code   RO          644    i.HAL_I2C_Master_Receive  stm32f1xx_hal_i2c.o
    0x08002ad0   0x08002ad0   0x00000170   Code   RO          651    i.HAL_I2C_Master_Transmit  stm32f1xx_hal_i2c.o
    0x08002c40   0x08002c40   0x00000364   Code   RO          656    i.HAL_I2C_Mem_Read  stm32f1xx_hal_i2c.o
    0x08002fa4   0x08002fa4   0x00000164   Code   RO          659    i.HAL_I2C_Mem_Write  stm32f1xx_hal_i2c.o
    0x08003108   0x08003108   0x000000d0   Code   RO          289    i.HAL_I2C_MspInit   i2c.o
    0x080031d8   0x080031d8   0x00000018   Code   RO         1121    i.HAL_IncTick       stm32f1xx_hal.o
    0x080031f0   0x080031f0   0x00000028   Code   RO         1122    i.HAL_Init          stm32f1xx_hal.o
    0x08003218   0x08003218   0x0000004c   Code   RO         1123    i.HAL_InitTick      stm32f1xx_hal.o
    0x08003264   0x08003264   0x00000054   Code   RO          567    i.HAL_MspInit       stm32f1xx_hal_msp.o
    0x080032b8   0x080032b8   0x0000007c   Code   RO         1592    i.HAL_NVIC_SetPriority  stm32f1xx_hal_cortex.o
    0x08003334   0x08003334   0x00000028   Code   RO         1593    i.HAL_NVIC_SetPriorityGrouping  stm32f1xx_hal_cortex.o
    0x0800335c   0x0800335c   0x0000018c   Code   RO         1279    i.HAL_RCC_ClockConfig  stm32f1xx_hal_rcc.o
    0x080034e8   0x080034e8   0x0000000c   Code   RO         1284    i.HAL_RCC_GetHCLKFreq  stm32f1xx_hal_rcc.o
    0x080034f4   0x080034f4   0x00000020   Code   RO         1286    i.HAL_RCC_GetPCLK1Freq  stm32f1xx_hal_rcc.o
    0x08003514   0x08003514   0x00000020   Code   RO         1287    i.HAL_RCC_GetPCLK2Freq  stm32f1xx_hal_rcc.o
    0x08003534   0x08003534   0x00000070   Code   RO         1288    i.HAL_RCC_GetSysClockFreq  stm32f1xx_hal_rcc.o
    0x080035a4   0x080035a4   0x00000464   Code   RO         1291    i.HAL_RCC_OscConfig  stm32f1xx_hal_rcc.o
    0x08003a08   0x08003a08   0x000000be   Code   RO         2123    i.HAL_SPI_Init      stm32f1xx_hal_spi.o
    0x08003ac6   0x08003ac6   0x00000002   PAD
    0x08003ac8   0x08003ac8   0x00000084   Code   RO          338    i.HAL_SPI_MspInit   spi.o
    0x08003b4c   0x08003b4c   0x00000240   Code   RO         2132    i.HAL_SPI_TransmitReceive  stm32f1xx_hal_spi.o
    0x08003d8c   0x08003d8c   0x00000034   Code   RO         1597    i.HAL_SYSTICK_Config  stm32f1xx_hal_cortex.o
    0x08003dc0   0x08003dc0   0x00000074   Code   RO         3154    i.HAL_TIMEx_ConfigBreakDeadTime  stm32f1xx_hal_tim_ex.o
    0x08003e34   0x08003e34   0x00000084   Code   RO         3170    i.HAL_TIMEx_MasterConfigSynchronization  stm32f1xx_hal_tim_ex.o
    0x08003eb8   0x08003eb8   0x00000066   Code   RO         2436    i.HAL_TIM_Base_Init  stm32f1xx_hal_tim.o
    0x08003f1e   0x08003f1e   0x00000002   PAD
    0x08003f20   0x08003f20   0x000000a4   Code   RO          385    i.HAL_TIM_Base_MspInit  tim.o
    0x08003fc4   0x08003fc4   0x0000010c   Code   RO         2445    i.HAL_TIM_ConfigClockSource  stm32f1xx_hal_tim.o
    0x080040d0   0x080040d0   0x00000120   Code   RO          386    i.HAL_TIM_MspPostInit  tim.o
    0x080041f0   0x080041f0   0x00000104   Code   RO         2508    i.HAL_TIM_PWM_ConfigChannel  stm32f1xx_hal_tim.o
    0x080042f4   0x080042f4   0x00000066   Code   RO         2511    i.HAL_TIM_PWM_Init  stm32f1xx_hal_tim.o
    0x0800435a   0x0800435a   0x00000002   Code   RO         2513    i.HAL_TIM_PWM_MspInit  stm32f1xx_hal_tim.o
    0x0800435c   0x0800435c   0x000000d4   Code   RO         2516    i.HAL_TIM_PWM_Start  stm32f1xx_hal_tim.o
    0x08004430   0x08004430   0x00000076   Code   RO         3448    i.HAL_UART_Init     stm32f1xx_hal_uart.o
    0x080044a6   0x080044a6   0x00000002   PAD
    0x080044a8   0x080044a8   0x00000084   Code   RO          451    i.HAL_UART_MspInit  usart.o
    0x0800452c   0x0800452c   0x000000b2   Code   RO         3456    i.HAL_UART_Transmit  stm32f1xx_hal_uart.o
    0x080045de   0x080045de   0x00000004   Code   RO          494    i.HardFault_Handler  stm32f1xx_it.o
    0x080045e2   0x080045e2   0x0000003e   Code   RO          682    i.I2C_IsAcknowledgeFailed  stm32f1xx_hal_i2c.o
    0x08004620   0x08004620   0x00000138   Code   RO          685    i.I2C_MasterRequestRead  stm32f1xx_hal_i2c.o
    0x08004758   0x08004758   0x000000c0   Code   RO          686    i.I2C_MasterRequestWrite  stm32f1xx_hal_i2c.o
    0x08004818   0x08004818   0x00000160   Code   RO          693    i.I2C_RequestMemoryRead  stm32f1xx_hal_i2c.o
    0x08004978   0x08004978   0x000000e0   Code   RO          694    i.I2C_RequestMemoryWrite  stm32f1xx_hal_i2c.o
    0x08004a58   0x08004a58   0x00000066   Code   RO          702    i.I2C_WaitOnBTFFlagUntilTimeout  stm32f1xx_hal_i2c.o
    0x08004abe   0x08004abe   0x000000be   Code   RO          703    i.I2C_WaitOnFlagUntilTimeout  stm32f1xx_hal_i2c.o
    0x08004b7c   0x08004b7c   0x000000fa   Code   RO          704    i.I2C_WaitOnMasterAddressFlagUntilTimeout  stm32f1xx_hal_i2c.o
    0x08004c76   0x08004c76   0x0000008a   Code   RO          705    i.I2C_WaitOnRXNEFlagUntilTimeout  stm32f1xx_hal_i2c.o
    0x08004d00   0x08004d00   0x00000066   Code   RO          708    i.I2C_WaitOnTXEFlagUntilTimeout  stm32f1xx_hal_i2c.o
    0x08004d66   0x08004d66   0x00000014   Code   RO         5268    i.Inf_IP5305T_Close  inf_ip5305t.o
    0x08004d7a   0x08004d7a   0x00000008   Code   RO         5269    i.Inf_IP5305T_Open  inf_ip5305t.o
    0x08004d82   0x08004d82   0x00000002   PAD
    0x08004d84   0x08004d84   0x00000024   Code   RO         5270    i.Inf_IP5305T_ShortPress  inf_ip5305t.o
    0x08004da8   0x08004da8   0x000000a0   Code   RO         5241    i.Inf_LED_SetStatus  inf_led.o
    0x08004e48   0x08004e48   0x00000290   Code   RO         5424    i.Inf_MPU6050_Calibrate  inf_mpu6050.o
    0x080050d8   0x080050d8   0x00000066   Code   RO         5425    i.Inf_MPU6050_Init  inf_mpu6050.o
    0x0800513e   0x0800513e   0x00000046   Code   RO         5426    i.Inf_MPU6050_ReadAccel  inf_mpu6050.o
    0x08005184   0x08005184   0x00000046   Code   RO         5427    i.Inf_MPU6050_ReadGyro  inf_mpu6050.o
    0x080051ca   0x080051ca   0x00000012   Code   RO         5428    i.Inf_MPU6050_ReadGyroAccel  inf_mpu6050.o
    0x080051dc   0x080051dc   0x00000058   Code   RO         5429    i.Inf_MPU6050_ReadGyroAccelCalibrated  inf_mpu6050.o
    0x08005234   0x08005234   0x00000024   Code   RO         5431    i.Inf_MPU6050_ReadRegs  inf_mpu6050.o
    0x08005258   0x08005258   0x00000028   Code   RO         5432    i.Inf_MPU6050_WriteReg  inf_mpu6050.o
    0x08005280   0x08005280   0x0000002c   Code   RO         5306    i.Inf_Motor_AllMotorsWork  inf_motor.o
    0x080052ac   0x080052ac   0x0000005c   Code   RO         5307    i.Inf_Motor_Init    inf_motor.o
    0x08005308   0x08005308   0x00000078   Code   RO         5308    i.Inf_Motor_SetSpeed  inf_motor.o
    0x08005380   0x08005380   0x00000058   Code   RO         5345    i.Inf_Si24R1_Check  inf_si24r1.o
    0x080053d8   0x080053d8   0x0000005c   Code   RO         5346    i.Inf_Si24R1_RXMode  inf_si24r1.o
    0x08005434   0x08005434   0x00000044   Code   RO         5347    i.Inf_Si24R1_ReadBuf  inf_si24r1.o
    0x08005478   0x08005478   0x00000030   Code   RO         5348    i.Inf_Si24R1_ReadReg  inf_si24r1.o
    0x080054a8   0x080054a8   0x00000040   Code   RO         5349    i.Inf_Si24R1_RxPacket  inf_si24r1.o
    0x080054e8   0x080054e8   0x00000048   Code   RO         5352    i.Inf_Si24R1_WriteBuf  inf_si24r1.o
    0x08005530   0x08005530   0x00000034   Code   RO         5353    i.Inf_Si24R1_WriteReg  inf_si24r1.o
    0x08005564   0x08005564   0x00000028   Code   RO         5507    i.Inf_VL53LX1_GetHeight  inf_vl53lx1.o
    0x0800558c   0x0800558c   0x0000006c   Code   RO         5508    i.Inf_VL53LX1_Init  inf_vl53lx1.o
    0x080055f8   0x080055f8   0x00000130   Code   RO          264    i.MX_GPIO_Init      gpio.o
    0x08005728   0x08005728   0x0000003c   Code   RO          290    i.MX_I2C1_Init      i2c.o
    0x08005764   0x08005764   0x0000003c   Code   RO          291    i.MX_I2C2_Init      i2c.o
    0x080057a0   0x080057a0   0x00000044   Code   RO          339    i.MX_SPI1_Init      spi.o
    0x080057e4   0x080057e4   0x000000dc   Code   RO          387    i.MX_TIM1_Init      tim.o
    0x080058c0   0x080058c0   0x000000a4   Code   RO          388    i.MX_TIM2_Init      tim.o
    0x08005964   0x08005964   0x000000a4   Code   RO          389    i.MX_TIM3_Init      tim.o
    0x08005a08   0x08005a08   0x000000a4   Code   RO          390    i.MX_TIM4_Init      tim.o
    0x08005aac   0x08005aac   0x00000038   Code   RO          452    i.MX_USART2_UART_Init  usart.o
    0x08005ae4   0x08005ae4   0x00000004   Code   RO          495    i.MemManage_Handler  stm32f1xx_it.o
    0x08005ae8   0x08005ae8   0x00000004   Code   RO          496    i.NMI_Handler       stm32f1xx_it.o
    0x08005aec   0x08005aec   0x00000050   Code   RO         3970    i.Q_rsqrt           com_imu.o
    0x08005b3c   0x08005b3c   0x00000028   Code   RO         1292    i.RCC_Delay         stm32f1xx_hal_rcc.o
    0x08005b64   0x08005b64   0x00000028   Code   RO         2161    i.SPI_EndRxTxTransaction  stm32f1xx_hal_spi.o
    0x08005b8c   0x08005b8c   0x000000d8   Code   RO         2166    i.SPI_WaitFlagStateUntilTimeout  stm32f1xx_hal_spi.o
    0x08005c64   0x08005c64   0x00000014   Code   RO          499    i.SysTick_Handler   stm32f1xx_it.o
    0x08005c78   0x08005c78   0x00000066   Code   RO           14    i.SystemClock_Config  main.o
    0x08005cde   0x08005cde   0x00000002   Code   RO         3792    i.SystemInit        system_stm32f1xx.o
    0x08005ce0   0x08005ce0   0x00000074   Code   RO         2529    i.TIM_Base_SetConfig  stm32f1xx_hal_tim.o
    0x08005d54   0x08005d54   0x00000022   Code   RO         2530    i.TIM_CCxChannelCmd  stm32f1xx_hal_tim.o
    0x08005d76   0x08005d76   0x00000016   Code   RO         2540    i.TIM_ETR_SetConfig  stm32f1xx_hal_tim.o
    0x08005d8c   0x08005d8c   0x00000012   Code   RO         2541    i.TIM_ITRx_SetConfig  stm32f1xx_hal_tim.o
    0x08005d9e   0x08005d9e   0x00000002   PAD
    0x08005da0   0x08005da0   0x00000060   Code   RO         2542    i.TIM_OC1_SetConfig  stm32f1xx_hal_tim.o
    0x08005e00   0x08005e00   0x00000068   Code   RO         2543    i.TIM_OC2_SetConfig  stm32f1xx_hal_tim.o
    0x08005e68   0x08005e68   0x00000068   Code   RO         2544    i.TIM_OC3_SetConfig  stm32f1xx_hal_tim.o
    0x08005ed0   0x08005ed0   0x00000048   Code   RO         2545    i.TIM_OC4_SetConfig  stm32f1xx_hal_tim.o
    0x08005f18   0x08005f18   0x00000026   Code   RO         2547    i.TIM_TI1_ConfigInputStage  stm32f1xx_hal_tim.o
    0x08005f3e   0x08005f3e   0x00000028   Code   RO         2549    i.TIM_TI2_ConfigInputStage  stm32f1xx_hal_tim.o
    0x08005f66   0x08005f66   0x00000002   PAD
    0x08005f68   0x08005f68   0x000000fc   Code   RO         3475    i.UART_SetConfig    stm32f1xx_hal_uart.o
    0x08006064   0x08006064   0x00000092   Code   RO         3479    i.UART_WaitOnFlagUntilTimeout  stm32f1xx_hal_uart.o
    0x080060f6   0x080060f6   0x00000004   Code   RO          500    i.UsageFault_Handler  stm32f1xx_it.o
    0x080060fa   0x080060fa   0x0000003e   Code   RO         5665    i.VL53L1X_CheckForDataReady  vl53l1x_api.o
    0x08006138   0x08006138   0x00000016   Code   RO         5666    i.VL53L1X_ClearInterrupt  vl53l1x_api.o
    0x0800614e   0x0800614e   0x0000001e   Code   RO         5669    i.VL53L1X_GetDistance  vl53l1x_api.o
    0x0800616c   0x0800616c   0x00000032   Code   RO         5670    i.VL53L1X_GetDistanceMode  vl53l1x_api.o
    0x0800619e   0x0800619e   0x00000032   Code   RO         5675    i.VL53L1X_GetInterruptPolarity  vl53l1x_api.o
    0x080061d0   0x080061d0   0x00000024   Code   RO         5682    i.VL53L1X_GetSensorId  vl53l1x_api.o
    0x080061f4   0x080061f4   0x000000ae   Code   RO         5688    i.VL53L1X_GetTimingBudgetInMs  vl53l1x_api.o
    0x080062a2   0x080062a2   0x00000002   PAD
    0x080062a4   0x080062a4   0x00000078   Code   RO         5690    i.VL53L1X_SensorInit  vl53l1x_api.o
    0x0800631c   0x0800631c   0x000000d6   Code   RO         5691    i.VL53L1X_SetDistanceMode  vl53l1x_api.o
    0x080063f2   0x080063f2   0x00000002   PAD
    0x080063f4   0x080063f4   0x00000058   Code   RO         5694    i.VL53L1X_SetInterMeasurementInMs  vl53l1x_api.o
    0x0800644c   0x0800644c   0x000001b2   Code   RO         5701    i.VL53L1X_SetTimingBudgetInMs  vl53l1x_api.o
    0x080065fe   0x080065fe   0x00000016   Code   RO         5703    i.VL53L1X_StartRanging  vl53l1x_api.o
    0x08006614   0x08006614   0x00000016   Code   RO         5705    i.VL53L1X_StopRanging  vl53l1x_api.o
    0x0800662a   0x0800662a   0x00000002   PAD
    0x0800662c   0x0800662c   0x00000048   Code   RO         5540    i.VL53L1_RdByte     vl53l1_platform.o
    0x08006674   0x08006674   0x00000058   Code   RO         5542    i.VL53L1_RdWord     vl53l1_platform.o
    0x080066cc   0x080066cc   0x00000038   Code   RO         5548    i.VL53L1_WrByte     vl53l1_platform.o
    0x08006704   0x08006704   0x00000040   Code   RO         5549    i.VL53L1_WrDWord    vl53l1_platform.o
    0x08006744   0x08006744   0x00000038   Code   RO         5550    i.VL53L1_WrWord     vl53l1_platform.o
    0x0800677c   0x0800677c   0x0000002c   Code   RO         5552    i._I2CRead          vl53l1_platform.o
    0x080067a8   0x080067a8   0x0000002c   Code   RO         5553    i._I2CWrite         vl53l1_platform.o
    0x080067d4   0x080067d4   0x00000020   Code   RO         6214    i.__0printf         mc_w.l(printfa.o)
    0x080067f4   0x080067f4   0x00000028   Code   RO         6294    i.__ARM_fpclassify  m_ws.l(fpclassify.o)
    0x0800681c   0x0800681c   0x00000026   Code   RO         6296    i.__ARM_fpclassifyf  m_ws.l(fpclassifyf.o)
    0x08006842   0x08006842   0x00000002   PAD
    0x08006844   0x08006844   0x00000010   Code   RO         1599    i.__NVIC_GetPriorityGrouping  stm32f1xx_hal_cortex.o
    0x08006854   0x08006854   0x00000028   Code   RO         1600    i.__NVIC_SetPriority  stm32f1xx_hal_cortex.o
    0x0800687c   0x0800687c   0x000000aa   Code   RO         6312    i.__kernel_poly     m_ws.l(poly.o)
    0x08006926   0x08006926   0x00000006   Code   RO         6281    i.__mathlib_dbl_infnan  m_ws.l(dunder.o)
    0x0800692c   0x0800692c   0x0000000c   Code   RO         6283    i.__mathlib_dbl_invalid  m_ws.l(dunder.o)
    0x08006938   0x08006938   0x00000010   Code   RO         6286    i.__mathlib_dbl_underflow  m_ws.l(dunder.o)
    0x08006948   0x08006948   0x00000004   Code   RO         6300    i.__mathlib_flt_infnan2  m_ws.l(funder.o)
    0x0800694c   0x0800694c   0x0000000a   Code   RO         6304    i.__mathlib_flt_underflow  m_ws.l(funder.o)
    0x08006956   0x08006956   0x0000000e   Code   RO         6373    i.__scatterload_copy  mc_w.l(handlers.o)
    0x08006964   0x08006964   0x00000002   Code   RO         6374    i.__scatterload_null  mc_w.l(handlers.o)
    0x08006966   0x08006966   0x0000000e   Code   RO         6375    i.__scatterload_zeroinit  mc_w.l(handlers.o)
    0x08006974   0x08006974   0x0000000c   Code   RO         6349    i.__set_errno       mc_w.l(errno.o)
    0x08006980   0x08006980   0x00000184   Code   RO         6221    i._fp_digits        mc_w.l(printfa.o)
    0x08006b04   0x08006b04   0x000006b4   Code   RO         6222    i._printf_core      mc_w.l(printfa.o)
    0x080071b8   0x080071b8   0x00000024   Code   RO         6223    i._printf_post_padding  mc_w.l(printfa.o)
    0x080071dc   0x080071dc   0x0000002e   Code   RO         6224    i._printf_pre_padding  mc_w.l(printfa.o)
    0x0800720a   0x0800720a   0x00000002   PAD
    0x0800720c   0x0800720c   0x00000270   Code   RO         5947    i.asin              m_ws.l(asin.o)
    0x0800747c   0x0800747c   0x000002a4   Code   RO         5957    i.atan2f            m_ws.l(atan2f.o)
    0x08007720   0x08007720   0x000000c4   Code   RO         5058    i.communicationTask  app_task.o
    0x080077e4   0x080077e4   0x000000d0   Code   RO         5059    i.flightTask        app_task.o
    0x080078b4   0x080078b4   0x0000001c   Code   RO         3864    i.fputc             com_debug.o
    0x080078d0   0x080078d0   0x00000194   Code   RO         5060    i.ledTask           app_task.o
    0x08007a64   0x08007a64   0x00000034   Code   RO           15    i.main              main.o
    0x08007a98   0x08007a98   0x000000fc   Code   RO         5061    i.powerTask         app_task.o
    0x08007b94   0x08007b94   0x000000c0   Code   RO         4667    i.prvAddCurrentTaskToDelayedList  tasks.o
    0x08007c54   0x08007c54   0x000000ec   Code   RO         4668    i.prvAddNewTaskToReadyList  tasks.o
    0x08007d40   0x08007d40   0x00000048   Code   RO         4669    i.prvCheckTasksWaitingTermination  tasks.o
    0x08007d88   0x08007d88   0x00000012   Code   RO         4670    i.prvDeleteTCB      tasks.o
    0x08007d9a   0x08007d9a   0x00000002   PAD
    0x08007d9c   0x08007d9c   0x00000070   Code   RO         4115    i.prvHeapInit       heap_4.o
    0x08007e0c   0x08007e0c   0x00000028   Code   RO         4671    i.prvIdleTask       tasks.o
    0x08007e34   0x08007e34   0x00000086   Code   RO         4672    i.prvInitialiseNewTask  tasks.o
    0x08007eba   0x08007eba   0x00000002   PAD
    0x08007ebc   0x08007ebc   0x00000068   Code   RO         4673    i.prvInitialiseTaskLists  tasks.o
    0x08007f24   0x08007f24   0x00000068   Code   RO         4116    i.prvInsertBlockIntoFreeList  heap_4.o
    0x08007f8c   0x08007f8c   0x00000030   Code   RO         4675    i.prvResetNextTaskUnblockTime  tasks.o
    0x08007fbc   0x08007fbc   0x00000016   Code   RO         4045    i.prvTaskExitError  port.o
    0x08007fd2   0x08007fd2   0x00000002   PAD
    0x08007fd4   0x08007fd4   0x000000e4   Code   RO         4118    i.pvPortMalloc      heap_4.o
    0x080080b8   0x080080b8   0x00000024   Code   RO         4046    i.pxPortInitialiseStack  port.o
    0x080080dc   0x080080dc   0x0000004c   Code   RO         6315    i.sqrt              m_ws.l(sqrt.o)
    0x08008128   0x08008128   0x00000154   Code   RO         5062    i.startTask         app_task.o
    0x0800827c   0x0800827c   0x00000088   Code   RO         4680    i.ulTaskGenericNotifyTake  tasks.o
    0x08008304   0x08008304   0x00000028   Code   RO         4295    i.uxListRemove      list.o
    0x0800832c   0x0800832c   0x0000001a   Code   RO         4296    i.vListInitialise   list.o
    0x08008346   0x08008346   0x00000006   Code   RO         4297    i.vListInitialiseItem  list.o
    0x0800834c   0x0800834c   0x00000034   Code   RO         4298    i.vListInsert       list.o
    0x08008380   0x08008380   0x00000018   Code   RO         4299    i.vListInsertEnd    list.o
    0x08008398   0x08008398   0x00000024   Code   RO         4048    i.vPortEnterCritical  port.o
    0x080083bc   0x080083bc   0x00000020   Code   RO         4049    i.vPortExitCritical  port.o
    0x080083dc   0x080083dc   0x0000004c   Code   RO         4119    i.vPortFree         heap_4.o
    0x08008428   0x08008428   0x00000018   Code   RO         4050    i.vPortSetupTimerInterrupt  port.o
    0x08008440   0x08008440   0x00000034   Code   RO         4688    i.vTaskDelay        tasks.o
    0x08008474   0x08008474   0x000000d4   Code   RO         4689    i.vTaskDelete       tasks.o
    0x08008548   0x08008548   0x0000006c   Code   RO         4704    i.vTaskStartScheduler  tasks.o
    0x080085b4   0x080085b4   0x00000010   Code   RO         4706    i.vTaskSuspendAll   tasks.o
    0x080085c4   0x080085c4   0x00000060   Code   RO         4707    i.vTaskSwitchContext  tasks.o
    0x08008624   0x08008624   0x00000034   Code   RO         4051    i.xPortStartScheduler  port.o
    0x08008658   0x08008658   0x00000034   Code   RO         4052    i.xPortSysTickHandler  port.o
    0x0800868c   0x0800868c   0x00000068   Code   RO         4710    i.xTaskCreate       tasks.o
    0x080086f4   0x080086f4   0x00000074   Code   RO         4711    i.xTaskDelayUntil   tasks.o
    0x08008768   0x08008768   0x0000014c   Code   RO         4712    i.xTaskGenericNotify  tasks.o
    0x080088b4   0x080088b4   0x00000020   Code   RO         4717    i.xTaskGetSchedulerState  tasks.o
    0x080088d4   0x080088d4   0x0000000c   Code   RO         4718    i.xTaskGetTickCount  tasks.o
    0x080088e0   0x080088e0   0x00000190   Code   RO         4720    i.xTaskIncrementTick  tasks.o
    0x08008a70   0x08008a70   0x0000015c   Code   RO         4724    i.xTaskResumeAll    tasks.o
    0x08008bcc   0x08008bcc   0x00000012   Data   RO         1293    .constdata          stm32f1xx_hal_rcc.o
    0x08008bde   0x08008bde   0x00000018   Data   RO         3793    .constdata          system_stm32f1xx.o
    0x08008bf6   0x08008bf6   0x00000073   Data   RO         5706    .constdata          vl53l1x_api.o
    0x08008c69   0x08008c69   0x00000007   PAD
    0x08008c70   0x08008c70   0x00000050   Data   RO         5948    .constdata          m_ws.l(asin.o)
    0x08008cc0   0x08008cc0   0x00000020   Data   RO         6371    Region$$Table       anon$$obj.o


    Execution Region RW_IRAM1 (Exec base: 0x20000000, Load base: 0x08008ce0, Size: 0x00004128, Max: 0x00005000, ABSOLUTE, COMPRESSED[0x0000008c])

    Exec Addr    Load Addr    Size         Type   Attr      Idx    E Section Name        Object

    0x20000000   COMPRESSED   0x00000009   Data   RW         1129    .data               stm32f1xx_hal.o
    0x20000009   COMPRESSED   0x00000003   PAD
    0x2000000c   COMPRESSED   0x00000004   Data   RW         3794    .data               system_stm32f1xx.o
    0x20000010   COMPRESSED   0x0000001c   Data   RW         3829    .data               com_config.o
    0x2000002c   COMPRESSED   0x00000048   Data   RW         3898    .data               com_filter.o
    0x20000074   COMPRESSED   0x00000004   PAD
    0x20000078   COMPRESSED   0x00000030   Data   RW         3972    .data               com_imu.o
    0x200000a8   COMPRESSED   0x00000004   Data   RW         4053    .data               port.o
    0x200000ac   COMPRESSED   0x0000001c   Data   RW         4125    .data               heap_4.o
    0x200000c8   COMPRESSED   0x00000040   Data   RW         4727    .data               tasks.o
    0x20000108   COMPRESSED   0x00000015   Data   RW         5063    .data               app_task.o
    0x2000011d   COMPRESSED   0x00000003   PAD
    0x20000120   COMPRESSED   0x00000135   Data   RW         5126    .data               app_flight.o
    0x20000255   COMPRESSED   0x00000003   PAD
    0x20000258   COMPRESSED   0x00000008   Data   RW         5199    .data               app_communication.o
    0x20000260   COMPRESSED   0x0000000c   Data   RW         5355    .data               inf_si24r1.o
    0x2000026c   COMPRESSED   0x00000002   Data   RW         5509    .data               inf_vl53lx1.o
    0x2000026e   COMPRESSED   0x00000002   PAD
    0x20000270   COMPRESSED   0x00000004   Data   RW         6338    .data               mc_w.l(stdout.o)
    0x20000274   COMPRESSED   0x00000004   Data   RW         6350    .data               mc_w.l(errno.o)
    0x20000278        -       0x000000a8   Zero   RW          292    .bss                i2c.o
    0x20000320        -       0x00000058   Zero   RW          340    .bss                spi.o
    0x20000378        -       0x00000120   Zero   RW          391    .bss                tim.o
    0x20000498        -       0x00000048   Zero   RW          453    .bss                usart.o
    0x200004e0        -       0x00000024   Zero   RW         3828    .bss                com_config.o
    0x20000504        -       0x0000000c   Zero   RW         3971    .bss                com_imu.o
    0x20000510        -       0x00003000   Zero   RW         4124    .bss                heap_4.o
    0x20003510        -       0x000002e4   Zero   RW         4726    .bss                tasks.o
    0x200037f4        -       0x00000024   Zero   RW         5354    .bss                inf_si24r1.o
    0x20003818        -       0x0000000c   Zero   RW         5434    .bss                inf_mpu6050.o
    0x20003824        -       0x00000100   Zero   RW         5554    .bss                vl53l1_platform.o
    0x20003924   COMPRESSED   0x00000004   PAD
    0x20003928        -       0x00000800   Zero   RW            1    STACK               startup_stm32f103xb.o


==============================================================================

Image component sizes


      Code (inc. data)   RO Data    RW Data    ZI Data      Debug   Object Name

       944        274          0          8          0       2787   app_communication.o
      2004        436          0        309          0       6544   app_flight.o
      1712        688          0         21          0       3969   app_task.o
         0          0          0         28         36       2211   com_config.o
        30          6          0          0          0        938   com_debug.o
       258         14          0         72          0       2240   com_filter.o
      2008         50          0         48         12       2941   com_imu.o
       126          0          0          0          0       1414   com_pid.o
       304         14          0          0          0       1003   gpio.o
       520         58          0         28      12288       7115   heap_4.o
       328         42          0          0        168       2162   i2c.o
        64          6          0          0          0       1335   inf_ip5305t.o
       160         10          0          0          0        856   inf_led.o
       256         66          0          0          0       1764   inf_motor.o
      1080        192          0          0         12       5202   inf_mpu6050.o
       484         40          0         12         36       5116   inf_si24r1.o
       148         24          0          2          0       1063   inf_vl53lx1.o
       148          0          0          0          0       3178   list.o
       160          0          0          0          0     461319   main.o
       404         48          0          4          0       9100   port.o
       232         24          0          0         88       2111   spi.o
        36          8        236          0       2048        792   startup_stm32f103xb.o
       192         36          0          9          0       5809   stm32f1xx_hal.o
       272         22          0          0          0      28690   stm32f1xx_hal_cortex.o
       832         34          0          0          0       3249   stm32f1xx_hal_gpio.o
      4856         88          0          0          0      15941   stm32f1xx_hal_i2c.o
        84          8          0          0          0        874   stm32f1xx_hal_msp.o
      1748         98         18          0          0       5888   stm32f1xx_hal_rcc.o
      1022          6          0          0          0       4425   stm32f1xx_hal_spi.o
      1590         46          0          0          0      11734   stm32f1xx_hal_tim.o
       248         14          0          0          0       2096   stm32f1xx_hal_tim_ex.o
       694          4          0          0          0       3716   stm32f1xx_hal_uart.o
        42          0          0          0          0       3019   stm32f1xx_it.o
         2          0         24          4          0       1091   system_stm32f1xx.o
      2808        356          0         64        740      30451   tasks.o
      1164         76          0          0        288       4747   tim.o
       188         22          0          0         72       1622   usart.o
       424         36          0          0        256       9021   vl53l1_platform.o
      1324         10        115          0          0       9308   vl53l1x_api.o

    ----------------------------------------------------------------------
     28928       2856        432        624      16048     666841   Object Totals
         0          0         32          0          0          0   (incl. Generated)
        32          0          7         15          4          0   (incl. Padding)

    ----------------------------------------------------------------------

      Code (inc. data)   RO Data    RW Data    ZI Data      Debug   Library Member Name

       624         52         80          0          0        168   asin.o
       676         78          0          0          0        116   atan2f.o
        34          6          0          0          0        204   dunder.o
        40          0          0          0          0         68   fpclassify.o
        38          0          0          0          0         68   fpclassifyf.o
        14          0          0          0          0        136   funder.o
       170          0          0          0          0         96   poly.o
        76          0          0          0          0         84   sqrt.o
        86          0          0          0          0          0   __dczerorl2.o
         0          0          0          0          0          0   entry.o
         0          0          0          0          0          0   entry10a.o
         0          0          0          0          0          0   entry11a.o
         4          0          0          0          0          0   entry12b.o
         8          4          0          0          0          0   entry2.o
         4          0          0          0          0          0   entry5.o
         0          0          0          0          0          0   entry7b.o
         0          0          0          0          0          0   entry8b.o
         8          4          0          0          0          0   entry9a.o
        12          6          0          4          0         68   errno.o
        30          0          0          0          0          0   handlers.o
        36          8          0          0          0         68   init.o
         0          0          0          0          0          0   iusefp.o
        30          0          0          0          0         68   llshl.o
        36          0          0          0          0         68   llsshr.o
        32          0          0          0          0         68   llushr.o
        36          0          0          0          0        108   memseta.o
      2218         90          0          0          0        464   printfa.o
         0          0          0          4          0          0   stdout.o
        22          0          0          0          0         68   strrchr.o
        44          0          0          0          0         80   uidiv.o
        98          0          0          0          0         92   uldiv.o
        48          0          0          0          0         68   cdcmple.o
        48          0          0          0          0         68   cdrcmple.o
        20          0          0          0          0         68   cfcmple.o
        20          0          0          0          0         68   cfrcmple.o
        56          0          0          0          0         88   d2f.o
       334          0          0          0          0        148   dadd.o
       222          0          0          0          0        100   ddiv.o
       186          0          0          0          0        176   depilogue.o
        62          0          0          0          0         80   dfixi.o
        50          0          0          0          0         76   dfixui.o
        48          0          0          0          0         68   dfixul.o
        34          0          0          0          0         76   dflti.o
        26          0          0          0          0         76   dfltui.o
       228          0          0          0          0         96   dmul.o
        46          0          0          0          0         80   dscalb.o
       162          0          0          0          0        100   dsqrt.o
        38          0          0          0          0         68   f2d.o
       176          0          0          0          0        140   fadd.o
       124          0          0          0          0         88   fdiv.o
       110          0          0          0          0        168   fepilogue.o
        50          0          0          0          0         68   ffixi.o
        18          0          0          0          0         68   fflti.o
        10          0          0          0          0         68   ffltui.o
       100          0          0          0          0         76   fmul.o
        24          0          0          0          0         68   fscalb.o

    ----------------------------------------------------------------------
      6624        248         80          8          0       4340   Library Totals
         8          0          0          0          0          0   (incl. Padding)

    ----------------------------------------------------------------------

      Code (inc. data)   RO Data    RW Data    ZI Data      Debug   Library Name

      1672        136         80          0          0        940   m_ws.l
      2704        112          0          8          0       1152   mc_w.l
      2240          0          0          0          0       2248   mf_w.l

    ----------------------------------------------------------------------
      6624        248         80          8          0       4340   Library Totals

    ----------------------------------------------------------------------

==============================================================================


      Code (inc. data)   RO Data    RW Data    ZI Data      Debug   

     35552       3104        512        632      16048     658933   Grand Totals
     35552       3104        512        140      16048     658933   ELF Image Totals (compressed)
     35552       3104        512        140          0          0   ROM Totals

==============================================================================

    Total RO  Size (Code + RO Data)                36064 (  35.22kB)
    Total RW  Size (RW Data + ZI Data)             16680 (  16.29kB)
    Total ROM Size (Code + RO Data + RW Data)      36204 (  35.36kB)

==============================================================================

